Component: ARM Compiler 5.06 update 5 (build 528) Tool: armlink [4d35e2]

==============================================================================

Section Cross References

    main.o(i.EXTI0_IRQHandler) refers to stm32f10x_exti.o(i.EXTI_GetITStatus) for EXTI_GetITStatus
    main.o(i.EXTI0_IRQHandler) refers to stm32f10x_gpio.o(i.GPIO_ReadInputData) for GPIO_ReadInputData
    main.o(i.EXTI0_IRQHandler) refers to usart_print.o(i._Z12U_Print_CharP13USART_TypeDefPc) for U_Print_Char(USART_TypeDef*, char*)
    main.o(i.EXTI0_IRQHandler) refers to stm32f10x_exti.o(i.EXTI_ClearITPendingBit) for EXTI_ClearITPendingBit
    main.o(i.EXTI1_IRQHandler) refers to stm32f10x_exti.o(i.EXTI_GetITStatus) for EXTI_GetITStatus
    main.o(i.EXTI1_IRQHandler) refers to stm32f10x_gpio.o(i.GPIO_ReadInputData) for GPIO_ReadInputData
    main.o(i.EXTI1_IRQHandler) refers to usart_print.o(i._Z12U_Print_CharP13USART_TypeDefPc) for U_Print_Char(USART_TypeDef*, char*)
    main.o(i.EXTI1_IRQHandler) refers to stm32f10x_exti.o(i.EXTI_ClearITPendingBit) for EXTI_ClearITPendingBit
    main.o(i.EXTI3_IRQHandler) refers to stm32f10x_exti.o(i.EXTI_GetITStatus) for EXTI_GetITStatus
    main.o(i.EXTI3_IRQHandler) refers to stm32f10x_gpio.o(i.GPIO_ReadInputData) for GPIO_ReadInputData
    main.o(i.EXTI3_IRQHandler) refers to usart_print.o(i._Z12U_Print_CharP13USART_TypeDefPc) for U_Print_Char(USART_TypeDef*, char*)
    main.o(i.EXTI3_IRQHandler) refers to stm32f10x_exti.o(i.EXTI_ClearITPendingBit) for EXTI_ClearITPendingBit
    main.o(i.TIM4_IRQHandler) refers to stm32f10x_tim.o(i.TIM_GetITStatus) for TIM_GetITStatus
    main.o(i.TIM4_IRQHandler) refers to stm32f10x_tim.o(i.TIM_ClearITPendingBit) for TIM_ClearITPendingBit
    main.o(i.TIM4_IRQHandler) refers to main.o(.data) for timer
    main.o(i._Z10Print_Biasv) refers to usart_print.o(i._Z13U_Print_floatP13USART_TypeDeff) for U_Print_float(USART_TypeDef*, float)
    main.o(i._Z10Print_Biasv) refers to usart_print.o(i._Z12U_Print_CharP13USART_TypeDefPc) for U_Print_Char(USART_TypeDef*, char*)
    main.o(i._Z10Print_Biasv) refers to main.o(.bss) for accelBias
    main.o(i._Z10led_togglev) refers to stm32f10x_gpio.o(i.GPIO_ReadOutputDataBit) for GPIO_ReadOutputDataBit
    main.o(i._Z10led_togglev) refers to stm32f10x_gpio.o(i.GPIO_ResetBits) for GPIO_ResetBits
    main.o(i._Z10led_togglev) refers to stm32f10x_gpio.o(i.GPIO_SetBits) for GPIO_SetBits
    main.o(i._Z11LowPass_MagP3Mag) refers to mpu9250.o(i.AK8963_turn_on) for AK8963_turn_on
    main.o(i._Z11LowPass_MagP3Mag) refers to mpu9250.o(i.Get_Mag) for Get_Mag
    main.o(i._Z11LowPass_MagP3Mag) refers to f2d.o(x$fpl$f2d) for __aeabi_f2d
    main.o(i._Z11LowPass_MagP3Mag) refers to dmul.o(x$fpl$dmul) for __aeabi_dmul
    main.o(i._Z11LowPass_MagP3Mag) refers to daddsub_clz.o(x$fpl$dadd) for __aeabi_dadd
    main.o(i._Z11LowPass_MagP3Mag) refers to d2f.o(x$fpl$d2f) for __aeabi_d2f
    main.o(i._Z12LowPass_GyroP4Gyro) refers to mpu9250.o(i.Get_Gyro) for Get_Gyro
    main.o(i._Z12LowPass_GyroP4Gyro) refers to f2d.o(x$fpl$f2d) for __aeabi_f2d
    main.o(i._Z12LowPass_GyroP4Gyro) refers to dmul.o(x$fpl$dmul) for __aeabi_dmul
    main.o(i._Z12LowPass_GyroP4Gyro) refers to daddsub_clz.o(x$fpl$dadd) for __aeabi_dadd
    main.o(i._Z12LowPass_GyroP4Gyro) refers to d2f.o(x$fpl$d2f) for __aeabi_d2f
    main.o(i._Z13LowPass_AccelP5Accel) refers to mpu9250.o(i.Get_Accel) for Get_Accel
    main.o(i._Z13LowPass_AccelP5Accel) refers to f2d.o(x$fpl$f2d) for __aeabi_f2d
    main.o(i._Z13LowPass_AccelP5Accel) refers to dmul.o(x$fpl$dmul) for __aeabi_dmul
    main.o(i._Z13LowPass_AccelP5Accel) refers to daddsub_clz.o(x$fpl$dadd) for __aeabi_dadd
    main.o(i._Z13LowPass_AccelP5Accel) refers to d2f.o(x$fpl$d2f) for __aeabi_d2f
    main.o(i._Z13LowPass_AccelP5Accel) refers to faddsub_clz.o(x$fpl$fsub) for __aeabi_fsub
    main.o(i._Z13LowPass_AccelP5Accel) refers to main.o(.bss) for accelBias
    main.o(i._Z13kalman_updateP6kalmanf) refers to faddsub_clz.o(x$fpl$fsub) for __aeabi_fsub
    main.o(i._Z13kalman_updateP6kalmanf) refers to faddsub_clz.o(x$fpl$fadd) for __aeabi_fadd
    main.o(i._Z13kalman_updateP6kalmanf) refers to fdiv.o(x$fpl$fdiv) for __aeabi_fdiv
    main.o(i._Z13kalman_updateP6kalmanf) refers to fmul.o(x$fpl$fmul) for __aeabi_fmul
    main.o(i._Z13kalman_updateP6kalmanf) refers to faddsub_clz.o(x$fpl$frsb) for __aeabi_frsub
    main.o(i._Z13kalman_updateP6kalmanf) refers to main.o(.data) for y
    main.o(i._Z14Interrupt_Initv) refers to stm32f10x_rcc.o(i.RCC_APB2PeriphClockCmd) for RCC_APB2PeriphClockCmd
    main.o(i._Z14Interrupt_Initv) refers to misc.o(i.NVIC_Init) for NVIC_Init
    main.o(i._Z14Interrupt_Initv) refers to stm32f10x_gpio.o(i.GPIO_Init) for GPIO_Init
    main.o(i._Z14Interrupt_Initv) refers to stm32f10x_gpio.o(i.GPIO_EXTILineConfig) for GPIO_EXTILineConfig
    main.o(i._Z14Interrupt_Initv) refers to stm32f10x_exti.o(i.EXTI_Init) for EXTI_Init
[...]
    CL$$btod_d2e_denorm_low                  0x08001002   Section       70  btod.o(CL$$btod_d2e_denorm_low)
    CL$$btod_d2e_norm_op1                    0x08001048   Section       96  btod.o(CL$$btod_d2e_norm_op1)
    CL$$btod_div_common                      0x080010a8   Section      824  btod.o(CL$$btod_div_common)
    CL$$btod_e2e                             0x080013e0   Section      220  btod.o(CL$$btod_e2e)
    CL$$btod_ediv                            0x080014bc   Section       42  btod.o(CL$$btod_ediv)
    CL$$btod_emul                            0x080014e6   Section       42  btod.o(CL$$btod_emul)
    CL$$btod_mult_common                     0x08001510   Section      580  btod.o(CL$$btod_mult_common)
    i.AK8963_turn_on                         0x08001754   Section        0  mpu9250.o(i.AK8963_turn_on)
    i.Check_Connection                       0x0800176c   Section        0  mpu9250.o(i.Check_Connection)
    i.EXTI0_IRQHandler                       0x0800179c   Section        0  main.o(i.EXTI0_IRQHandler)
    i.EXTI1_IRQHandler                       0x080017f0   Section        0  main.o(i.EXTI1_IRQHandler)
    i.EXTI3_IRQHandler                       0x08001848   Section        0  main.o(i.EXTI3_IRQHandler)
    i.EXTI_ClearITPendingBit                 0x08001888   Section        0  stm32f10x_exti.o(i.EXTI_ClearITPendingBit)
    i.EXTI_GetITStatus                       0x08001894   Section        0  stm32f10x_exti.o(i.EXTI_GetITStatus)
    i.EXTI_Init                              0x080018bc   Section        0  stm32f10x_exti.o(i.EXTI_Init)
    i.GPIO_EXTILineConfig                    0x08001950   Section        0  stm32f10x_gpio.o(i.GPIO_EXTILineConfig)
    i.GPIO_Init                              0x08001990   Section        0  stm32f10x_gpio.o(i.GPIO_Init)
    i.GPIO_ReadInputData                     0x08001aa6   Section        0  stm32f10x_gpio.o(i.GPIO_ReadInputData)
    i.GPIO_ReadInputDataBit                  0x08001aae   Section        0  stm32f10x_gpio.o(i.GPIO_ReadInputDataBit)
    i.GPIO_ReadOutputDataBit                 0x08001ac0   Section        0  stm32f10x_gpio.o(i.GPIO_ReadOutputDataBit)
    i.GPIO_ResetBits                         0x08001ad2   Section        0  stm32f10x_gpio.o(i.GPIO_ResetBits)
    i.GPIO_SetBits                           0x08001ad6   Section        0  stm32f10x_gpio.o(i.GPIO_SetBits)
    i.Get_Accel                              0x08001adc   Section        0  mpu9250.o(i.Get_Accel)
    i.Get_Gyro                               0x08001ca0   Section        0  mpu9250.o(i.Get_Gyro)
    i.Get_Mag                                0x08001e60   Section        0  mpu9250.o(i.Get_Mag)
    i.I2C_AcknowledgeConfig                  0x08001f9c   Section        0  stm32f10x_i2c.o(i.I2C_AcknowledgeConfig)
    i.I2C_CheckEvent                         0x08001fb4   Section        0  stm32f10x_i2c.o(i.I2C_CheckEvent)
    i.I2C_Cmd                                0x08001fde   Section        0  stm32f10x_i2c.o(i.I2C_Cmd)
    i.I2C_GenerateSTART                      0x08001ff6   Section        0  stm32f10x_i2c.o(i.I2C_GenerateSTART)
    i.I2C_GenerateSTOP                       0x0800200e   Section        0  stm32f10x_i2c.o(i.I2C_GenerateSTOP)
    i.I2C_GetFlagStatus                      0x08002026   Section        0  stm32f10x_i2c.o(i.I2C_GetFlagStatus)
    i.I2C_Init                               0x08002060   Section        0  stm32f10x_i2c.o(i.I2C_Init)
    i.I2C_ReceiveData                        0x0800214c   Section        0  stm32f10x_i2c.o(i.I2C_ReceiveData)
    i.I2C_Send7bitAddress                    0x08002154   Section        0  stm32f10x_i2c.o(i.I2C_Send7bitAddress)
    i.I2C_SendData                           0x08002166   Section        0  stm32f10x_i2c.o(i.I2C_SendData)
    i.Initialize                             0x0800216a   Section        0  mpu9250.o(i.Initialize)
    i.Initialize_AK8963                      0x080021b8   Section        0  mpu9250.o(i.Initialize_AK8963)
    i.MPU6050_I2C_Init                       0x08002268   Section        0  mpu6050.o(i.MPU6050_I2C_Init)
    i.MPU9250_Reset                          0x080022dc   Section        0  mpu9250.o(i.MPU9250_Reset)
    i.NVIC_Init                              0x080022fc   Section        0  misc.o(i.NVIC_Init)
    i.NVIC_PriorityGroupConfig               0x0800236c   Section        0  misc.o(i.NVIC_PriorityGroupConfig)
    i.RCC_APB1PeriphClockCmd                 0x08002380   Section        0  stm32f10x_rcc.o(i.RCC_APB1PeriphClockCmd)
    i.RCC_APB2PeriphClockCmd                 0x080023a0   Section        0  stm32f10x_rcc.o(i.RCC_APB2PeriphClockCmd)
    i.RCC_GetClocksFreq                      0x080023c0   Section        0  stm32f10x_rcc.o(i.RCC_GetClocksFreq)
    i.SetSysClock                            0x08002494   Section        0  system_stm32f10x.o(i.SetSysClock)
    SetSysClock                              0x08002495   Thumb Code     8  system_stm32f10x.o(i.SetSysClock)
    i.SetSysClockTo72                        0x0800249c   Section        0  system_stm32f10x.o(i.SetSysClockTo72)
    SetSysClockTo72                          0x0800249d   Thumb Code   214  system_stm32f10x.o(i.SetSysClockTo72)
    i.Set_Accel_Range                        0x0800257c   Section        0  mpu9250.o(i.Set_Accel_Range)
    i.Set_Clock                              0x080025f8   Section        0  mpu9250.o(i.Set_Clock)
    i.Set_Gyro_Range                         0x0800262c   Section        0  mpu9250.o(i.Set_Gyro_Range)
    i.SystemInit                             0x08002688   Section        0  system_stm32f10x.o(i.SystemInit)
    i.TIM4_IRQHandler                        0x080026e8   Section        0  main.o(i.TIM4_IRQHandler)
    i.TIM_ClearITPendingBit                  0x08002720   Section        0  stm32f10x_tim.o(i.TIM_ClearITPendingBit)
    i.TIM_Cmd                                0x08002726   Section        0  stm32f10x_tim.o(i.TIM_Cmd)
    i.TIM_GetITStatus                        0x0800273e   Section        0  stm32f10x_tim.o(i.TIM_GetITStatus)
    i.TIM_ITConfig                           0x08002760   Section        0  stm32f10x_tim.o(i.TIM_ITConfig)
    i.TIM_TimeBaseInit                       0x08002774   Section        0  stm32f10x_tim.o(i.TIM_TimeBaseInit)
    i.USART_ClearFlag                        0x08002818   Section        0  stm32f10x_usart.o(i.USART_ClearFlag)
    i.USART_Cmd                              0x0800282a   Section        0  stm32f10x_usart.o(i.USART_Cmd)
    i.USART_GetFlagStatus                    0x08002842   Section        0  stm32f10x_usart.o(i.USART_GetFlagStatus)
    i.USART_ITConfig                         0x0800285c   Section        0  stm32f10x_usart.o(i.USART_ITConfig)
    i.USART_Init                             0x080028a8   Section        0  stm32f10x_usart.o(i.USART_Init)
    i.USART_SendData                         0x08002980   Section        0  stm32f10x_usart.o(i.USART_SendData)
    i._Z10Print_Biasv                        0x08002988   Section        0  main.o(i._Z10Print_Biasv)
    i._Z10Write_Bytehhh                      0x08002a0c   Section        0  mpu9250.o(i._Z10Write_Bytehhh)
    i._Z10led_togglev                        0x08002a98   Section        0  main.o(i._Z10led_togglev)
    i._Z11LowPass_MagP3Mag                   0x08002ac4   Section        0  main.o(i._Z11LowPass_MagP3Mag)
    i._Z11kalman_initP6kalmanfff             0x08002b8c   Section        0  main.o(i._Z11kalman_initP6kalmanfff)
    i._Z12LowPass_GyroP4Gyro                 0x08002bb0   Section        0  main.o(i._Z12LowPass_GyroP4Gyro)
    i._Z12U_Print_CharP13USART_TypeDefPc     0x08002c74   Section        0  usart_print.o(i._Z12U_Print_CharP13USART_TypeDefPc)
    i._Z13LowPass_AccelP5Accel               0x08002ca4   Section        0  main.o(i._Z13LowPass_AccelP5Accel)
    i._Z13U_Print_floatP13USART_TypeDeff     0x08002d90   Section        0  usart_print.o(i._Z13U_Print_floatP13USART_TypeDeff)
    i._Z13kalman_updateP6kalmanf             0x08002df0   Section        0  main.o(i._Z13kalman_updateP6kalmanf)
    i._Z14Interrupt_Initv                    0x08002eb8   Section        0  main.o(i._Z14Interrupt_Initv)
    i._Z14kalman_predictP6kalmanff           0x08002f90   Section        0  main.o(i._Z14kalman_predictP6kalmanff)
    i._Z16Read_data_bufferhhPht              0x0800305c   Section        0  mpu9250.o(i._Z16Read_data_bufferhhPht)
    i._Z16kalman_get_angleP6kalman           0x08003144   Section        0  main.o(i._Z16kalman_get_angleP6kalman)
    i._Z7U_PrintP13USART_TypeDefi            0x0800314c   Section        0  usart_print.o(i._Z7U_PrintP13USART_TypeDefi)
    i._ZSt4acosf                             0x080031a0   Section        0  main.o(i._ZSt4acosf)
    i._ZSt4sqrtf                             0x080031ac   Section        0  main.o(i._ZSt4sqrtf)
    i._ZdlPv                                 0x080031b8   Section        0  delete.o(i._ZdlPv)
    i._Znaj                                  0x080031c0   Section        0  array_new.o(i._Znaj)
    i._Znwj                                  0x080031c8   Section        0  new.o(i._Znwj)
    i.__ARM_fpclassify                       0x080031f0   Section        0  fpclassify.o(i.__ARM_fpclassify)
    i.__ARM_fpclassifyf                      0x08003218   Section        0  fpclassifyf.o(i.__ARM_fpclassifyf)
    i.__mathlib_flt_infnan                   0x0800323e   Section        0  funder.o(i.__mathlib_flt_infnan)
    i.__mathlib_flt_infnan2                  0x08003244   Section        0  funder.o(i.__mathlib_flt_infnan2)
    i.__mathlib_flt_invalid                  0x08003248   Section        0  funder.o(i.__mathlib_flt_invalid)
    i.__mathlib_flt_underflow                0x08003250   Section        0  funder.o(i.__mathlib_flt_underflow)
    i._is_digit                              0x0800325a   Section        0  __printf_wp.o(i._is_digit)
    i.acosf                                  0x08003268   Section        0  acosf.o(i.acosf)
    i.atan2f                                 0x08003384   Section        0  atan2f.o(i.atan2f)
    i.calibrateMPU9250                       0x080035e0   Section        0  mpu9250.o(i.calibrateMPU9250)
    i.delay                                  0x080039fe   Section        0  mpu9250.o(i.delay)
    i.main                                   0x08003a08   Section        0  main.o(i.main)
    i.sqrtf                                  0x08003fd4   Section        0  sqrtf.o(i.sqrtf)
    locale$$code                             0x08004000   Section       44  lc_numeric_c.o(locale$$code)
    x$fpl$d2f                                0x0800402c   Section       98  d2f.o(x$fpl$d2f)
    x$fpl$dadd                               0x08004090   Section      336  daddsub_clz.o(x$fpl$dadd)
    _dadd1                                   0x080040a1   Thumb Code     0  daddsub_clz.o(x$fpl$dadd)
    x$fpl$dcmpinf                            0x080041e0   Section       24  dcmpi.o(x$fpl$dcmpinf)
    x$fpl$dfix                               0x080041f8   Section       94  dfix.o(x$fpl$dfix)
    x$fpl$dleqf                              0x08004258   Section      120  dleqf.o(x$fpl$dleqf)
    x$fpl$dmul                               0x080042d0   Section      340  dmul.o(x$fpl$dmul)
    x$fpl$dnaninf                            0x08004424   Section      156  dnaninf.o(x$fpl$dnaninf)
    x$fpl$dretinf                            0x080044c0   Section       12  dretinf.o(x$fpl$dretinf)
    x$fpl$drleqf                             0x080044cc   Section      108  drleqf.o(x$fpl$drleqf)
    x$fpl$dsub                               0x08004538   Section      468  daddsub_clz.o(x$fpl$dsub)
    _dsub1                                   0x08004549   Thumb Code     0  daddsub_clz.o(x$fpl$dsub)
    x$fpl$f2d                                0x0800470c   Section       86  f2d.o(x$fpl$f2d)
    x$fpl$fadd                               0x08004764   Section      196  faddsub_clz.o(x$fpl$fadd)
    _fadd1                                   0x08004773   Thumb Code     0  faddsub_clz.o(x$fpl$fadd)
    x$fpl$fcheck1                            0x08004828   Section       12  fcheck1.o(x$fpl$fcheck1)
    x$fpl$fcmpinf                            0x08004834   Section       24  fcmpi.o(x$fpl$fcmpinf)
    x$fpl$fdiv                               0x0800484c   Section      388  fdiv.o(x$fpl$fdiv)
    _fdiv1                                   0x0800484d   Thumb Code     0  fdiv.o(x$fpl$fdiv)
    x$fpl$fflt                               0x080049d0   Section       48  fflt_clz.o(x$fpl$fflt)
    x$fpl$ffltu                              0x08004a00   Section       38  fflt_clz.o(x$fpl$ffltu)
    x$fpl$fleqf                              0x08004a28   Section      104  fleqf.o(x$fpl$fleqf)
    x$fpl$fmul                               0x08004a90   Section      258  fmul.o(x$fpl$fmul)
    x$fpl$fnaninf                            0x08004b92   Section      140  fnaninf.o(x$fpl$fnaninf)
    x$fpl$fretinf                            0x08004c1e   Section       10  fretinf.o(x$fpl$fretinf)
    x$fpl$frsb                               0x08004c28   Section       20  faddsub_clz.o(x$fpl$frsb)
    x$fpl$fsqrt                              0x08004c3c   Section      272  fsqrt.o(x$fpl$fsqrt)
    x$fpl$fsub                               0x08004d4c   Section      234  faddsub_clz.o(x$fpl$fsub)
    _fsub1                                   0x08004d5b   Thumb Code     0  faddsub_clz.o(x$fpl$fsub)
    x$fpl$printf1                            0x08004e36   Section        4  printf1.o(x$fpl$printf1)
    x$fpl$retnan                             0x08004e3a   Section      100  retnan.o(x$fpl$retnan)
    x$fpl$scalbnf                            0x08004e9e   Section       76  scalbnf.o(x$fpl$scalbnf)
    x$fpl$trapveneer                         0x08004eea   Section       48  trapv.o(x$fpl$trapveneer)
    .constdata                               0x08004f1a   Section       17  __printf_flags_wp.o(.constdata)
    x$fpl$usenofp                            0x08004f1a   Section        0  usenofp.o(x$fpl$usenofp)
    maptable                                 0x08004f1a   Data          17  __printf_flags_wp.o(.constdata)
    .constdata                               0x08004f2c   Section      148  bigflt0.o(.constdata)
    tenpwrs_x                                0x08004f2c   Data          60  bigflt0.o(.constdata)
    tenpwrs_i                                0x08004f68   Data          64  bigflt0.o(.constdata)
    locale$$data                             0x08004fe0   Section       28  lc_numeric_c.o(locale$$data)
    __lcnum_c_name                           0x08004fe4   Data           2  lc_numeric_c.o(locale$$data)
    __lcnum_c_start                          0x08004fec   Data           0  lc_numeric_c.o(locale$$data)
    __lcnum_c_point                          0x08004ff8   Data           0  lc_numeric_c.o(locale$$data)
    __lcnum_c_thousands                      0x08004ffa   Data           0  lc_numeric_c.o(locale$$data)
    __lcnum_c_grouping                       0x08004ffb   Data           0  lc_numeric_c.o(locale$$data)
    __lcnum_c_end                            0x08004ffc   Data           0  lc_numeric_c.o(locale$$data)
    .data                                    0x20000000   Section       44  main.o(.data)
    gyro_rate_unbiased                       0x20000008   Data           4  main.o(.data)
    Pdot_00                                  0x2000000c   Data           4  main.o(.data)
    Pdot_01                                  0x20000010   Data           4  main.o(.data)
    Pdot_10                                  0x20000014   Data           4  main.o(.data)
    Pdot_11                                  0x20000018   Data           4  main.o(.data)
    y                                        0x2000001c   Data           4  main.o(.data)
    S                                        0x20000020   Data           4  main.o(.data)
    K_0                                      0x20000024   Data           4  main.o(.data)
    K_1                                      0x20000028   Data           4  main.o(.data)
    .data                                    0x2000002c   Section       20  stm32f10x_rcc.o(.data)
    APBAHBPrescTable                         0x2000002c   Data          16  stm32f10x_rcc.o(.data)
    ADCPrescTable                            0x2000003c   Data           4  stm32f10x_rcc.o(.data)
    .data                                    0x20000040   Section        3  mpu9250.o(.data)
    .bss                                     0x20000044   Section       48  main.o(.bss)
    .bss                                     0x20000074   Section       96  libspace.o(.bss)
    HEAP                                     0x200000d8   Section      512  startup_stm32f10x_md.o(HEAP)
    Heap_Mem                                 0x200000d8   Data         512  startup_stm32f10x_md.o(HEAP)
    STACK                                    0x200002d8   Section     1024  startup_stm32f10x_md.o(STACK)
    Stack_Mem                                0x200002d8   Data        1024  startup_stm32f10x_md.o(STACK)
    __initial_sp                             0x200006d8   Data           0  startup_stm32f10x_md.o(STACK)

    Global Symbols

    Symbol Name                              Value     Ov Type        Size  Object(Section)

    BuildAttributes$$THM_ISAv4$P$D$K$B$S$PE$A:L22UL41UL21$X:L11$S22US41US21$IEEE1$IW$USESV6$~STKCKD$USESV7$~SHL$OTIME$ROPI$IEEEX$EBA8$UX$STANDARDLIB$REQ8$PRES8$EABIv2 0x00000000   Number         0  anon$$obj.o ABSOLUTE
    __ARM_use_no_argv                        0x00000000   Number         0  main.o ABSOLUTE
    _printf_flags                            0x00000000   Number         0  printf_stubs.o ABSOLUTE
    _printf_return_value                     0x00000000   Number         0  printf_stubs.o ABSOLUTE
    _printf_sizespec                         0x00000000   Number         0  printf_stubs.o ABSOLUTE
    _printf_widthprec                        0x00000000   Number         0  printf_stubs.o ABSOLUTE
    SHT$$ARM_EXIDX$$Base                      - Undefined Reference
    SHT$$ARM_EXIDX$$Limit                     - Undefined Reference
    __ARM::default_unexpected_handler()       - Undefined Weak Reference
    __ARM_exceptions_buffer_required          - Undefined Weak Reference
    __ARM_exceptions_init                     - Undefined Weak Reference
    __aeabi_unwind_cpp_pr1                    - Undefined Weak Reference
    __aeabi_unwind_cpp_pr2                    - Undefined Weak Reference
    __alloca_initialize                       - Undefined Weak Reference
    __arm_preinit_                            - Undefined Weak Reference
    __cpp_initialize__aeabi_                  - Undefined Weak Reference
    __cxa_begin_cleanup                       - Undefined Weak Reference
    __cxa_finalize                            - Undefined Weak Reference
    __cxa_type_match                          - Undefined Weak Reference
    __sigvec_lookup                           - Undefined Weak Reference
    __user_heap_extent                        - Undefined Weak Reference
    _atexit_init                              - Undefined Weak Reference
    _call_atexit_fns                          - Undefined Weak Reference
    _clock_init                               - Undefined Weak Reference
    _fp_trap_init                             - Undefined Weak Reference
    _fp_trap_shutdown                         - Undefined Weak Reference
    _get_lc_collate                           - Undefined Weak Reference
    _get_lc_ctype                             - Undefined Weak Reference
    _get_lc_monetary                          - Undefined Weak Reference
    _get_lc_time                              - Undefined Weak Reference
    _getenv_init                              - Undefined Weak Reference
    _handle_redirection                       - Undefined Weak Reference
    _initio                                   - Undefined Weak Reference
    _mutex_acquire                            - Undefined Weak Reference
    _mutex_free                               - Undefined Weak Reference
    _mutex_release                            - Undefined Weak Reference
    _printf_truncate_signed                   - Undefined Weak Reference
    _printf_truncate_unsigned                 - Undefined Weak Reference
    _rand_init                                - Undefined Weak Reference
    _signal_finish                            - Undefined Weak Reference
    _signal_init                              - Undefined Weak Reference
    _terminateio                              - Undefined Weak Reference
    __Vectors_Size                           0x000000ec   Number         0  startup_stm32f10x_md.o ABSOLUTE
    __Vectors                                0x08000000   Data           4  startup_stm32f10x_md.o(RESET)
    __Vectors_End                            0x080000ec   Data           0  startup_stm32f10x_md.o(RESET)
    __main                                   0x080000ed   Thumb Code     8  __main.o(!!!main)
    __scatterload                            0x080000f5   Thumb Code     0  __scatter.o(!!!scatter)
    __scatterload_rt2                        0x080000f5   Thumb Code    44  __scatter.o(!!!scatter)
    __scatterload_rt2_thumb_only             0x080000f5   Thumb Code     0  __scatter.o(!!!scatter)
    __scatterload_null                       0x08000103   Thumb Code     0  __scatter.o(!!!scatter)
    __scatterload_copy                       0x08000129   Thumb Code    26  __scatter_copy.o(!!handler_copy)
    __scatterload_zeroinit                   0x08000145   Thumb Code    28  __scatter_zi.o(!!handler_zi)
    _printf_f                                0x08000161   Thumb Code     0  _printf_f.o(.ARM.Collect$$_printf_percent$$00000003)
    _printf_percent                          0x08000161   Thumb Code     0  _printf_percent.o(.ARM.Collect$$_printf_percent$$00000000)
    _printf_d                                0x08000167   Thumb Code     0  _printf_d.o(.ARM.Collect$$_printf_percent$$00000009)
    _printf_percent_end                      0x0800016d   Thumb Code     0  _printf_percent_end.o(.ARM.Collect$$_printf_percent$$00000017)
    __rt_lib_init                            0x08000171   Thumb Code     0  libinit.o(.ARM.Collect$$libinit$$00000000)
    __rt_lib_init_fp_1                       0x08000173   Thumb Code     0  libinit2.o(.ARM.Collect$$libinit$$00000002)
    __rt_lib_init_heap_2                     0x08000173   Thumb Code     0  libinit2.o(.ARM.Collect$$libinit$$00000005)
    __rt_lib_init_preinit_1                  0x08000173   Thumb Code     0  libinit2.o(.ARM.Collect$$libinit$$00000004)
    __rt_lib_init_heap_1                     0x0800017b   Thumb Code     0  libinit2.o(.ARM.Collect$$libinit$$0000000A)
    __rt_lib_init_lc_common                  0x0800017b   Thumb Code     0  libinit2.o(.ARM.Collect$$libinit$$0000000F)
    __rt_lib_init_rand_1                     0x0800017b   Thumb Code     0  libinit2.o(.ARM.Collect$$libinit$$0000000E)
    __rt_lib_init_user_alloc_1               0x0800017b   Thumb Code     0  libinit2.o(.ARM.Collect$$libinit$$0000000C)
    __rt_lib_init_lc_collate_1               0x08000181   Thumb Code     0  libinit2.o(.ARM.Collect$$libinit$$00000011)
    __rt_lib_init_lc_ctype_1                 0x08000181   Thumb Code     0  libinit2.o(.ARM.Collect$$libinit$$00000013)
    __rt_lib_init_lc_monetary_1              0x08000181   Thumb Code     0  libinit2.o(.ARM.Collect$$libinit$$00000015)
    __rt_lib_init_lc_numeric_2               0x08000181   Thumb Code     0  libinit2.o(.ARM.Collect$$libinit$$00000016)
    __rt_lib_init_alloca_1                   0x0800018b   Thumb Code     0  libinit2.o(.ARM.Collect$$libinit$$0000002E)
    __rt_lib_init_argv_1                     0x0800018b   Thumb Code     0  libinit2.o(.ARM.Collect$$libinit$$0000002C)
    __rt_lib_init_atexit_1                   0x0800018b   Thumb Code     0  libinit2.o(.ARM.Collect$$libinit$$0000001B)
    __rt_lib_init_clock_1                    0x0800018b   Thumb Code     0  libinit2.o(.ARM.Collect$$libinit$$00000021)
    __rt_lib_init_cpp_1                      0x0800018b   Thumb Code     0  libinit2.o(.ARM.Collect$$libinit$$00000032)
    __rt_lib_init_exceptions_1               0x0800018b   Thumb Code     0  libinit2.o(.ARM.Collect$$libinit$$00000030)
    __rt_lib_init_fp_trap_1                  0x0800018b   Thumb Code     0  libinit2.o(.ARM.Collect$$libinit$$0000001F)
    __rt_lib_init_getenv_1                   0x0800018b   Thumb Code     0  libinit2.o(.ARM.Collect$$libinit$$00000023)
    __rt_lib_init_lc_numeric_1               0x0800018b   Thumb Code     0  libinit2.o(.ARM.Collect$$libinit$$00000017)
    __rt_lib_init_lc_time_1                  0x0800018b   Thumb Code     0  libinit2.o(.ARM.Collect$$libinit$$00000019)
    __rt_lib_init_return                     0x0800018b   Thumb Code     0  libinit2.o(.ARM.Collect$$libinit$$00000033)
    __rt_lib_init_signal_1                   0x0800018b   Thumb Code     0  libinit2.o(.ARM.Collect$$libinit$$0000001D)
    __rt_lib_init_stdio_1                    0x0800018b   Thumb Code     0  libinit2.o(.ARM.Collect$$libinit$$00000025)
    __rt_lib_shutdown                        0x0800018d   Thumb Code     0  libshutdown.o(.ARM.Collect$$libshutdown$$00000000)
    __rt_lib_shutdown_cpp_1                  0x0800018f   Thumb Code     0  libshutdown2.o(.ARM.Collect$$libshutdown$$00000002)
    __rt_lib_shutdown_fp_trap_1              0x0800018f   Thumb Code     0  libshutdown2.o(.ARM.Collect$$libshutdown$$00000007)
    __rt_lib_shutdown_heap_1                 0x0800018f   Thumb Code     0  libshutdown2.o(.ARM.Collect$$libshutdown$$0000000F)
    __rt_lib_shutdown_return                 0x0800018f   Thumb Code     0  libshutdown2.o(.ARM.Collect$$libshutdown$$00000010)
    __rt_lib_shutdown_signal_1               0x0800018f   Thumb Code     0  libshutdown2.o(.ARM.Collect$$libshutdown$$0000000A)
    __rt_lib_shutdown_stdio_1                0x0800018f   Thumb Code     0  libshutdown2.o(.ARM.Collect$$libshutdown$$00000004)
    __rt_lib_shutdown_user_alloc_1           0x0800018f   Thumb Code     0  libshutdown2.o(.ARM.Collect$$libshutdown$$0000000C)
    __rt_entry                               0x08000191   Thumb Code     0  __rtentry.o(.ARM.Collect$$rtentry$$00000000)
    __rt_entry_presh_1                       0x08000191   Thumb Code     0  __rtentry2.o(.ARM.Collect$$rtentry$$00000002)
    __rt_entry_sh                            0x08000191   Thumb Code     0  __rtentry4.o(.ARM.Collect$$rtentry$$00000004)
    __rt_entry_li                            0x08000197   Thumb Code     0  __rtentry2.o(.ARM.Collect$$rtentry$$0000000A)
    __rt_entry_postsh_1                      0x08000197   Thumb Code     0  __rtentry2.o(.ARM.Collect$$rtentry$$00000009)
    __rt_entry_main                          0x0800019b   Thumb Code     0  __rtentry2.o(.ARM.Collect$$rtentry$$0000000D)
    __rt_entry_postli_1                      0x0800019b   Thumb Code     0  __rtentry2.o(.ARM.Collect$$rtentry$$0000000C)
    __rt_exit                                0x080001a3   Thumb Code     0  rtexit.o(.ARM.Collect$$rtexit$$00000000)
    __rt_exit_ls                             0x080001a5   Thumb Code     0  rtexit2.o(.ARM.Collect$$rtexit$$00000003)
    __rt_exit_prels_1                        0x080001a5   Thumb Code     0  rtexit2.o(.ARM.Collect$$rtexit$$00000002)
    __rt_exit_exit                           0x080001a9   Thumb Code     0  rtexit2.o(.ARM.Collect$$rtexit$$00000004)
    Reset_Handler                            0x080001b1   Thumb Code     8  startup_stm32f10x_md.o(.text)
    _maybe_terminate_alloc                   0x080001b1   Thumb Code     0  maybetermalloc1.o(.emb_text)
    NMI_Handler                              0x080001b9   Thumb Code     2  startup_stm32f10x_md.o(.text)
    HardFault_Handler                        0x080001bb   Thumb Code     2  startup_stm32f10x_md.o(.text)
    MemManage_Handler                        0x080001bd   Thumb Code     2  startup_stm32f10x_md.o(.text)
    BusFault_Handler                         0x080001bf   Thumb Code     2  startup_stm32f10x_md.o(.text)
    UsageFault_Handler                       0x080001c1   Thumb Code     2  startup_stm32f10x_md.o(.text)
    SVC_Handler                              0x080001c3   Thumb Code     2  startup_stm32f10x_md.o(.text)
    DebugMon_Handler                         0x080001c5   Thumb Code     2  startup_stm32f10x_md.o(.text)
    PendSV_Handler                           0x080001c7   Thumb Code     2  startup_stm32f10x_md.o(.text)
    SysTick_Handler                          0x080001c9   Thumb Code     2  startup_stm32f10x_md.o(.text)
    ADC1_2_IRQHandler                        0x080001cb   Thumb Code     0  startup_stm32f10x_md.o(.text)
    CAN1_RX1_IRQHandler                      0x080001cb   Thumb Code     0  startup_stm32f10x_md.o(.text)
    CAN1_SCE_IRQHandler                      0x080001cb   Thumb Code     0  startup_stm32f10x_md.o(.text)
    DMA1_Channel1_IRQHandler                 0x080001cb   Thumb Code     0  startup_stm32f10x_md.o(.text)
    DMA1_Channel2_IRQHandler                 0x080001cb   Thumb Code     0  startup_stm32f10x_md.o(.text)
    DMA1_Channel3_IRQHandler                 0x080001cb   Thumb Code     0  startup_stm32f10x_md.o(.text)
    DMA1_Channel4_IRQHandler                 0x080001cb   Thumb Code     0  startup_stm32f10x_md.o(.text)
    DMA1_Channel5_IRQHandler                 0x080001cb   Thumb Code     0  startup_stm32f10x_md.o(.text)
    DMA1_Channel6_IRQHandler                 0x080001cb   Thumb Code     0  startup_stm32f10x_md.o(.text)
    DMA1_Channel7_IRQHandler                 0x080001cb   Thumb Code     0  startup_stm32f10x_md.o(.text)
    EXTI15_10_IRQHandler                     0x080001cb   Thumb Code     0  startup_stm32f10x_md.o(.text)
    EXTI2_IRQHandler                         0x080001cb   Thumb Code     0  startup_stm32f10x_md.o(.text)
    EXTI4_IRQHandler                         0x080001cb   Thumb Code     0  startup_stm32f10x_md.o(.text)
    EXTI9_5_IRQHandler                       0x080001cb   Thumb Code     0  startup_stm32f10x_md.o(.text)
    FLASH_IRQHandler                         0x080001cb   Thumb Code     0  startup_stm32f10x_md.o(.text)
    I2C1_ER_IRQHandler                       0x080001cb   Thumb Code     0  startup_stm32f10x_md.o(.text)
    I2C1_EV_IRQHandler                       0x080001cb   Thumb Code     0  startup_stm32f10x_md.o(.text)
    I2C2_ER_IRQHandler                       0x080001cb   Thumb Code     0  startup_stm32f10x_md.o(.text)
    I2C2_EV_IRQHandler                       0x080001cb   Thumb Code     0  startup_stm32f10x_md.o(.text)
    PVD_IRQHandler                           0x080001cb   Thumb Code     0  startup_stm32f10x_md.o(.text)
    RCC_IRQHandler                           0x080001cb   Thumb Code     0  startup_stm32f10x_md.o(.text)
    RTCAlarm_IRQHandler                      0x080001cb   Thumb Code     0  startup_stm32f10x_md.o(.text)
    RTC_IRQHandler                           0x080001cb   Thumb Code     0  startup_stm32f10x_md.o(.text)
    SPI1_IRQHandler                          0x080001cb   Thumb Code     0  startup_stm32f10x_md.o(.text)
    SPI2_IRQHandler                          0x080001cb   Thumb Code     0  startup_stm32f10x_md.o(.text)
    TAMPER_IRQHandler                        0x080001cb   Thumb Code     0  startup_stm32f10x_md.o(.text)
    TIM1_BRK_IRQHandler                      0x080001cb   Thumb Code     0  startup_stm32f10x_md.o(.text)
    TIM1_CC_IRQHandler                       0x080001cb   Thumb Code     0  startup_stm32f10x_md.o(.text)
    TIM1_TRG_COM_IRQHandler                  0x080001cb   Thumb Code     0  startup_stm32f10x_md.o(.text)
    TIM1_UP_IRQHandler                       0x080001cb   Thumb Code     0  startup_stm32f10x_md.o(.text)
    TIM2_IRQHandler                          0x080001cb   Thumb Code     0  startup_stm32f10x_md.o(.text)
    TIM3_IRQHandler                          0x080001cb   Thumb Code     0  startup_stm32f10x_md.o(.text)
    USART1_IRQHandler                        0x080001cb   Thumb Code     0  startup_stm32f10x_md.o(.text)
    USART2_IRQHandler                        0x080001cb   Thumb Code     0  startup_stm32f10x_md.o(.text)
    USART3_IRQHandler                        0x080001cb   Thumb Code     0  startup_stm32f10x_md.o(.text)
    USBWakeUp_IRQHandler                     0x080001cb   Thumb Code     0  startup_stm32f10x_md.o(.text)
    USB_HP_CAN1_TX_IRQHandler                0x080001cb   Thumb Code     0  startup_stm32f10x_md.o(.text)
    USB_LP_CAN1_RX0_IRQHandler               0x080001cb   Thumb Code     0  startup_stm32f10x_md.o(.text)
    WWDG_IRQHandler                          0x080001cb   Thumb Code     0  startup_stm32f10x_md.o(.text)
    __user_initial_stackheap                 0x080001cd   Thumb Code     0  startup_stm32f10x_md.o(.text)
    __2sprintf                               0x080001f1   Thumb Code    38  __2sprintf.o(.text)
    _printf_pre_padding                      0x0800021d   Thumb Code    44  _printf_pad.o(.text)
    _printf_post_padding                     0x08000249   Thumb Code    34  _printf_pad.o(.text)
    _printf_int_dec                          0x0800026d   Thumb Code   104  _printf_dec.o(.text)
    __printf                                 0x080002e5   Thumb Code   308  __printf_flags_wp.o(.text)
    __aeabi_memclr4                          0x0800041d   Thumb Code     0  rt_memclr_w.o(.text)
    __aeabi_memclr8                          0x0800041d   Thumb Code     0  rt_memclr_w.o(.text)
    __rt_memclr_w                            0x0800041d   Thumb Code    78  rt_memclr_w.o(.text)
    _memset_w                                0x08000421   Thumb Code     0  rt_memclr_w.o(.text)
    __use_two_region_memory                  0x0800046b   Thumb Code     2  heapauxi.o(.text)
    __rt_heap_escrow                         0x0800046d   Thumb Code     2  heapauxi.o(.text)
    __rt_heap_expand                         0x0800046f   Thumb Code     2  heapauxi.o(.text)
    free                                     0x08000471   Thumb Code    78  h1_free.o(.text)
    __read_errno                             0x080004bf   Thumb Code    10  _rserrno.o(.text)
    __set_errno                              0x080004c9   Thumb Code    12  _rserrno.o(.text)
    _printf_int_common                       0x080004d5   Thumb Code   178  _printf_intcommon.o(.text)
    __lib_sel_fp_printf                      0x08000587   Thumb Code     2  _printf_fp_dec.o(.text)
    _printf_fp_dec_real                      0x08000739   Thumb Code   620  _printf_fp_dec.o(.text)
    _printf_char_common                      0x080009af   Thumb Code    32  _printf_char_common.o(.text)
    _sputc                                   0x080009d5   Thumb Code    10  _sputc.o(.text)
    __rt_heap_descriptor                     0x080009e1   Thumb Code     8  rt_heap_descriptor_intlibspace.o(.text)
    __rt_locale                              0x080009e9   Thumb Code     8  rt_locale_intlibspace.o(.text)
    __rt_new_handler_addr                    0x080009f1   Thumb Code     8  rt_new_handler_addr_intlibspace.o(.text)
    __aeabi_errno_addr                       0x080009f9   Thumb Code     8  rt_errno_addr_intlibspace.o(.text)
    __errno$intlibspace                      0x080009f9   Thumb Code     0  rt_errno_addr_intlibspace.o(.text)
    __rt_errno_addr$intlibspace              0x080009f9   Thumb Code     0  rt_errno_addr_intlibspace.o(.text)
    __use_no_heap                            0x08000a01   Thumb Code     2  hguard.o(.text)
    __heap$guard                             0x08000a03   Thumb Code     2  hguard.o(.text)
    _terminate_user_alloc                    0x08000a05   Thumb Code     2  init_alloc.o(.text)
    _init_user_alloc                         0x08000a07   Thumb Code     2  init_alloc.o(.text)
    __Heap_Full                              0x08000a09   Thumb Code    34  init_alloc.o(.text)
    __Heap_Broken                            0x08000a2b   Thumb Code     6  init_alloc.o(.text)
    _init_alloc                              0x08000a31   Thumb Code    94  init_alloc.o(.text)
    malloc                                   0x08000a8f   Thumb Code    94  h1_alloc.o(.text)
    _ll_udiv10                               0x08000aed   Thumb Code   138  lludiv10.o(.text)
    _printf_fp_infnan                        0x08000b79   Thumb Code   112  _printf_fp_infnan.o(.text)
    _btod_etento                             0x08000bf9   Thumb Code   224  bigflt0.o(.text)
    __default_new_handler()                  0x08000cdd   Thumb Code     4  arm_newhandler_noexceptions.o(.text)
    __user_libspace                          0x08000ce1   Thumb Code     8  libspace.o(.text)
    __user_perproc_libspace                  0x08000ce1   Thumb Code     0  libspace.o(.text)
    __user_perthread_libspace                0x08000ce1   Thumb Code     0  libspace.o(.text)
    __user_setup_stackheap                   0x08000ce9   Thumb Code    74  sys_stackheap_outer.o(.text)
    __Heap_Initialize                        0x08000d33   Thumb Code    10  h1_init.o(.text)
    __Heap_DescSize                          0x08000d3d   Thumb Code     4  h1_init.o(.text)
    __Heap_ProvideMemory                     0x08000d41   Thumb Code    52  h1_extend.o(.text)
    exit                                     0x08000d75   Thumb Code    18  exit.o(.text)
    __rt_SIGRTMEM                            0x08000d87   Thumb Code    14  defsig_rtmem_outer.o(.text)
    strcmp                                   0x08000d95   Thumb Code   128  strcmpv7m.o(.text)
    std::terminate()                         0x08000e15   Thumb Code    26  arm_exceptions_terminate.o(.text)
    abort                                    0x08000e2f   Thumb Code    22  abort.o(.text)
    __sig_exit                               0x08000e45   Thumb Code    10  defsig_exit.o(.text)
    __rt_SIGRTMEM_inner                      0x08000e51   Thumb Code    22  defsig_rtmem_inner.o(.text)
    __cxa_get_globals                        0x08000ea7   Thumb Code    62  arm_exceptions_globs.o(.text)
    _sys_exit                                0x08000ef1   Thumb Code     8  sys_exit.o(.text)
    __I$use$semihosting                      0x08000efd   Thumb Code     0  use_no_semi.o(.text)
    __use_no_semihosting_swi                 0x08000efd   Thumb Code     2  use_no_semi.o(.text)
    __semihosting_library_function           0x08000eff   Thumb Code     0  indicate_semi.o(.text)
    __rt_eh_globals_addr                     0x08000f01   Thumb Code     8  rt_eh_globals_addr_intlibspace.o(.text)
    __default_signal_display                 0x08000f09   Thumb Code    50  defsig_general.o(.text)
    __rt_SIGABRT                             0x08000f3b   Thumb Code    14  defsig_abrt_outer.o(.text)
    __ARM_exceptions_buffer_init             0x08000f49   Thumb Code    18  arm_exceptions_mem.o(.text)
    __ARM_exceptions_buffer_allocate         0x08000f5b   Thumb Code    22  arm_exceptions_mem.o(.text)
    __ARM_exceptions_buffer_free             0x08000f71   Thumb Code    20  arm_exceptions_mem.o(.text)
    _ttywrch                                 0x08000f85   Thumb Code    14  sys_wrch.o(.text)
    __rt_SIGABRT_inner                       0x08000f95   Thumb Code    14  defsig_abrt_inner.o(.text)
    _btod_d2e                                0x08000fc5   Thumb Code    62  btod.o(CL$$btod_d2e)
    _d2e_denorm_low                          0x08001003   Thumb Code    70  btod.o(CL$$btod_d2e_denorm_low)
    _d2e_norm_op1                            0x08001049   Thumb Code    96  btod.o(CL$$btod_d2e_norm_op1)
    __btod_div_common                        0x080010a9   Thumb Code   696  btod.o(CL$$btod_div_common)
    _e2e                                     0x080013e1   Thumb Code   220  btod.o(CL$$btod_e2e)
    _btod_ediv                               0x080014bd   Thumb Code    42  btod.o(CL$$btod_ediv)
    _btod_emul                               0x080014e7   Thumb Code    42  btod.o(CL$$btod_emul)
    __btod_mult_common                       0x08001511   Thumb Code   580  btod.o(CL$$btod_mult_common)
    AK8963_turn_on                           0x08001755   Thumb Code    24  mpu9250.o(i.AK8963_turn_on)
    Check_Connection                         0x0800176d   Thumb Code    46  mpu9250.o(i.Check_Connection)
    EXTI0_IRQHandler                         0x0800179d   Thumb Code    58  main.o(i.EXTI0_IRQHandler)
    EXTI1_IRQHandler                         0x080017f1   Thumb Code    58  main.o(i.EXTI1_IRQHandler)
    EXTI3_IRQHandler                         0x08001849   Thumb Code    38  main.o(i.EXTI3_IRQHandler)
    EXTI_ClearITPendingBit                   0x08001889   Thumb Code     6  stm32f10x_exti.o(i.EXTI_ClearITPendingBit)
    EXTI_GetITStatus                         0x08001895   Thumb Code    34  stm32f10x_exti.o(i.EXTI_GetITStatus)
    EXTI_Init                                0x080018bd   Thumb Code   142  stm32f10x_exti.o(i.EXTI_Init)
    GPIO_EXTILineConfig                      0x08001951   Thumb Code    60  stm32f10x_gpio.o(i.GPIO_EXTILineConfig)
    GPIO_Init                                0x08001991   Thumb Code   278  stm32f10x_gpio.o(i.GPIO_Init)
    GPIO_ReadInputData                       0x08001aa7   Thumb Code     8  stm32f10x_gpio.o(i.GPIO_ReadInputData)
    GPIO_ReadInputDataBit                    0x08001aaf   Thumb Code    18  stm32f10x_gpio.o(i.GPIO_ReadInputDataBit)
    GPIO_ReadOutputDataBit                   0x08001ac1   Thumb Code    18  stm32f10x_gpio.o(i.GPIO_ReadOutputDataBit)
    GPIO_ResetBits                           0x08001ad3   Thumb Code     4  stm32f10x_gpio.o(i.GPIO_ResetBits)
    GPIO_SetBits                             0x08001ad7   Thumb Code     4  stm32f10x_gpio.o(i.GPIO_SetBits)
    Get_Accel                                0x08001add   Thumb Code   434  mpu9250.o(i.Get_Accel)
    Get_Gyro                                 0x08001ca1   Thumb Code   428  mpu9250.o(i.Get_Gyro)
    Get_Mag                                  0x08001e61   Thumb Code   298  mpu9250.o(i.Get_Mag)
    I2C_AcknowledgeConfig                    0x08001f9d   Thumb Code    24  stm32f10x_i2c.o(i.I2C_AcknowledgeConfig)
    I2C_CheckEvent                           0x08001fb5   Thumb Code    42  stm32f10x_i2c.o(i.I2C_CheckEvent)
    I2C_Cmd                                  0x08001fdf   Thumb Code    24  stm32f10x_i2c.o(i.I2C_Cmd)
    I2C_GenerateSTART                        0x08001ff7   Thumb Code    24  stm32f10x_i2c.o(i.I2C_GenerateSTART)
    I2C_GenerateSTOP                         0x0800200f   Thumb Code    24  stm32f10x_i2c.o(i.I2C_GenerateSTOP)
    I2C_GetFlagStatus                        0x08002027   Thumb Code    58  stm32f10x_i2c.o(i.I2C_GetFlagStatus)
    I2C_Init                                 0x08002061   Thumb Code   222  stm32f10x_i2c.o(i.I2C_Init)
    I2C_ReceiveData                          0x0800214d   Thumb Code     8  stm32f10x_i2c.o(i.I2C_ReceiveData)
    I2C_Send7bitAddress                      0x08002155   Thumb Code    18  stm32f10x_i2c.o(i.I2C_Send7bitAddress)
    I2C_SendData                             0x08002167   Thumb Code     4  stm32f10x_i2c.o(i.I2C_SendData)
    Initialize                               0x0800216b   Thumb Code    76  mpu9250.o(i.Initialize)
    Initialize_AK8963                        0x080021b9   Thumb Code   170  mpu9250.o(i.Initialize_AK8963)
    MPU6050_I2C_Init                         0x08002269   Thumb Code   104  mpu6050.o(i.MPU6050_I2C_Init)
    MPU9250_Reset                            0x080022dd   Thumb Code    32  mpu9250.o(i.MPU9250_Reset)
    NVIC_Init                                0x080022fd   Thumb Code   100  misc.o(i.NVIC_Init)
    NVIC_PriorityGroupConfig                 0x0800236d   Thumb Code    10  misc.o(i.NVIC_PriorityGroupConfig)
    RCC_APB1PeriphClockCmd                   0x08002381   Thumb Code    26  stm32f10x_rcc.o(i.RCC_APB1PeriphClockCmd)
    RCC_APB2PeriphClockCmd                   0x080023a1   Thumb Code    26  stm32f10x_rcc.o(i.RCC_APB2PeriphClockCmd)
    RCC_GetClocksFreq                        0x080023c1   Thumb Code   192  stm32f10x_rcc.o(i.RCC_GetClocksFreq)
    Set_Accel_Range                          0x0800257d   Thumb Code   118  mpu9250.o(i.Set_Accel_Range)
    Set_Clock                                0x080025f9   Thumb Code    50  mpu9250.o(i.Set_Clock)
    Set_Gyro_Range                           0x0800262d   Thumb Code    88  mpu9250.o(i.Set_Gyro_Range)
    SystemInit                               0x08002689   Thumb Code    78  system_stm32f10x.o(i.SystemInit)
    TIM4_IRQHandler                          0x080026e9   Thumb Code    42  main.o(i.TIM4_IRQHandler)
    TIM_ClearITPendingBit                    0x08002721   Thumb Code     6  stm32f10x_tim.o(i.TIM_ClearITPendingBit)
    TIM_Cmd                                  0x08002727   Thumb Code    24  stm32f10x_tim.o(i.TIM_Cmd)
    TIM_GetITStatus                          0x0800273f   Thumb Code    34  stm32f10x_tim.o(i.TIM_GetITStatus)
    TIM_ITConfig                             0x08002761   Thumb Code    18  stm32f10x_tim.o(i.TIM_ITConfig)
    TIM_TimeBaseInit                         0x08002775   Thumb Code   122  stm32f10x_tim.o(i.TIM_TimeBaseInit)
    USART_ClearFlag                          0x08002819   Thumb Code    18  stm32f10x_usart.o(i.USART_ClearFlag)
    USART_Cmd                                0x0800282b   Thumb Code    24  stm32f10x_usart.o(i.USART_Cmd)
    USART_GetFlagStatus                      0x08002843   Thumb Code    26  stm32f10x_usart.o(i.USART_GetFlagStatus)
    USART_ITConfig                           0x0800285d   Thumb Code    74  stm32f10x_usart.o(i.USART_ITConfig)
    USART_Init                               0x080028a9   Thumb Code   210  stm32f10x_usart.o(i.USART_Init)
    USART_SendData                           0x08002981   Thumb Code     8  stm32f10x_usart.o(i.USART_SendData)
    Print_Bias()                             0x08002989   Thumb Code   112  main.o(i._Z10Print_Biasv)
    Write_Byte(unsigned char, unsigned char, unsigned char) 0x08002a0d   Thumb Code   128  mpu9250.o(i._Z10Write_Bytehhh)
    led_toggle()                             0x08002a99   Thumb Code    40  main.o(i._Z10led_togglev)
    LowPass_Mag(Mag*)                        0x08002ac5   Thumb Code   194  main.o(i._Z11LowPass_MagP3Mag)
    kalman_init(kalman*, float, float, float) 0x08002b8d   Thumb Code    36  main.o(i._Z11kalman_initP6kalmanfff)
    LowPass_Gyro(Gyro*)                      0x08002bb1   Thumb Code   190  main.o(i._Z12LowPass_GyroP4Gyro)
    U_Print_Char(USART_TypeDef*, char*)      0x08002c75   Thumb Code    48  usart_print.o(i._Z12U_Print_CharP13USART_TypeDefPc)
    LowPass_Accel(Accel*)                    0x08002ca5   Thumb Code   226  main.o(i._Z13LowPass_AccelP5Accel)
    U_Print_float(USART_TypeDef*, float)     0x08002d91   Thumb Code    88  usart_print.o(i._Z13U_Print_floatP13USART_TypeDeff)
    kalman_update(kalman*, float)            0x08002df1   Thumb Code   182  main.o(i._Z13kalman_updateP6kalmanf)
    Interrupt_Init()                         0x08002eb9   Thumb Code   208  main.o(i._Z14Interrupt_Initv)
    kalman_predict(kalman*, float, float)    0x08002f91   Thumb Code   184  main.o(i._Z14kalman_predictP6kalmanff)
    Read_data_buffer(unsigned char, unsigned char, unsigned char*, unsigned short) 0x0800305d   Thumb Code   218  mpu9250.o(i._Z16Read_data_bufferhhPht)
    kalman_get_angle(kalman*)                0x08003145   Thumb Code     6  main.o(i._Z16kalman_get_angleP6kalman)
    U_Print(USART_TypeDef*, int)             0x0800314d   Thumb Code    74  usart_print.o(i._Z7U_PrintP13USART_TypeDefi)
    std::acos(float)                         0x080031a1   Thumb Code    12  main.o(i._ZSt4acosf)
    std::sqrt(float)                         0x080031ad   Thumb Code    12  main.o(i._ZSt4sqrtf)
    operator delete (void*)                  0x080031b9   Thumb Code     8  delete.o(i._ZdlPv)
    operator new[] (unsigned)                0x080031c1   Thumb Code     8  array_new.o(i._Znaj)
    operator new(unsigned)                   0x080031c9   Thumb Code    34  new.o(i._Znwj)
    __ARM_fpclassify                         0x080031f1   Thumb Code    40  fpclassify.o(i.__ARM_fpclassify)
    __ARM_fpclassifyf                        0x08003219   Thumb Code    38  fpclassifyf.o(i.__ARM_fpclassifyf)
    __mathlib_flt_infnan                     0x0800323f   Thumb Code     6  funder.o(i.__mathlib_flt_infnan)
    __mathlib_flt_infnan2                    0x08003245   Thumb Code     4  funder.o(i.__mathlib_flt_infnan2)
    __mathlib_flt_invalid                    0x08003249   Thumb Code     8  funder.o(i.__mathlib_flt_invalid)
    __mathlib_flt_underflow                  0x08003251   Thumb Code    10  funder.o(i.__mathlib_flt_underflow)
    _is_digit                                0x0800325b   Thumb Code    14  __printf_wp.o(i._is_digit)
    acosf                                    0x08003269   Thumb Code   242  acosf.o(i.acosf)
    atan2f                                   0x08003385   Thumb Code   528  atan2f.o(i.atan2f)
    calibrateMPU9250                         0x080035e1   Thumb Code  1054  mpu9250.o(i.calibrateMPU9250)
    delay                                    0x080039ff   Thumb Code    10  mpu9250.o(i.delay)
    main                                     0x08003a09   Thumb Code  1450  main.o(i.main)
    sqrtf                                    0x08003fd5   Thumb Code    44  sqrtf.o(i.sqrtf)
    _get_lc_numeric                          0x08004001   Thumb Code    44  lc_numeric_c.o(locale$$code)
    __aeabi_d2f                              0x0800402d   Thumb Code     0  d2f.o(x$fpl$d2f)
    _d2f                                     0x0800402d   Thumb Code    98  d2f.o(x$fpl$d2f)
    __aeabi_dadd                             0x08004091   Thumb Code     0  daddsub_clz.o(x$fpl$dadd)
    _dadd                                    0x08004091   Thumb Code   332  daddsub_clz.o(x$fpl$dadd)
    __fpl_dcmp_Inf                           0x080041e1   Thumb Code    24  dcmpi.o(x$fpl$dcmpinf)
    __aeabi_d2iz                             0x080041f9   Thumb Code     0  dfix.o(x$fpl$dfix)
    _dfix                                    0x080041f9   Thumb Code    94  dfix.o(x$fpl$dfix)
    __aeabi_cdcmple                          0x08004259   Thumb Code     0  dleqf.o(x$fpl$dleqf)
    _dcmple                                  0x08004259   Thumb Code   120  dleqf.o(x$fpl$dleqf)
    __fpl_dcmple_InfNaN                      0x080042bb   Thumb Code     0  dleqf.o(x$fpl$dleqf)
    __aeabi_dmul                             0x080042d1   Thumb Code     0  dmul.o(x$fpl$dmul)
    _dmul                                    0x080042d1   Thumb Code   332  dmul.o(x$fpl$dmul)
    __fpl_dnaninf                            0x08004425   Thumb Code   156  dnaninf.o(x$fpl$dnaninf)
    __fpl_dretinf                            0x080044c1   Thumb Code    12  dretinf.o(x$fpl$dretinf)
    __aeabi_cdrcmple                         0x080044cd   Thumb Code     0  drleqf.o(x$fpl$drleqf)
    _drcmple                                 0x080044cd   Thumb Code   108  drleqf.o(x$fpl$drleqf)
    __aeabi_dsub                             0x08004539   Thumb Code     0  daddsub_clz.o(x$fpl$dsub)
    _dsub                                    0x08004539   Thumb Code   464  daddsub_clz.o(x$fpl$dsub)
    __aeabi_f2d                              0x0800470d   Thumb Code     0  f2d.o(x$fpl$f2d)
    _f2d                                     0x0800470d   Thumb Code    86  f2d.o(x$fpl$f2d)
    __aeabi_fadd                             0x08004765   Thumb Code     0  faddsub_clz.o(x$fpl$fadd)
    _fadd                                    0x08004765   Thumb Code   196  faddsub_clz.o(x$fpl$fadd)
    __fpl_fcheck_NaN1                        0x08004829   Thumb Code     6  fcheck1.o(x$fpl$fcheck1)
    __fpl_fcmp_Inf                           0x08004835   Thumb Code    24  fcmpi.o(x$fpl$fcmpinf)
    __aeabi_fdiv                             0x0800484d   Thumb Code     0  fdiv.o(x$fpl$fdiv)
    _fdiv                                    0x0800484d   Thumb Code   384  fdiv.o(x$fpl$fdiv)
    __aeabi_i2f                              0x080049d1   Thumb Code     0  fflt_clz.o(x$fpl$fflt)
    _fflt                                    0x080049d1   Thumb Code    48  fflt_clz.o(x$fpl$fflt)
    __aeabi_ui2f                             0x08004a01   Thumb Code     0  fflt_clz.o(x$fpl$ffltu)
    _ffltu                                   0x08004a01   Thumb Code    38  fflt_clz.o(x$fpl$ffltu)
    __aeabi_cfcmple                          0x08004a29   Thumb Code     0  fleqf.o(x$fpl$fleqf)
    _fcmple                                  0x08004a29   Thumb Code   104  fleqf.o(x$fpl$fleqf)
    __fpl_fcmple_InfNaN                      0x08004a7b   Thumb Code     0  fleqf.o(x$fpl$fleqf)
    __aeabi_fmul                             0x08004a91   Thumb Code     0  fmul.o(x$fpl$fmul)
    _fmul                                    0x08004a91   Thumb Code   258  fmul.o(x$fpl$fmul)
    __fpl_fnaninf                            0x08004b93   Thumb Code   140  fnaninf.o(x$fpl$fnaninf)
    __fpl_fretinf                            0x08004c1f   Thumb Code    10  fretinf.o(x$fpl$fretinf)
    __aeabi_frsub                            0x08004c29   Thumb Code     0  faddsub_clz.o(x$fpl$frsb)
    _frsb                                    0x08004c29   Thumb Code    20  faddsub_clz.o(x$fpl$frsb)
    _fsqrt                                   0x08004c3d   Thumb Code   272  fsqrt.o(x$fpl$fsqrt)
    __aeabi_fsub                             0x08004d4d   Thumb Code     0  faddsub_clz.o(x$fpl$fsub)
    _fsub                                    0x08004d4d   Thumb Code   234  faddsub_clz.o(x$fpl$fsub)
    _printf_fp_dec                           0x08004e37   Thumb Code     4  printf1.o(x$fpl$printf1)
    __fpl_return_NaN                         0x08004e3b   Thumb Code   100  retnan.o(x$fpl$retnan)
    __ARM_scalbnf                            0x08004e9f   Thumb Code    76  scalbnf.o(x$fpl$scalbnf)
    __fpl_cmpreturn                          0x08004eeb   Thumb Code    48  trapv.o(x$fpl$trapveneer)
    __I$use$fp                               0x08004f1a   Number         0  usenofp.o(x$fpl$usenofp)
    Region$$Table$$Base                      0x08004fc0   Number         0  anon$$obj.o(Region$$Table)
    Region$$Table$$Limit                     0x08004fe0   Number         0  anon$$obj.o(Region$$Table)
    timer                                    0x20000000   Data           2  main.o(.data)
    time_pre                                 0x20000002   Data           2  main.o(.data)
    time_now                                 0x20000004   Data           2  main.o(.data)
    currentGyroRange                         0x20000040   Data           1  mpu9250.o(.data)
    currentAcceleroRange                     0x20000041   Data           1  mpu9250.o(.data)
    mscale                                   0x20000042   Data           1  mpu9250.o(.data)
    gyroBias                                 0x20000044   Data          12  main.o(.bss)
    accelBias                                0x20000050   Data          12  main.o(.bss)
    magCalibration                           0x2000005c   Data          12  main.o(.bss)
    magbias                                  0x20000068   Data          12  main.o(.bss)
    __libspace_start                         0x20000074   Data          96  libspace.o(.bss)
    __temporary_stack_top$libspace           0x200000d4   Data           0  libspace.o(.bss)



==============================================================================

Memory Map of the image

  Image Entry point : 0x080000ed

  Load Region LR_IROM1 (Base: 0x08000000, Size: 0x00005040, Max: 0x00010000, ABSOLUTE)

    Execution Region ER_IROM1 (Exec base: 0x08000000, Load base: 0x08000000, Size: 0x00004ffc, Max: 0x00010000, ABSOLUTE)

    Exec Addr    Load Addr    Size         Type   Attr      Idx    E Section Name        Object

    0x08000000   0x08000000   0x000000ec   Data   RO         2122    RESET               startup_stm32f10x_md.o
    0x080000ec   0x080000ec   0x00000008   Code   RO         2200  * !!!main             c_w.l(__main.o)
    0x080000f4   0x080000f4   0x00000034   Code   RO         2844    !!!scatter          c_w.l(__scatter.o)
    0x08000128   0x08000128   0x0000001a   Code   RO         2846    !!handler_copy      c_w.l(__scatter_copy.o)
    0x08000142   0x08000142   0x00000002   PAD
    0x08000144   0x08000144   0x0000001c   Code   RO         2848    !!handler_zi        c_w.l(__scatter_zi.o)
    0x08000160   0x08000160   0x00000000   Code   RO         2195    .ARM.Collect$$_printf_percent$$00000000  c_w.l(_printf_percent.o)
    0x08000160   0x08000160   0x00000006   Code   RO         2194    .ARM.Collect$$_printf_percent$$00000003  c_w.l(_printf_f.o)
    0x08000166   0x08000166   0x00000006   Code   RO         2193    .ARM.Collect$$_printf_percent$$00000009  c_w.l(_printf_d.o)
    0x0800016c   0x0800016c   0x00000004   Code   RO         2346    .ARM.Collect$$_printf_percent$$00000017  c_w.l(_printf_percent_end.o)
    0x08000170   0x08000170   0x00000002   Code   RO         2659    .ARM.Collect$$libinit$$00000000  c_w.l(libinit.o)
    0x08000172   0x08000172   0x00000000   Code   RO         2661    .ARM.Collect$$libinit$$00000002  c_w.l(libinit2.o)
    0x08000172   0x08000172   0x00000000   Code   RO         2663    .ARM.Collect$$libinit$$00000004  c_w.l(libinit2.o)
    0x08000172   0x08000172   0x00000008   Code   RO         2664    .ARM.Collect$$libinit$$00000005  c_w.l(libinit2.o)
    0x0800017a   0x0800017a   0x00000000   Code   RO         2666    .ARM.Collect$$libinit$$0000000A  c_w.l(libinit2.o)
    0x0800017a   0x0800017a   0x00000000   Code   RO         2668    .ARM.Collect$$libinit$$0000000C  c_w.l(libinit2.o)
    0x0800017a   0x0800017a   0x00000000   Code   RO         2670    .ARM.Collect$$libinit$$0000000E  c_w.l(libinit2.o)
    0x0800017a   0x0800017a   0x00000006   Code   RO         2671    .ARM.Collect$$libinit$$0000000F  c_w.l(libinit2.o)
    0x08000180   0x08000180   0x00000000   Code   RO         2673    .ARM.Collect$$libinit$$00000011  c_w.l(libinit2.o)
    0x08000180   0x08000180   0x00000000   Code   RO         2675    .ARM.Collect$$libinit$$00000013  c_w.l(libinit2.o)
    0x08000180   0x08000180   0x00000000   Code   RO         2677    .ARM.Collect$$libinit$$00000015  c_w.l(libinit2.o)
    0x08000180   0x08000180   0x0000000a   Code   RO         2678    .ARM.Collect$$libinit$$00000016  c_w.l(libinit2.o)
    0x0800018a   0x0800018a   0x00000000   Code   RO         2679    .ARM.Collect$$libinit$$00000017  c_w.l(libinit2.o)
    0x0800018a   0x0800018a   0x00000000   Code   RO         2681    .ARM.Collect$$libinit$$00000019  c_w.l(libinit2.o)
    0x0800018a   0x0800018a   0x00000000   Code   RO         2683    .ARM.Collect$$libinit$$0000001B  c_w.l(libinit2.o)
    0x0800018a   0x0800018a   0x00000000   Code   RO         2685    .ARM.Collect$$libinit$$0000001D  c_w.l(libinit2.o)
    0x0800018a   0x0800018a   0x00000000   Code   RO         2687    .ARM.Collect$$libinit$$0000001F  c_w.l(libinit2.o)
    0x0800018a   0x0800018a   0x00000000   Code   RO         2689    .ARM.Collect$$libinit$$00000021  c_w.l(libinit2.o)
    0x0800018a   0x0800018a   0x00000000   Code   RO         2691    .ARM.Collect$$libinit$$00000023  c_w.l(libinit2.o)
    0x0800018a   0x0800018a   0x00000000   Code   RO         2693    .ARM.Collect$$libinit$$00000025  c_w.l(libinit2.o)
    0x0800018a   0x0800018a   0x00000000   Code   RO         2697    .ARM.Collect$$libinit$$0000002C  c_w.l(libinit2.o)
    0x0800018a   0x0800018a   0x00000000   Code   RO         2699    .ARM.Collect$$libinit$$0000002E  c_w.l(libinit2.o)
    0x0800018a   0x0800018a   0x00000000   Code   RO         2701    .ARM.Collect$$libinit$$00000030  c_w.l(libinit2.o)
    0x0800018a   0x0800018a   0x00000000   Code   RO         2703    .ARM.Collect$$libinit$$00000032  c_w.l(libinit2.o)
    0x0800018a   0x0800018a   0x00000002   Code   RO         2704    .ARM.Collect$$libinit$$00000033  c_w.l(libinit2.o)
    0x0800018c   0x0800018c   0x00000002   Code   RO         2827    .ARM.Collect$$libshutdown$$00000000  c_w.l(libshutdown.o)
    0x0800018e   0x0800018e   0x00000000   Code   RO         2801    .ARM.Collect$$libshutdown$$00000002  c_w.l(libshutdown2.o)
    0x0800018e   0x0800018e   0x00000000   Code   RO         2803    .ARM.Collect$$libshutdown$$00000004  c_w.l(libshutdown2.o)
    0x0800018e   0x0800018e   0x00000000   Code   RO         2806    .ARM.Collect$$libshutdown$$00000007  c_w.l(libshutdown2.o)
    0x0800018e   0x0800018e   0x00000000   Code   RO         2809    .ARM.Collect$$libshutdown$$0000000A  c_w.l(libshutdown2.o)
    0x0800018e   0x0800018e   0x00000000   Code   RO         2811    .ARM.Collect$$libshutdown$$0000000C  c_w.l(libshutdown2.o)
    0x0800018e   0x0800018e   0x00000000   Code   RO         2814    .ARM.Collect$$libshutdown$$0000000F  c_w.l(libshutdown2.o)
    0x0800018e   0x0800018e   0x00000002   Code   RO         2815    .ARM.Collect$$libshutdown$$00000010  c_w.l(libshutdown2.o)
    0x08000190   0x08000190   0x00000000   Code   RO         2279    .ARM.Collect$$rtentry$$00000000  c_w.l(__rtentry.o)
    0x08000190   0x08000190   0x00000000   Code   RO         2403    .ARM.Collect$$rtentry$$00000002  c_w.l(__rtentry2.o)
    0x08000190   0x08000190   0x00000006   Code   RO         2415    .ARM.Collect$$rtentry$$00000004  c_w.l(__rtentry4.o)
    0x08000196   0x08000196   0x00000000   Code   RO         2405    .ARM.Collect$$rtentry$$00000009  c_w.l(__rtentry2.o)
    0x08000196   0x08000196   0x00000004   Code   RO         2406    .ARM.Collect$$rtentry$$0000000A  c_w.l(__rtentry2.o)
    0x0800019a   0x0800019a   0x00000000   Code   RO         2408    .ARM.Collect$$rtentry$$0000000C  c_w.l(__rtentry2.o)
    0x0800019a   0x0800019a   0x00000008   Code   RO         2409    .ARM.Collect$$rtentry$$0000000D  c_w.l(__rtentry2.o)
    0x080001a2   0x080001a2   0x00000002   Code   RO         2735    .ARM.Collect$$rtexit$$00000000  c_w.l(rtexit.o)
    0x080001a4   0x080001a4   0x00000000   Code   RO         2773    .ARM.Collect$$rtexit$$00000002  c_w.l(rtexit2.o)
    0x080001a4   0x080001a4   0x00000004   Code   RO         2774    .ARM.Collect$$rtexit$$00000003  c_w.l(rtexit2.o)
    0x080001a8   0x080001a8   0x00000006   Code   RO         2775    .ARM.Collect$$rtexit$$00000004  c_w.l(rtexit2.o)
    0x080001ae   0x080001ae   0x00000002   PAD
    0x080001b0   0x080001b0   0x00000000   Code   RO         2631    .emb_text           c_w.l(maybetermalloc1.o)
    0x080001b0   0x080001b0   0x00000040   Code   RO         2123    .text               startup_stm32f10x_md.o
    0x080001f0   0x080001f0   0x0000002c   Code   RO         2163    .text               c_w.l(__2sprintf.o)
    0x0800021c   0x0800021c   0x0000004e   Code   RO         2169    .text               c_w.l(_printf_pad.o)
    0x0800026a   0x0800026a   0x00000002   PAD
    0x0800026c   0x0800026c   0x00000078   Code   RO         2171    .text               c_w.l(_printf_dec.o)
    0x080002e4   0x080002e4   0x00000138   Code   RO         2185    .text               c_w.l(__printf_flags_wp.o)
    0x0800041c   0x0800041c   0x0000004e   Code   RO         2196    .text               c_w.l(rt_memclr_w.o)
    0x0800046a   0x0800046a   0x00000006   Code   RO         2198    .text               c_w.l(heapauxi.o)
    0x08000470   0x08000470   0x0000004e   Code   RO         2282    .text               c_w.l(h1_free.o)
    0x080004be   0x080004be   0x00000016   Code   RO         2336    .text               c_w.l(_rserrno.o)
    0x080004d4   0x080004d4   0x000000b2   Code   RO         2338    .text               c_w.l(_printf_intcommon.o)
    0x08000586   0x08000586   0x0000041e   Code   RO         2340    .text               c_w.l(_printf_fp_dec.o)
    0x080009a4   0x080009a4   0x00000030   Code   RO         2342    .text               c_w.l(_printf_char_common.o)
    0x080009d4   0x080009d4   0x0000000a   Code   RO         2344    .text               c_w.l(_sputc.o)
    0x080009de   0x080009de   0x00000002   PAD
    0x080009e0   0x080009e0   0x00000008   Code   RO         2420    .text               c_w.l(rt_heap_descriptor_intlibspace.o)
    0x080009e8   0x080009e8   0x00000008   Code   RO         2425    .text               c_w.l(rt_locale_intlibspace.o)
    0x080009f0   0x080009f0   0x00000008   Code   RO         2430    .text               c_w.l(rt_new_handler_addr_intlibspace.o)
    0x080009f8   0x080009f8   0x00000008   Code   RO         2435    .text               c_w.l(rt_errno_addr_intlibspace.o)
    0x08000a00   0x08000a00   0x00000004   Code   RO         2437    .text               c_w.l(hguard.o)
    0x08000a04   0x08000a04   0x0000008a   Code   RO         2439    .text               c_w.l(init_alloc.o)
    0x08000a8e   0x08000a8e   0x0000005e   Code   RO         2445    .text               c_w.l(h1_alloc.o)
    0x08000aec   0x08000aec   0x0000008a   Code   RO         2459    .text               c_w.l(lludiv10.o)
    0x08000b76   0x08000b76   0x00000002   PAD
    0x08000b78   0x08000b78   0x00000080   Code   RO         2461    .text               c_w.l(_printf_fp_infnan.o)
    0x08000bf8   0x08000bf8   0x000000e4   Code   RO         2465    .text               c_w.l(bigflt0.o)
    0x08000cdc   0x08000cdc   0x00000004   Code   RO         2495    .text               cpprt_w.l(arm_newhandler_noexceptions.o)
    0x08000ce0   0x08000ce0   0x00000008   Code   RO         2626    .text               c_w.l(libspace.o)
    0x08000ce8   0x08000ce8   0x0000004a   Code   RO         2629    .text               c_w.l(sys_stackheap_outer.o)
    0x08000d32   0x08000d32   0x0000000e   Code   RO         2633    .text               c_w.l(h1_init.o)
    0x08000d40   0x08000d40   0x00000034   Code   RO         2635    .text               c_w.l(h1_extend.o)
    0x08000d74   0x08000d74   0x00000012   Code   RO         2641    .text               c_w.l(exit.o)
    0x08000d86   0x08000d86   0x0000000e   Code   RO         2643    .text               c_w.l(defsig_rtmem_outer.o)
    0x08000d94   0x08000d94   0x00000080   Code   RO         2647    .text               c_w.l(strcmpv7m.o)
    0x08000e14   0x08000e14   0x0000001a   Code   RO         2721    .text               cpprt_w.l(arm_exceptions_terminate.o)
    0x08000e2e   0x08000e2e   0x00000016   Code   RO         2743    .text               c_w.l(abort.o)
    0x08000e44   0x08000e44   0x0000000a   Code   RO         2747    .text               c_w.l(defsig_exit.o)
    0x08000e4e   0x08000e4e   0x00000002   PAD
    0x08000e50   0x08000e50   0x00000050   Code   RO         2749    .text               c_w.l(defsig_rtmem_inner.o)
    0x08000ea0   0x08000ea0   0x00000050   Code   RO         2760    .text               cpprt_w.l(arm_exceptions_globs.o)
    0x08000ef0   0x08000ef0   0x0000000c   Code   RO         2767    .text               c_w.l(sys_exit.o)
    0x08000efc   0x08000efc   0x00000002   Code   RO         2769    .text               c_w.l(use_no_semi.o)
    0x08000efe   0x08000efe   0x00000000   Code   RO         2771    .text               c_w.l(indicate_semi.o)
    0x08000efe   0x08000efe   0x00000002   PAD
    0x08000f00   0x08000f00   0x00000008   Code   RO         2782    .text               c_w.l(rt_eh_globals_addr_intlibspace.o)
    0x08000f08   0x08000f08   0x00000032   Code   RO         2790    .text               c_w.l(defsig_general.o)
    0x08000f3a   0x08000f3a   0x0000000e   Code   RO         2792    .text               c_w.l(defsig_abrt_outer.o)
    0x08000f48   0x08000f48   0x0000003c   Code   RO         2816    .text               cpprt_w.l(arm_exceptions_mem.o)
    0x08000f84   0x08000f84   0x0000000e   Code   RO         2819    .text               c_w.l(sys_wrch.o)
    0x08000f92   0x08000f92   0x00000002   PAD
    0x08000f94   0x08000f94   0x00000030   Code   RO         2821    .text               c_w.l(defsig_abrt_inner.o)
    0x08000fc4   0x08000fc4   0x0000003e   Code   RO         2468    CL$$btod_d2e        c_w.l(btod.o)
    0x08001002   0x08001002   0x00000046   Code   RO         2470    CL$$btod_d2e_denorm_low  c_w.l(btod.o)
    0x08001048   0x08001048   0x00000060   Code   RO         2469    CL$$btod_d2e_norm_op1  c_w.l(btod.o)
    0x080010a8   0x080010a8   0x00000338   Code   RO         2478    CL$$btod_div_common  c_w.l(btod.o)
    0x080013e0   0x080013e0   0x000000dc   Code   RO         2475    CL$$btod_e2e        c_w.l(btod.o)
    0x080014bc   0x080014bc   0x0000002a   Code   RO         2472    CL$$btod_ediv       c_w.l(btod.o)
    0x080014e6   0x080014e6   0x0000002a   Code   RO         2471    CL$$btod_emul       c_w.l(btod.o)
    0x08001510   0x08001510   0x00000244   Code   RO         2477    CL$$btod_mult_common  c_w.l(btod.o)
    0x08001754   0x08001754   0x00000018   Code   RO         1750    i.AK8963_turn_on    mpu9250.o
    0x0800176c   0x0800176c   0x0000002e   Code   RO         1751    i.Check_Connection  mpu9250.o
    0x0800179a   0x0800179a   0x00000002   PAD
    0x0800179c   0x0800179c   0x00000054   Code   RO            1    i.EXTI0_IRQHandler  main.o
    0x080017f0   0x080017f0   0x00000058   Code   RO            2    i.EXTI1_IRQHandler  main.o
    0x08001848   0x08001848   0x00000040   Code   RO            3    i.EXTI3_IRQHandler  main.o
    0x08001888   0x08001888   0x0000000c   Code   RO         1695    i.EXTI_ClearITPendingBit  stm32f10x_exti.o
    0x08001894   0x08001894   0x00000028   Code   RO         1699    i.EXTI_GetITStatus  stm32f10x_exti.o
    0x080018bc   0x080018bc   0x00000094   Code   RO         1700    i.EXTI_Init         stm32f10x_exti.o
    0x08001950   0x08001950   0x00000040   Code   RO          332    i.GPIO_EXTILineConfig  stm32f10x_gpio.o
    0x08001990   0x08001990   0x00000116   Code   RO          335    i.GPIO_Init         stm32f10x_gpio.o
    0x08001aa6   0x08001aa6   0x00000008   Code   RO          338    i.GPIO_ReadInputData  stm32f10x_gpio.o
    0x08001aae   0x08001aae   0x00000012   Code   RO          339    i.GPIO_ReadInputDataBit  stm32f10x_gpio.o
    0x08001ac0   0x08001ac0   0x00000012   Code   RO          341    i.GPIO_ReadOutputDataBit  stm32f10x_gpio.o
    0x08001ad2   0x08001ad2   0x00000004   Code   RO          342    i.GPIO_ResetBits    stm32f10x_gpio.o
    0x08001ad6   0x08001ad6   0x00000004   Code   RO          343    i.GPIO_SetBits      stm32f10x_gpio.o
    0x08001ada   0x08001ada   0x00000002   PAD
    0x08001adc   0x08001adc   0x000001c4   Code   RO         1752    i.Get_Accel         mpu9250.o
    0x08001ca0   0x08001ca0   0x000001c0   Code   RO         1753    i.Get_Gyro          mpu9250.o
    0x08001e60   0x08001e60   0x0000013c   Code   RO         1754    i.Get_Mag           mpu9250.o
    0x08001f9c   0x08001f9c   0x00000018   Code   RO          527    i.I2C_AcknowledgeConfig  stm32f10x_i2c.o
    0x08001fb4   0x08001fb4   0x0000002a   Code   RO          529    i.I2C_CheckEvent    stm32f10x_i2c.o
    0x08001fde   0x08001fde   0x00000018   Code   RO          532    i.I2C_Cmd           stm32f10x_i2c.o
    0x08001ff6   0x08001ff6   0x00000018   Code   RO          539    i.I2C_GenerateSTART  stm32f10x_i2c.o
    0x0800200e   0x0800200e   0x00000018   Code   RO          540    i.I2C_GenerateSTOP  stm32f10x_i2c.o
    0x08002026   0x08002026   0x0000003a   Code   RO          541    i.I2C_GetFlagStatus  stm32f10x_i2c.o
    0x08002060   0x08002060   0x000000ec   Code   RO          546    i.I2C_Init          stm32f10x_i2c.o
    0x0800214c   0x0800214c   0x00000008   Code   RO          551    i.I2C_ReceiveData   stm32f10x_i2c.o
    0x08002154   0x08002154   0x00000012   Code   RO          553    i.I2C_Send7bitAddress  stm32f10x_i2c.o
    0x08002166   0x08002166   0x00000004   Code   RO          554    i.I2C_SendData      stm32f10x_i2c.o
    0x0800216a   0x0800216a   0x0000004c   Code   RO         1755    i.Initialize        mpu9250.o
    0x080021b6   0x080021b6   0x00000002   PAD
    0x080021b8   0x080021b8   0x000000b0   Code   RO         1756    i.Initialize_AK8963  mpu9250.o
    0x08002268   0x08002268   0x00000074   Code   RO         1986    i.MPU6050_I2C_Init  mpu6050.o
    0x080022dc   0x080022dc   0x00000020   Code   RO         1758    i.MPU9250_Reset     mpu9250.o
    0x080022fc   0x080022fc   0x00000070   Code   RO         1110    i.NVIC_Init         misc.o
    0x0800236c   0x0800236c   0x00000014   Code   RO         1111    i.NVIC_PriorityGroupConfig  misc.o
    0x08002380   0x08002380   0x00000020   Code   RO          732    i.RCC_APB1PeriphClockCmd  stm32f10x_rcc.o
    0x080023a0   0x080023a0   0x00000020   Code   RO          734    i.RCC_APB2PeriphClockCmd  stm32f10x_rcc.o
    0x080023c0   0x080023c0   0x000000d4   Code   RO          742    i.RCC_GetClocksFreq  stm32f10x_rcc.o
    0x08002494   0x08002494   0x00000008   Code   RO         2127    i.SetSysClock       system_stm32f10x.o
    0x0800249c   0x0800249c   0x000000e0   Code   RO         2128    i.SetSysClockTo72   system_stm32f10x.o
    0x0800257c   0x0800257c   0x0000007c   Code   RO         1760    i.Set_Accel_Range   mpu9250.o
    0x080025f8   0x080025f8   0x00000032   Code   RO         1761    i.Set_Clock         mpu9250.o
    0x0800262a   0x0800262a   0x00000002   PAD
    0x0800262c   0x0800262c   0x0000005c   Code   RO         1762    i.Set_Gyro_Range    mpu9250.o
    0x08002688   0x08002688   0x00000060   Code   RO         2130    i.SystemInit        system_stm32f10x.o
    0x080026e8   0x080026e8   0x00000038   Code   RO            4    i.TIM4_IRQHandler   main.o
    0x08002720   0x08002720   0x00000006   Code   RO         1157    i.TIM_ClearITPendingBit  stm32f10x_tim.o
    0x08002726   0x08002726   0x00000018   Code   RO         1162    i.TIM_Cmd           stm32f10x_tim.o
    0x0800273e   0x0800273e   0x00000022   Code   RO         1183    i.TIM_GetITStatus   stm32f10x_tim.o
    0x08002760   0x08002760   0x00000012   Code   RO         1187    i.TIM_ITConfig      stm32f10x_tim.o
    0x08002772   0x08002772   0x00000002   PAD
    0x08002774   0x08002774   0x000000a4   Code   RO         1233    i.TIM_TimeBaseInit  stm32f10x_tim.o
    0x08002818   0x08002818   0x00000012   Code   RO          930    i.USART_ClearFlag   stm32f10x_usart.o
    0x0800282a   0x0800282a   0x00000018   Code   RO          934    i.USART_Cmd         stm32f10x_usart.o
    0x08002842   0x08002842   0x0000001a   Code   RO          937    i.USART_GetFlagStatus  stm32f10x_usart.o
    0x0800285c   0x0800285c   0x0000004a   Code   RO          940    i.USART_ITConfig    stm32f10x_usart.o
    0x080028a6   0x080028a6   0x00000002   PAD
    0x080028a8   0x080028a8   0x000000d8   Code   RO          941    i.USART_Init        stm32f10x_usart.o
    0x08002980   0x08002980   0x00000008   Code   RO          951    i.USART_SendData    stm32f10x_usart.o
    0x08002988   0x08002988   0x00000084   Code   RO            5    i._Z10Print_Biasv   main.o
    0x08002a0c   0x08002a0c   0x0000008c   Code   RO         1763    i._Z10Write_Bytehhh  mpu9250.o
    0x08002a98   0x08002a98   0x0000002c   Code   RO            6    i._Z10led_togglev   main.o
    0x08002ac4   0x08002ac4   0x000000c8   Code   RO            7    i._Z11LowPass_MagP3Mag  main.o
    0x08002b8c   0x08002b8c   0x00000024   Code   RO            8    i._Z11kalman_initP6kalmanfff  main.o
    0x08002bb0   0x08002bb0   0x000000c4   Code   RO            9    i._Z12LowPass_GyroP4Gyro  main.o
    0x08002c74   0x08002c74   0x00000030   Code   RO          287    i._Z12U_Print_CharP13USART_TypeDefPc  usart_print.o
    0x08002ca4   0x08002ca4   0x000000ec   Code   RO           10    i._Z13LowPass_AccelP5Accel  main.o
    0x08002d90   0x08002d90   0x00000060   Code   RO          288    i._Z13U_Print_floatP13USART_TypeDeff  usart_print.o
    0x08002df0   0x08002df0   0x000000c8   Code   RO           11    i._Z13kalman_updateP6kalmanf  main.o
    0x08002eb8   0x08002eb8   0x000000d8   Code   RO           12    i._Z14Interrupt_Initv  main.o
    0x08002f90   0x08002f90   0x000000cc   Code   RO           13    i._Z14kalman_predictP6kalmanff  main.o
    0x0800305c   0x0800305c   0x000000e8   Code   RO         1764    i._Z16Read_data_bufferhhPht  mpu9250.o
    0x08003144   0x08003144   0x00000006   Code   RO           16    i._Z16kalman_get_angleP6kalman  main.o
    0x0800314a   0x0800314a   0x00000002   PAD
    0x0800314c   0x0800314c   0x00000054   Code   RO          289    i._Z7U_PrintP13USART_TypeDefi  usart_print.o
    0x080031a0   0x080031a0   0x0000000c   Code   RO          142    i._ZSt4acosf        main.o
    0x080031ac   0x080031ac   0x0000000c   Code   RO          148    i._ZSt4sqrtf        main.o
    0x080031b8   0x080031b8   0x00000008   Code   RO         2206    i._ZdlPv            cpprt_w.l(delete.o)
    0x080031c0   0x080031c0   0x00000008   Code   RO         2202    i._Znaj             cpprt_w.l(array_new.o)
    0x080031c8   0x080031c8   0x00000028   Code   RO         2347    i._Znwj             cpprt_w.l(new.o)
    0x080031f0   0x080031f0   0x00000028   Code   RO         2624    i.__ARM_fpclassify  m_ws.l(fpclassify.o)
    0x08003218   0x08003218   0x00000026   Code   RO         2384    i.__ARM_fpclassifyf  m_ws.l(fpclassifyf.o)
    0x0800323e   0x0800323e   0x00000006   Code   RO         2387    i.__mathlib_flt_infnan  m_ws.l(funder.o)
    0x08003244   0x08003244   0x00000004   Code   RO         2388    i.__mathlib_flt_infnan2  m_ws.l(funder.o)
    0x08003248   0x08003248   0x00000008   Code   RO         2389    i.__mathlib_flt_invalid  m_ws.l(funder.o)
    0x08003250   0x08003250   0x0000000a   Code   RO         2392    i.__mathlib_flt_underflow  m_ws.l(funder.o)
    0x0800325a   0x0800325a   0x0000000e   Code   RO         2183    i._is_digit         c_w.l(__printf_wp.o)
    0x08003268   0x08003268   0x0000011c   Code   RO         2256    i.acosf             m_ws.l(acosf.o)
    0x08003384   0x08003384   0x0000025c   Code   RO         2264    i.atan2f            m_ws.l(atan2f.o)
    0x080035e0   0x080035e0   0x0000041e   Code   RO         1766    i.calibrateMPU9250  mpu9250.o
    0x080039fe   0x080039fe   0x0000000a   Code   RO         1767    i.delay             mpu9250.o
    0x08003a08   0x08003a08   0x000005cc   Code   RO           19    i.main              main.o
    0x08003fd4   0x08003fd4   0x0000002c   Code   RO         2272    i.sqrtf             m_ws.l(sqrtf.o)
    0x08004000   0x08004000   0x0000002c   Code   RO         2491    locale$$code        c_w.l(lc_numeric_c.o)
    0x0800402c   0x0800402c   0x00000062   Code   RO         2209    x$fpl$d2f           fz_ws.l(d2f.o)
    0x0800408e   0x0800408e   0x00000002   PAD
    0x08004090   0x08004090   0x00000150   Code   RO         2211    x$fpl$dadd          fz_ws.l(daddsub_clz.o)
    0x080041e0   0x080041e0   0x00000018   Code   RO         2367    x$fpl$dcmpinf       fz_ws.l(dcmpi.o)
    0x080041f8   0x080041f8   0x0000005e   Code   RO         2221    x$fpl$dfix          fz_ws.l(dfix.o)
    0x08004256   0x08004256   0x00000002   PAD
    0x08004258   0x08004258   0x00000078   Code   RO         2225    x$fpl$dleqf         fz_ws.l(dleqf.o)
    0x080042d0   0x080042d0   0x00000154   Code   RO         2227    x$fpl$dmul          fz_ws.l(dmul.o)
    0x08004424   0x08004424   0x0000009c   Code   RO         2369    x$fpl$dnaninf       fz_ws.l(dnaninf.o)
    0x080044c0   0x080044c0   0x0000000c   Code   RO         2371    x$fpl$dretinf       fz_ws.l(dretinf.o)
    0x080044cc   0x080044cc   0x0000006c   Code   RO         2229    x$fpl$drleqf        fz_ws.l(drleqf.o)
    0x08004538   0x08004538   0x000001d4   Code   RO         2213    x$fpl$dsub          fz_ws.l(daddsub_clz.o)
    0x0800470c   0x0800470c   0x00000056   Code   RO         2231    x$fpl$f2d           fz_ws.l(f2d.o)
    0x08004762   0x08004762   0x00000002   PAD
    0x08004764   0x08004764   0x000000c4   Code   RO         2233    x$fpl$fadd          fz_ws.l(faddsub_clz.o)
    0x08004828   0x08004828   0x0000000c   Code   RO         2620    x$fpl$fcheck1       fz_ws.l(fcheck1.o)
    0x08004834   0x08004834   0x00000018   Code   RO         2373    x$fpl$fcmpinf       fz_ws.l(fcmpi.o)
    0x0800484c   0x0800484c   0x00000184   Code   RO         2240    x$fpl$fdiv          fz_ws.l(fdiv.o)
    0x080049d0   0x080049d0   0x00000030   Code   RO         2244    x$fpl$fflt          fz_ws.l(fflt_clz.o)
    0x08004a00   0x08004a00   0x00000026   Code   RO         2243    x$fpl$ffltu         fz_ws.l(fflt_clz.o)
    0x08004a26   0x08004a26   0x00000002   PAD
    0x08004a28   0x08004a28   0x00000068   Code   RO         2249    x$fpl$fleqf         fz_ws.l(fleqf.o)
    0x08004a90   0x08004a90   0x00000102   Code   RO         2251    x$fpl$fmul          fz_ws.l(fmul.o)
    0x08004b92   0x08004b92   0x0000008c   Code   RO         2375    x$fpl$fnaninf       fz_ws.l(fnaninf.o)
    0x08004c1e   0x08004c1e   0x0000000a   Code   RO         2377    x$fpl$fretinf       fz_ws.l(fretinf.o)
    0x08004c28   0x08004c28   0x00000014   Code   RO         2234    x$fpl$frsb          fz_ws.l(faddsub_clz.o)
    0x08004c3c   0x08004c3c   0x00000110   Code   RO         2379    x$fpl$fsqrt         fz_ws.l(fsqrt.o)
    0x08004d4c   0x08004d4c   0x000000ea   Code   RO         2235    x$fpl$fsub          fz_ws.l(faddsub_clz.o)
    0x08004e36   0x08004e36   0x00000004   Code   RO         2253    x$fpl$printf1       fz_ws.l(printf1.o)
    0x08004e3a   0x08004e3a   0x00000064   Code   RO         2731    x$fpl$retnan        fz_ws.l(retnan.o)
    0x08004e9e   0x08004e9e   0x0000004c   Code   RO         2381    x$fpl$scalbnf       fz_ws.l(scalbnf.o)
    0x08004eea   0x08004eea   0x00000030   Code   RO         2765    x$fpl$trapveneer    fz_ws.l(trapv.o)
    0x08004f1a   0x08004f1a   0x00000000   Code   RO         2383    x$fpl$usenofp       fz_ws.l(usenofp.o)
    0x08004f1a   0x08004f1a   0x00000011   Data   RO         2186    .constdata          c_w.l(__printf_flags_wp.o)
    0x08004f2b   0x08004f2b   0x00000001   PAD
    0x08004f2c   0x08004f2c   0x00000094   Data   RO         2466    .constdata          c_w.l(bigflt0.o)
    0x08004fc0   0x08004fc0   0x00000020   Data   RO         2842    Region$$Table       anon$$obj.o
    0x08004fe0   0x08004fe0   0x0000001c   Data   RO         2490    locale$$data        c_w.l(lc_numeric_c.o)


    Execution Region RW_IRAM1 (Exec base: 0x20000000, Load base: 0x08004ffc, Size: 0x000006d8, Max: 0x00005000, ABSOLUTE)

    Exec Addr    Load Addr    Size         Type   Attr      Idx    E Section Name        Object

    0x20000000   0x08004ffc   0x0000002c   Data   RW           40    .data               main.o
    0x2000002c   0x08005028   0x00000014   Data   RW          762    .data               stm32f10x_rcc.o
    0x20000040   0x0800503c   0x00000003   Data   RW         1788    .data               mpu9250.o
    0x20000043   0x0800503f   0x00000001   PAD
    0x20000044        -       0x00000030   Zero   RW           39    .bss                main.o
    0x20000074        -       0x00000060   Zero   RW         2627    .bss                c_w.l(libspace.o)
    0x200000d4   0x0800503f   0x00000004   PAD
    0x200000d8        -       0x00000200   Zero   RW         2121    HEAP                startup_stm32f10x_md.o
    0x200002d8        -       0x00000400   Zero   RW         2120    STACK               startup_stm32f10x_md.o


==============================================================================

Image component sizes


      Code (inc. data)   RO Data    RW Data    ZI Data      Debug   Object Name

         0          0          0          0          0       4540   core_cm3.o
      3270        472          0         44         48     266118   main.o
       132         22          0          0          0       1595   misc.o
       116         12          0          0          0        591   mpu6050.o
      3272         98          0          3          0      10807   mpu9250.o
        64         26        236          0       1536        832   startup_stm32f10x_md.o
       200         18          0          0          0       2184   stm32f10x_exti.o
       394          4          0          0          0     263068   stm32f10x_gpio.o
       462         14          0          0          0       7888   stm32f10x_i2c.o
       276         32          0         20          0       4510   stm32f10x_rcc.o
       246         42          0          0          0       3658   stm32f10x_tim.o
       366          6          0          0          0       5539   stm32f10x_usart.o
       328         28          0          0          0       2013   system_stm32f10x.o
       228         18          0          0          0       2281   usart_print.o

    ----------------------------------------------------------------------
      9368        792        268         68       1584     575624   Object Totals
         0          0         32          0          0          0   (incl. Generated)
        14          0          0          1          0          0   (incl. Padding)

    ----------------------------------------------------------------------

      Code (inc. data)   RO Data    RW Data    ZI Data      Debug   Library Member Name

        44          6          0          0          0         84   __2sprintf.o
         8          0          0          0          0         68   __main.o
       312          4         17          0          0         92   __printf_flags_wp.o
        14          0          0          0          0         68   __printf_wp.o
         0          0          0          0          0          0   __rtentry.o
        12          0          0          0          0          0   __rtentry2.o
         6          0          0          0          0          0   __rtentry4.o
        52          8          0          0          0          0   __scatter.o
        26          0          0          0          0          0   __scatter_copy.o
        28          0          0          0          0          0   __scatter_zi.o
        48          6          0          0          0         96   _printf_char_common.o
         6          0          0          0          0          0   _printf_d.o
       120         16          0          0          0         92   _printf_dec.o
         6          0          0          0          0          0   _printf_f.o
      1054          0          0          0          0        216   _printf_fp_dec.o
       128         16          0          0          0         84   _printf_fp_infnan.o
       178          0          0          0          0         88   _printf_intcommon.o
        78          0          0          0          0        108   _printf_pad.o
         0          0          0          0          0          0   _printf_percent.o
         4          0          0          0          0          0   _printf_percent_end.o
        22          0          0          0          0        100   _rserrno.o
        10          0          0          0          0         68   _sputc.o
        22          0          0          0          0         80   abort.o
       228          4        148          0          0         96   bigflt0.o
      1936        128          0          0          0        672   btod.o
        48         34          0          0          0         76   defsig_abrt_inner.o
        14          0          0          0          0         80   defsig_abrt_outer.o
        10          0          0          0          0         68   defsig_exit.o
        50          0          0          0          0         88   defsig_general.o
        80         58          0          0          0         76   defsig_rtmem_inner.o
        14          0          0          0          0         80   defsig_rtmem_outer.o
        18          0          0          0          0         80   exit.o
        94          0          0          0          0         80   h1_alloc.o
        52          0          0          0          0         68   h1_extend.o
        78          0          0          0          0         80   h1_free.o
        14          0          0          0          0         84   h1_init.o
         6          0          0          0          0        152   heapauxi.o
         4          0          0          0          0        136   hguard.o
         0          0          0          0          0          0   indicate_semi.o
       138          0          0          0          0        168   init_alloc.o
        44         10         28          0          0         76   lc_numeric_c.o
         2          0          0          0          0          0   libinit.o
        26          0          0          0          0          0   libinit2.o
         2          0          0          0          0          0   libshutdown.o
         2          0          0          0          0          0   libshutdown2.o
         8          4          0          0         96         68   libspace.o
       138          0          0          0          0         80   lludiv10.o
         0          0          0          0          0          0   maybetermalloc1.o
         8          4          0          0          0         68   rt_eh_globals_addr_intlibspace.o
         8          4          0          0          0         68   rt_errno_addr_intlibspace.o
         8          4          0          0          0         68   rt_heap_descriptor_intlibspace.o
         8          4          0          0          0         68   rt_locale_intlibspace.o
        78          0          0          0          0         80   rt_memclr_w.o
         8          4          0          0          0         68   rt_new_handler_addr_intlibspace.o
         2          0          0          0          0          0   rtexit.o
        10          0          0          0          0          0   rtexit2.o
       128          0          0          0          0         68   strcmpv7m.o
        12          4          0          0          0         68   sys_exit.o
        74          0          0          0          0         80   sys_stackheap_outer.o
        14          0          0          0          0         76   sys_wrch.o
         2          0          0          0          0         68   use_no_semi.o
        80         12          0          0          0        104   arm_exceptions_globs.o
        60          0          0          0          0        108   arm_exceptions_mem.o
        26          0          0          0          0         76   arm_exceptions_terminate.o
         4          0          0          0          0         68   arm_newhandler_noexceptions.o
         8          0          0          0          0         76   array_new.o
         8          0          0          0          0         76   delete.o
        40          6          0          0          0         76   new.o
        98          4          0          0          0         92   d2f.o
       804         16          0          0          0        272   daddsub_clz.o
        24          0          0          0          0         68   dcmpi.o
        94          4          0          0          0         92   dfix.o
       120          4          0          0          0         92   dleqf.o
       340         12          0          0          0        104   dmul.o
       156          4          0          0          0         92   dnaninf.o
        12          0          0          0          0         68   dretinf.o
       108          0          0          0          0         80   drleqf.o
        86          4          0          0          0         84   f2d.o
       450          8          0          0          0        236   faddsub_clz.o
        12          4          0          0          0         68   fcheck1.o
        24          0          0          0          0         68   fcmpi.o
       388         76          0          0          0         96   fdiv.o
        86          0          0          0          0        136   fflt_clz.o
       104          4          0          0          0         84   fleqf.o
       258          4          0          0          0         84   fmul.o
       140          4          0          0          0         84   fnaninf.o
        10          0          0          0          0         68   fretinf.o
       272        100          0          0          0         88   fsqrt.o
         4          0          0          0          0         68   printf1.o
       100          0          0          0          0         68   retnan.o
        76          0          0          0          0         68   scalbnf.o
        48          0          0          0          0         68   trapv.o
         0          0          0          0          0          0   usenofp.o
       284         42          0          0          0        120   acosf.o
       604         76          0          0          0        116   atan2f.o
        40          0          0          0          0         68   fpclassify.o
        38          0          0          0          0         68   fpclassifyf.o
        28          0          0          0          0        272   funder.o
        44          0          0          0          0         80   sqrtf.o

    ----------------------------------------------------------------------
     10646        702        194          0        100       7968   Library Totals
        24          0          1          0          4          0   (incl. Padding)

    ----------------------------------------------------------------------

      Code (inc. data)   RO Data    RW Data    ZI Data      Debug   Library Name

      5544        318        193          0         96       4332   c_w.l
       226         18          0          0          0        584   cpprt_w.l
      3814        248          0          0          0       2328   fz_ws.l
      1038        118          0          0          0        724   m_ws.l

    ----------------------------------------------------------------------
     10646        702        194          0        100       7968   Library Totals

    ----------------------------------------------------------------------

==============================================================================


      Code (inc. data)   RO Data    RW Data    ZI Data      Debug   

     20014       1494        462         68       1684     575060   Grand Totals
     20014       1494        462         68       1684     575060   ELF Image Totals
     20014       1494        462         68          0          0   ROM Totals

==============================================================================

    Total RO  Size (Code + RO Data)                20476 (  20.00kB)
    Total RW  Size (RW Data + ZI Data)              1752 (   1.71kB)
    Total ROM Size (Code + RO Data + RW Data)      20544 (  20.06kB)

==============================================================================

