Product: MDK-ARM Standard 5.10
Component: ARM Compiler 5.04 update 1 (build 49)
Tool: armlink [5040049]

==============================================================================

Section Cross References

    main.o(i.TIM4_IRQHandler) refers to stm32f10x_tim.o(i.TIM_GetITStatus) for TIM_GetITStatus
    main.o(i.TIM4_IRQHandler) refers to stm32f10x_tim.o(i.TIM_ClearITPendingBit) for TIM_ClearITPendingBit
    main.o(i.TIM4_IRQHandler) refers to main.o(.data) for timer
    main.o(i._Z10led_togglev) refers to stm32f10x_gpio.o(i.GPIO_ReadOutputDataBit) for GPIO_ReadOutputDataBit
    main.o(i._Z10led_togglev) refers to stm32f10x_gpio.o(i.GPIO_ResetBits) for GPIO_ResetBits
    main.o(i._Z10led_togglev) refers to stm32f10x_gpio.o(i.GPIO_SetBits) for GPIO_SetBits
    main.o(i._Z11LowPass_MagP3Mag) refers to mpu9250.o(i.AK8963_turn_on) for AK8963_turn_on
    main.o(i._Z11LowPass_MagP3Mag) refers to mpu9250.o(i.Initialize_AK8963) for Initialize_AK8963
    main.o(i._Z11LowPass_MagP3Mag) refers to mpu9250.o(i.Get_Mag) for Get_Mag
    main.o(i._Z11LowPass_MagP3Mag) refers to mpu9250.o(i.AK8963_turn_off) for AK8963_turn_off
    main.o(i._Z11LowPass_MagP3Mag) refers to f2d.o(x$fpl$f2d) for __aeabi_f2d
    main.o(i._Z11LowPass_MagP3Mag) refers to dmul.o(x$fpl$dmul) for __aeabi_dmul
    main.o(i._Z11LowPass_MagP3Mag) refers to daddsub_clz.o(x$fpl$dadd) for __aeabi_dadd
    main.o(i._Z11LowPass_MagP3Mag) refers to d2f.o(x$fpl$d2f) for __aeabi_d2f
    main.o(i._Z11LowPass_MagP3Mag) refers to usart_print.o(i._Z12U_Print_CharP13USART_TypeDefPc) for U_Print_Char(USART_TypeDef*, char*)
    main.o(i._Z11LowPass_MagP3Mag) refers to usart_print.o(i._Z13U_Print_floatP13USART_TypeDeff) for U_Print_float(USART_TypeDef*, float)
    main.o(i._Z12LowPass_GyroP4Gyro) refers to mpu9250.o(i.Get_Gyro) for Get_Gyro
    main.o(i._Z12LowPass_GyroP4Gyro) refers to f2d.o(x$fpl$f2d) for __aeabi_f2d
    main.o(i._Z12LowPass_GyroP4Gyro) refers to dmul.o(x$fpl$dmul) for __aeabi_dmul
    main.o(i._Z12LowPass_GyroP4Gyro) refers to daddsub_clz.o(x$fpl$dadd) for __aeabi_dadd
    main.o(i._Z12LowPass_GyroP4Gyro) refers to d2f.o(x$fpl$d2f) for __aeabi_d2f
    main.o(i._Z12LowPass_GyroP4Gyro) refers to mpu6050.o(i.MPU6050_GetRawAccelGyro) for MPU6050_GetRawAccelGyro
    main.o(i._Z13LowPass_AccelP5Accel) refers to mpu9250.o(i.Get_Accel) for Get_Accel
    main.o(i._Z13LowPass_AccelP5Accel) refers to f2d.o(x$fpl$f2d) for __aeabi_f2d
    main.o(i._Z13LowPass_AccelP5Accel) refers to dmul.o(x$fpl$dmul) for __aeabi_dmul
    main.o(i._Z13LowPass_AccelP5Accel) refers to daddsub_clz.o(x$fpl$dadd) for __aeabi_dadd
    main.o(i._Z13LowPass_AccelP5Accel) refers to d2f.o(x$fpl$d2f) for __aeabi_d2f
    main.o(i._Z13LowPass_AccelP5Accel) refers to mpu6050.o(i.MPU6050_GetRawAccelGyro) for MPU6050_GetRawAccelGyro
    main.o(i._Z13kalman_updateP6kalmanf) refers to faddsub_clz.o(x$fpl$fsub) for __aeabi_fsub
    main.o(i._Z13kalman_updateP6kalmanf) refers to faddsub_clz.o(x$fpl$fadd) for __aeabi_fadd
    main.o(i._Z13kalman_updateP6kalmanf) refers to fdiv.o(x$fpl$fdiv) for __aeabi_fdiv
    main.o(i._Z13kalman_updateP6kalmanf) refers to fmul.o(x$fpl$fmul) for __aeabi_fmul
    main.o(i._Z13kalman_updateP6kalmanf) refers to faddsub_clz.o(x$fpl$frsb) for __aeabi_frsub
    main.o(i._Z13kalman_updateP6kalmanf) refers to main.o(.data) for y
    main.o(i._Z14kalman_predictP6kalmanff) refers to faddsub_clz.o(x$fpl$fsub) for __aeabi_fsub
    main.o(i._Z14kalman_predictP6kalmanff) refers to fmul.o(x$fpl$fmul) for __aeabi_fmul
    main.o(i._Z14kalman_predictP6kalmanff) refers to faddsub_clz.o(x$fpl$fadd) for __aeabi_fadd
    main.o(i._Z14kalman_predictP6kalmanff) refers to main.o(.data) for gyro_rate_unbiased
    main.o(i._Z8Distanceff) refers to fmul.o(x$fpl$fmul) for __aeabi_fmul
    main.o(i._Z8Distanceff) refers to faddsub_clz.o(x$fpl$fadd) for __aeabi_fadd
    main.o(i._Z8Distanceff) refers to main.o(i._ZSt4sqrtf) for std::sqrt(float)
    main.o(i.main) refers to stm32f10x_rcc.o(i.RCC_APB1PeriphClockCmd) for RCC_APB1PeriphClockCmd
    main.o(i.main) refers to stm32f10x_rcc.o(i.RCC_APB2PeriphClockCmd) for RCC_APB2PeriphClockCmd
    main.o(i.main) refers to stm32f10x_gpio.o(i.GPIO_Init) for GPIO_Init
    main.o(i.main) refers to stm32f10x_gpio.o(i.GPIO_SetBits) for GPIO_SetBits
    main.o(i.main) refers to stm32f10x_usart.o(i.USART_Init) for USART_Init
    main.o(i.main) refers to stm32f10x_usart.o(i.USART_ITConfig) for USART_ITConfig
    main.o(i.main) refers to stm32f10x_usart.o(i.USART_Cmd) for USART_Cmd
    main.o(i.main) refers to stm32f10x_i2c.o(i.I2C_Init) for I2C_Init
    main.o(i.main) refers to stm32f10x_i2c.o(i.I2C_Cmd) for I2C_Cmd
    main.o(i.main) refers to mpu6050.o(i.MPU6050_I2C_Init) for MPU6050_I2C_Init
    main.o(i.main) refers to stm32f10x_tim.o(i.TIM_TimeBaseInit) for TIM_TimeBaseInit
    main.o(i.main) refers to stm32f10x_tim.o(i.TIM_Cmd) for TIM_Cmd
    main.o(i.main) refers to stm32f10x_tim.o(i.TIM_ITConfig) for TIM_ITConfig
[...]
    .ARM.Collect$$rtentry$$0000000C          0x08000194   Section        0  rtentry2.o(.ARM.Collect$$rtentry$$0000000C)
    .ARM.Collect$$rtentry$$0000000D          0x08000194   Section        8  rtentry2.o(.ARM.Collect$$rtentry$$0000000D)
    .ARM.Collect$$rtexit$$00000000           0x0800019c   Section        2  rtexit.o(.ARM.Collect$$rtexit$$00000000)
    .ARM.Collect$$rtexit$$00000002           0x0800019e   Section        0  rtexit2.o(.ARM.Collect$$rtexit$$00000002)
    .ARM.Collect$$rtexit$$00000003           0x0800019e   Section        4  rtexit2.o(.ARM.Collect$$rtexit$$00000003)
    .ARM.Collect$$rtexit$$00000004           0x080001a2   Section        6  rtexit2.o(.ARM.Collect$$rtexit$$00000004)
    .emb_text                                0x080001a8   Section        0  maybetermalloc1.o(.emb_text)
    .text                                    0x080001a8   Section       64  startup_stm32f10x_md.o(.text)
    .text                                    0x080001e8   Section        0  __2sprintf.o(.text)
    .text                                    0x08000214   Section        0  __printf_flags_wp.o(.text)
    .text                                    0x0800034c   Section       78  rt_memclr_w.o(.text)
    .text                                    0x0800039a   Section        0  heapauxi.o(.text)
    .text                                    0x080003a0   Section        0  h1_free.o(.text)
    .text                                    0x080003ee   Section        0  _rserrno.o(.text)
    .text                                    0x08000404   Section        0  _printf_fp_dec.o(.text)
    _fp_digits                               0x08000407   Thumb Code   428  _printf_fp_dec.o(.text)
    .text                                    0x0800081c   Section        0  _printf_char_common.o(.text)
    _printf_input_char                       0x0800081d   Thumb Code    10  _printf_char_common.o(.text)
    .text                                    0x0800084c   Section        0  _sputc.o(.text)
    .text                                    0x08000858   Section        8  rt_heap_descriptor_intlibspace.o(.text)
    .text                                    0x08000860   Section        8  rt_locale_intlibspace.o(.text)
    .text                                    0x08000868   Section        8  rt_new_handler_addr_intlibspace.o(.text)
    .text                                    0x08000870   Section        8  rt_errno_addr_intlibspace.o(.text)
    .text                                    0x08000878   Section        0  hguard.o(.text)
    .text                                    0x0800087c   Section        0  init_alloc.o(.text)
    .text                                    0x08000906   Section        0  h1_alloc.o(.text)
    .text                                    0x08000964   Section      138  lludiv10.o(.text)
    .text                                    0x080009f0   Section        0  _printf_fp_infnan.o(.text)
    .text                                    0x08000a70   Section        0  bigflt0.o(.text)
    .text                                    0x08000b48   Section        0  arm_newhandler_noexceptions.o(.text)
    .text                                    0x08000b4c   Section        8  libspace.o(.text)
    .text                                    0x08000b54   Section       74  sys_stackheap_outer.o(.text)
    .text                                    0x08000b9e   Section        0  h1_init.o(.text)
    .text                                    0x08000bac   Section        0  h1_extend.o(.text)
    .text                                    0x08000be0   Section        0  exit.o(.text)
    .text                                    0x08000bec   Section        0  defsig_rtmem_outer.o(.text)
    .text                                    0x08000bfc   Section      128  strcmpv7m.o(.text)
    .text                                    0x08000c7c   Section        0  arm_exceptions_terminate.o(.text)
    .text                                    0x08000c96   Section        0  abort.o(.text)
    .text                                    0x08000ca6   Section        0  defsig_exit.o(.text)
    .text                                    0x08000cb0   Section        0  defsig_rtmem_inner.o(.text)
    .text                                    0x08000d00   Section        0  arm_exceptions_globs.o(.text)
    __default_terminate_handler()            0x08000d01   Thumb Code     6  arm_exceptions_globs.o(.text)
    .text                                    0x08000d50   Section        0  sys_exit.o(.text)
    .text                                    0x08000d5c   Section        2  use_no_semi.o(.text)
    .text                                    0x08000d5e   Section        0  indicate_semi.o(.text)
    .text                                    0x08000d60   Section        8  rt_eh_globals_addr_intlibspace.o(.text)
    .text                                    0x08000d68   Section        0  defsig_general.o(.text)
    .text                                    0x08000d9a   Section        0  defsig_abrt_outer.o(.text)
    .text                                    0x08000da8   Section        0  arm_exceptions_mem.o(.text)
    .text                                    0x08000de4   Section        0  sys_wrch.o(.text)
    .text                                    0x08000df4   Section        0  defsig_abrt_inner.o(.text)
    CL$$btod_d2e                             0x08000e24   Section       62  btod.o(CL$$btod_d2e)
    CL$$btod_d2e_denorm_low                  0x08000e62   Section       70  btod.o(CL$$btod_d2e_denorm_low)
    CL$$btod_d2e_norm_op1                    0x08000ea8   Section       96  btod.o(CL$$btod_d2e_norm_op1)
    CL$$btod_div_common                      0x08000f08   Section      824  btod.o(CL$$btod_div_common)
    CL$$btod_e2e                             0x08001240   Section      198  btod.o(CL$$btod_e2e)
    CL$$btod_ediv                            0x08001306   Section       40  btod.o(CL$$btod_ediv)
    CL$$btod_emul                            0x0800132e   Section       40  btod.o(CL$$btod_emul)
    CL$$btod_mult_common                     0x08001356   Section      580  btod.o(CL$$btod_mult_common)
    i.AK8963_turn_off                        0x0800159a   Section        0  mpu9250.o(i.AK8963_turn_off)
    i.AK8963_turn_on                         0x080015b2   Section        0  mpu9250.o(i.AK8963_turn_on)
    i.Check_Connection                       0x080015ca   Section        0  mpu9250.o(i.Check_Connection)
    i.GPIO_Init                              0x080015f8   Section        0  stm32f10x_gpio.o(i.GPIO_Init)
    i.GPIO_ReadOutputDataBit                 0x0800170e   Section        0  stm32f10x_gpio.o(i.GPIO_ReadOutputDataBit)
    i.GPIO_ResetBits                         0x08001720   Section        0  stm32f10x_gpio.o(i.GPIO_ResetBits)
    i.GPIO_SetBits                           0x08001724   Section        0  stm32f10x_gpio.o(i.GPIO_SetBits)
    i.Get_Accel                              0x08001728   Section        0  mpu9250.o(i.Get_Accel)
    i.Get_Gyro                               0x080018d8   Section        0  mpu9250.o(i.Get_Gyro)
    i.Get_Mag                                0x08001a88   Section        0  mpu9250.o(i.Get_Mag)
    i.I2C_AcknowledgeConfig                  0x08001b54   Section        0  stm32f10x_i2c.o(i.I2C_AcknowledgeConfig)
    i.I2C_CheckEvent                         0x08001b6c   Section        0  stm32f10x_i2c.o(i.I2C_CheckEvent)
    i.I2C_Cmd                                0x08001b96   Section        0  stm32f10x_i2c.o(i.I2C_Cmd)
    i.I2C_GenerateSTART                      0x08001bae   Section        0  stm32f10x_i2c.o(i.I2C_GenerateSTART)
    i.I2C_GenerateSTOP                       0x08001bc6   Section        0  stm32f10x_i2c.o(i.I2C_GenerateSTOP)
    i.I2C_GetFlagStatus                      0x08001bde   Section        0  stm32f10x_i2c.o(i.I2C_GetFlagStatus)
    i.I2C_Init                               0x08001c18   Section        0  stm32f10x_i2c.o(i.I2C_Init)
    i.I2C_ReceiveData                        0x08001d04   Section        0  stm32f10x_i2c.o(i.I2C_ReceiveData)
    i.I2C_Send7bitAddress                    0x08001d0c   Section        0  stm32f10x_i2c.o(i.I2C_Send7bitAddress)
    i.I2C_SendData                           0x08001d1e   Section        0  stm32f10x_i2c.o(i.I2C_SendData)
    i.Initialize                             0x08001d22   Section        0  mpu9250.o(i.Initialize)
    i.Initialize_AK8963                      0x08001d90   Section        0  mpu9250.o(i.Initialize_AK8963)
    i.MPU6050_GetDeviceID                    0x08001db8   Section        0  mpu6050.o(i.MPU6050_GetDeviceID)
    i.MPU6050_GetRawAccelGyro                0x08001dd0   Section        0  mpu6050.o(i.MPU6050_GetRawAccelGyro)
    i.MPU6050_I2C_BufferRead                 0x080021a0   Section        0  mpu6050.o(i.MPU6050_I2C_BufferRead)
    i.MPU6050_I2C_ByteWrite                  0x08002288   Section        0  mpu6050.o(i.MPU6050_I2C_ByteWrite)
    i.MPU6050_I2C_Init                       0x080022ec   Section        0  mpu6050.o(i.MPU6050_I2C_Init)
    i.MPU6050_Initialize                     0x08002360   Section        0  mpu6050.o(i.MPU6050_Initialize)
    i.MPU6050_ReadBits                       0x0800237c   Section        0  mpu6050.o(i.MPU6050_ReadBits)
    i.MPU6050_SetClockSource                 0x080023ca   Section        0  mpu6050.o(i.MPU6050_SetClockSource)
    i.MPU6050_SetFullScaleAccelRange         0x080023de   Section        0  mpu6050.o(i.MPU6050_SetFullScaleAccelRange)
    i.MPU6050_SetFullScaleGyroRange          0x080023f2   Section        0  mpu6050.o(i.MPU6050_SetFullScaleGyroRange)
    i.MPU6050_SetSleepModeStatus             0x08002406   Section        0  mpu6050.o(i.MPU6050_SetSleepModeStatus)
    i.MPU6050_TestConnection                 0x08002418   Section        0  mpu6050.o(i.MPU6050_TestConnection)
    i.MPU6050_WriteBit                       0x0800242a   Section        0  mpu6050.o(i.MPU6050_WriteBit)
    i.MPU6050_WriteBits                      0x0800246a   Section        0  mpu6050.o(i.MPU6050_WriteBits)
    i.NVIC_Init                              0x080024c4   Section        0  misc.o(i.NVIC_Init)
    i.NVIC_PriorityGroupConfig               0x08002534   Section        0  misc.o(i.NVIC_PriorityGroupConfig)
    i.RCC_APB1PeriphClockCmd                 0x08002548   Section        0  stm32f10x_rcc.o(i.RCC_APB1PeriphClockCmd)
    i.RCC_APB2PeriphClockCmd                 0x08002568   Section        0  stm32f10x_rcc.o(i.RCC_APB2PeriphClockCmd)
    i.RCC_GetClocksFreq                      0x08002588   Section        0  stm32f10x_rcc.o(i.RCC_GetClocksFreq)
    i.Read_data_buffer                       0x0800265c   Section        0  mpu9250.o(i.Read_data_buffer)
    i.SetSysClock                            0x08002744   Section        0  system_stm32f10x.o(i.SetSysClock)
    SetSysClock                              0x08002745   Thumb Code     8  system_stm32f10x.o(i.SetSysClock)
    i.SetSysClockTo72                        0x0800274c   Section        0  system_stm32f10x.o(i.SetSysClockTo72)
    SetSysClockTo72                          0x0800274d   Thumb Code   214  system_stm32f10x.o(i.SetSysClockTo72)
    i.Set_Accel_Range                        0x0800282c   Section        0  mpu9250.o(i.Set_Accel_Range)
    i.Set_Clock                              0x08002844   Section        0  mpu9250.o(i.Set_Clock)
    i.Set_Gyro_Range                         0x08002876   Section        0  mpu9250.o(i.Set_Gyro_Range)
    i.SystemInit                             0x08002890   Section        0  system_stm32f10x.o(i.SystemInit)
    i.TIM4_IRQHandler                        0x080028f0   Section        0  main.o(i.TIM4_IRQHandler)
    i.TIM_ClearITPendingBit                  0x08002928   Section        0  stm32f10x_tim.o(i.TIM_ClearITPendingBit)
    i.TIM_Cmd                                0x0800292e   Section        0  stm32f10x_tim.o(i.TIM_Cmd)
    i.TIM_GetITStatus                        0x08002946   Section        0  stm32f10x_tim.o(i.TIM_GetITStatus)
    i.TIM_ITConfig                           0x08002968   Section        0  stm32f10x_tim.o(i.TIM_ITConfig)
    i.TIM_TimeBaseInit                       0x0800297c   Section        0  stm32f10x_tim.o(i.TIM_TimeBaseInit)
    i.USART_ClearFlag                        0x08002a20   Section        0  stm32f10x_usart.o(i.USART_ClearFlag)
    i.USART_Cmd                              0x08002a32   Section        0  stm32f10x_usart.o(i.USART_Cmd)
    i.USART_GetFlagStatus                    0x08002a4a   Section        0  stm32f10x_usart.o(i.USART_GetFlagStatus)
    i.USART_ITConfig                         0x08002a64   Section        0  stm32f10x_usart.o(i.USART_ITConfig)
    i.USART_Init                             0x08002ab0   Section        0  stm32f10x_usart.o(i.USART_Init)
    i.USART_SendData                         0x08002b88   Section        0  stm32f10x_usart.o(i.USART_SendData)
    i.Write_Bytes                            0x08002b90   Section        0  mpu9250.o(i.Write_Bytes)
    i._Z10led_togglev                        0x08002c1c   Section        0  main.o(i._Z10led_togglev)
    i._Z11LowPass_MagP3Mag                   0x08002c48   Section        0  main.o(i._Z11LowPass_MagP3Mag)
    i._Z11kalman_initP6kalmanfff             0x08002e68   Section        0  main.o(i._Z11kalman_initP6kalmanfff)
    i._Z12LowPass_GyroP4Gyro                 0x08002e8c   Section        0  main.o(i._Z12LowPass_GyroP4Gyro)
    i._Z12U_Print_CharP13USART_TypeDefPc     0x080030ac   Section        0  usart_print.o(i._Z12U_Print_CharP13USART_TypeDefPc)
    i._Z13LowPass_AccelP5Accel               0x080030dc   Section        0  main.o(i._Z13LowPass_AccelP5Accel)
    i._Z13U_Print_floatP13USART_TypeDeff     0x080032fc   Section        0  usart_print.o(i._Z13U_Print_floatP13USART_TypeDeff)
    i._Z13kalman_updateP6kalmanf             0x0800335c   Section        0  main.o(i._Z13kalman_updateP6kalmanf)
    i._Z14kalman_predictP6kalmanff           0x08003424   Section        0  main.o(i._Z14kalman_predictP6kalmanff)
    i._Z16kalman_get_angleP6kalman           0x080034f0   Section        0  main.o(i._Z16kalman_get_angleP6kalman)
    i._Z8Distanceff                          0x080034f6   Section        0  main.o(i._Z8Distanceff)
    i._ZSt4acosf                             0x08003522   Section        0  main.o(i._ZSt4acosf)
    i._ZSt4sqrtf                             0x0800352e   Section        0  main.o(i._ZSt4sqrtf)
    i._ZSt5atan2ff                           0x0800353a   Section        0  main.o(i._ZSt5atan2ff)
    i._ZdlPv                                 0x0800354a   Section        0  delete.o(i._ZdlPv)
    i._Znaj                                  0x08003552   Section        0  array_new.o(i._Znaj)
    i._Znwj                                  0x0800355c   Section        0  new.o(i._Znwj)
    i.__ARM_fpclassify                       0x08003584   Section        0  fpclassify.o(i.__ARM_fpclassify)
    i.__ARM_fpclassifyf                      0x080035ac   Section        0  fpclassifyf.o(i.__ARM_fpclassifyf)
    i.__mathlib_flt_underflow                0x080035d2   Section        0  funder.o(i.__mathlib_flt_underflow)
    i._is_digit                              0x080035dc   Section        0  __printf_wp.o(i._is_digit)
    i.acosf                                  0x080035ec   Section        0  acosf.o(i.acosf)
    i.atan2f                                 0x0800370c   Section        0  atan2f.o(i.atan2f)
    i.delay                                  0x08003968   Section        0  mpu9250.o(i.delay)
    i.main                                   0x08003974   Section        0  main.o(i.main)
    i.sqrtf                                  0x08004500   Section        0  sqrtf.o(i.sqrtf)
    locale$$code                             0x0800452c   Section       44  lc_numeric_c.o(locale$$code)
    x$fpl$d2f                                0x08004558   Section       98  d2f.o(x$fpl$d2f)
    x$fpl$dadd                               0x080045bc   Section      336  daddsub_clz.o(x$fpl$dadd)
    _dadd1                                   0x080045cd   Thumb Code     0  daddsub_clz.o(x$fpl$dadd)
    x$fpl$dcmpinf                            0x0800470c   Section       24  dcmpi.o(x$fpl$dcmpinf)
    x$fpl$ddiv                               0x08004724   Section      688  ddiv.o(x$fpl$ddiv)
    ddiv_entry                               0x0800472b   Thumb Code     0  ddiv.o(x$fpl$ddiv)
    x$fpl$dleqf                              0x080049d4   Section      120  dleqf.o(x$fpl$dleqf)
    x$fpl$dmul                               0x08004a4c   Section      340  dmul.o(x$fpl$dmul)
    x$fpl$dnaninf                            0x08004ba0   Section      156  dnaninf.o(x$fpl$dnaninf)
    x$fpl$dretinf                            0x08004c3c   Section       12  dretinf.o(x$fpl$dretinf)
    x$fpl$drleqf                             0x08004c48   Section      108  drleqf.o(x$fpl$drleqf)
    x$fpl$dsub                               0x08004cb4   Section      468  daddsub_clz.o(x$fpl$dsub)
    _dsub1                                   0x08004cc5   Thumb Code     0  daddsub_clz.o(x$fpl$dsub)
    x$fpl$f2d                                0x08004e88   Section       86  f2d.o(x$fpl$f2d)
    x$fpl$fadd                               0x08004ee0   Section      196  faddsub_clz.o(x$fpl$fadd)
    _fadd1                                   0x08004eef   Thumb Code     0  faddsub_clz.o(x$fpl$fadd)
    x$fpl$fcheck1                            0x08004fa4   Section       12  fcheck1.o(x$fpl$fcheck1)
    x$fpl$fcmpinf                            0x08004fb0   Section       24  fcmpi.o(x$fpl$fcmpinf)
    x$fpl$fdiv                               0x08004fc8   Section      388  fdiv.o(x$fpl$fdiv)
    _fdiv1                                   0x08004fc9   Thumb Code     0  fdiv.o(x$fpl$fdiv)
    x$fpl$fflt                               0x0800514c   Section       48  fflt_clz.o(x$fpl$fflt)
    x$fpl$fleqf                              0x0800517c   Section      104  fleqf.o(x$fpl$fleqf)
    x$fpl$fmul                               0x080051e4   Section      258  fmul.o(x$fpl$fmul)
    x$fpl$fnaninf                            0x080052e6   Section      140  fnaninf.o(x$fpl$fnaninf)
    x$fpl$fretinf                            0x08005372   Section       10  fretinf.o(x$fpl$fretinf)
    x$fpl$frleqf                             0x0800537c   Section       98  frleqf.o(x$fpl$frleqf)
    x$fpl$frsb                               0x080053de   Section       20  faddsub_clz.o(x$fpl$frsb)
    x$fpl$fsqrt                              0x080053f4   Section      272  fsqrt.o(x$fpl$fsqrt)
    x$fpl$fsub                               0x08005504   Section      234  faddsub_clz.o(x$fpl$fsub)
    _fsub1                                   0x08005513   Thumb Code     0  faddsub_clz.o(x$fpl$fsub)
    x$fpl$printf1                            0x080055ee   Section        4  printf1.o(x$fpl$printf1)
    x$fpl$retnan                             0x080055f2   Section      100  retnan.o(x$fpl$retnan)
    x$fpl$scalbnf                            0x08005656   Section       76  scalbnf.o(x$fpl$scalbnf)
    x$fpl$trapveneer                         0x080056a2   Section       48  trapv.o(x$fpl$trapveneer)
    .constdata                               0x080056d2   Section       17  __printf_flags_wp.o(.constdata)
    x$fpl$usenofp                            0x080056d2   Section        0  usenofp.o(x$fpl$usenofp)
    maptable                                 0x080056d2   Data          17  __printf_flags_wp.o(.constdata)
    .constdata                               0x080056e4   Section      148  bigflt0.o(.constdata)
    tenpwrs_x                                0x080056e4   Data          60  bigflt0.o(.constdata)
    tenpwrs_i                                0x08005720   Data          64  bigflt0.o(.constdata)
    locale$$data                             0x08005798   Section       28  lc_numeric_c.o(locale$$data)
    __lcnum_c_name                           0x0800579c   Data           2  lc_numeric_c.o(locale$$data)
    __lcnum_c_start                          0x080057a4   Data           0  lc_numeric_c.o(locale$$data)
    __lcnum_c_point                          0x080057b0   Data           0  lc_numeric_c.o(locale$$data)
    __lcnum_c_thousands                      0x080057b2   Data           0  lc_numeric_c.o(locale$$data)
    __lcnum_c_grouping                       0x080057b3   Data           0  lc_numeric_c.o(locale$$data)
    __lcnum_c_end                            0x080057b4   Data           0  lc_numeric_c.o(locale$$data)
    .data                                    0x20000000   Section       44  main.o(.data)
    gyro_rate_unbiased                       0x20000008   Data           4  main.o(.data)
    Pdot_00                                  0x2000000c   Data           4  main.o(.data)
    Pdot_01                                  0x20000010   Data           4  main.o(.data)
    Pdot_10                                  0x20000014   Data           4  main.o(.data)
    Pdot_11                                  0x20000018   Data           4  main.o(.data)
    y                                        0x2000001c   Data           4  main.o(.data)
    S                                        0x20000020   Data           4  main.o(.data)
    K_0                                      0x20000024   Data           4  main.o(.data)
    K_1                                      0x20000028   Data           4  main.o(.data)
    .data                                    0x2000002c   Section       20  stm32f10x_rcc.o(.data)
    APBAHBPrescTable                         0x2000002c   Data          16  stm32f10x_rcc.o(.data)
    ADCPrescTable                            0x2000003c   Data           4  stm32f10x_rcc.o(.data)
    .data                                    0x20000040   Section        8  mpu9250.o(.data)
    .data                                    0x20000048   Section        2  mpu6050.o(.data)
    .bss                                     0x2000004c   Section       96  libspace.o(.bss)
    HEAP                                     0x200000b0   Section      512  startup_stm32f10x_md.o(HEAP)
    Heap_Mem                                 0x200000b0   Data         512  startup_stm32f10x_md.o(HEAP)
    STACK                                    0x200002b0   Section     1024  startup_stm32f10x_md.o(STACK)
    Stack_Mem                                0x200002b0   Data        1024  startup_stm32f10x_md.o(STACK)
    __initial_sp                             0x200006b0   Data           0  startup_stm32f10x_md.o(STACK)

    Global Symbols

    Symbol Name                              Value     Ov Type        Size  Object(Section)

    BuildAttributes$$THM_ISAv4$P$D$K$B$S$PE$A:L22UL41UL21$X:L11$S22US41US21$IEEE1$IW$USESV6$~STKCKD$USESV7$~SHL$OTIME$ROPI$IEEEX$EBA8$UX$STANDARDLIB$REQ8$PRES8$EABIv2 0x00000000   Number         0  anon$$obj.o ABSOLUTE
    __ARM_use_no_argv                        0x00000000   Number         0  main.o ABSOLUTE
    _printf_flags                            0x00000000   Number         0  printf_stubs.o ABSOLUTE
    _printf_return_value                     0x00000000   Number         0  printf_stubs.o ABSOLUTE
    _printf_sizespec                         0x00000000   Number         0  printf_stubs.o ABSOLUTE
    _printf_widthprec                        0x00000000   Number         0  printf_stubs.o ABSOLUTE
    SHT$$ARM_EXIDX$$Base                      - Undefined Reference
    SHT$$ARM_EXIDX$$Limit                     - Undefined Reference
    __ARM::default_unexpected_handler()       - Undefined Weak Reference
    __ARM_exceptions_buffer_required          - Undefined Weak Reference
    __ARM_exceptions_init                     - Undefined Weak Reference
    __aeabi_unwind_cpp_pr1                    - Undefined Weak Reference
    __aeabi_unwind_cpp_pr2                    - Undefined Weak Reference
    __alloca_initialize                       - Undefined Weak Reference
    __cpp_initialize__aeabi_                  - Undefined Weak Reference
    __cxa_begin_cleanup                       - Undefined Weak Reference
    __cxa_finalize                            - Undefined Weak Reference
    __cxa_type_match                          - Undefined Weak Reference
    __sigvec_lookup                           - Undefined Weak Reference
    __user_heap_extent                        - Undefined Weak Reference
    _atexit_init                              - Undefined Weak Reference
    _call_atexit_fns                          - Undefined Weak Reference
    _clock_init                               - Undefined Weak Reference
    _fp_trap_init                             - Undefined Weak Reference
    _fp_trap_shutdown                         - Undefined Weak Reference
    _get_lc_collate                           - Undefined Weak Reference
    _get_lc_ctype                             - Undefined Weak Reference
    _get_lc_monetary                          - Undefined Weak Reference
    _get_lc_time                              - Undefined Weak Reference
    _getenv_init                              - Undefined Weak Reference
    _handle_redirection                       - Undefined Weak Reference
    _initio                                   - Undefined Weak Reference
    _mutex_acquire                            - Undefined Weak Reference
    _mutex_free                               - Undefined Weak Reference
    _mutex_release                            - Undefined Weak Reference
    _printf_post_padding                      - Undefined Weak Reference
    _printf_pre_padding                       - Undefined Weak Reference
    _printf_truncate_signed                   - Undefined Weak Reference
    _printf_truncate_unsigned                 - Undefined Weak Reference
    _rand_init                                - Undefined Weak Reference
    _signal_finish                            - Undefined Weak Reference
    _signal_init                              - Undefined Weak Reference
    _terminateio                              - Undefined Weak Reference
    __Vectors_Size                           0x000000ec   Number         0  startup_stm32f10x_md.o ABSOLUTE
    __Vectors                                0x08000000   Data           4  startup_stm32f10x_md.o(RESET)
    __Vectors_End                            0x080000ec   Data           0  startup_stm32f10x_md.o(RESET)
    __main                                   0x080000ed   Thumb Code     8  __main.o(!!!main)
    __scatterload                            0x080000f5   Thumb Code     0  __scatter.o(!!!scatter)
    __scatterload_rt2                        0x080000f5   Thumb Code    44  __scatter.o(!!!scatter)
    __scatterload_rt2_thumb_only             0x080000f5   Thumb Code     0  __scatter.o(!!!scatter)
    __scatterload_null                       0x08000103   Thumb Code     0  __scatter.o(!!!scatter)
    __scatterload_copy                       0x08000129   Thumb Code    26  __scatter_copy.o(!!handler_copy)
    __scatterload_zeroinit                   0x08000145   Thumb Code    28  __scatter_zi.o(!!handler_zi)
    _printf_f                                0x08000161   Thumb Code     0  _printf_f.o(.ARM.Collect$$_printf_percent$$00000003)
    _printf_percent                          0x08000161   Thumb Code     0  _printf_percent.o(.ARM.Collect$$_printf_percent$$00000000)
    _printf_percent_end                      0x08000167   Thumb Code     0  _printf_percent_end.o(.ARM.Collect$$_printf_percent$$00000017)
    __rt_lib_init                            0x0800016b   Thumb Code     0  libinit.o(.ARM.Collect$$libinit$$00000000)
    __rt_lib_init_fp_1                       0x0800016d   Thumb Code     0  libinit2.o(.ARM.Collect$$libinit$$00000002)
    __rt_lib_init_heap_2                     0x0800016d   Thumb Code     0  libinit2.o(.ARM.Collect$$libinit$$00000003)
    __rt_lib_init_heap_1                     0x08000175   Thumb Code     0  libinit2.o(.ARM.Collect$$libinit$$00000008)
    __rt_lib_init_lc_common                  0x08000175   Thumb Code     0  libinit2.o(.ARM.Collect$$libinit$$0000000D)
    __rt_lib_init_rand_1                     0x08000175   Thumb Code     0  libinit2.o(.ARM.Collect$$libinit$$0000000C)
    __rt_lib_init_user_alloc_1               0x08000175   Thumb Code     0  libinit2.o(.ARM.Collect$$libinit$$0000000A)
    __rt_lib_init_lc_collate_1               0x0800017b   Thumb Code     0  libinit2.o(.ARM.Collect$$libinit$$0000000F)
    __rt_lib_init_lc_ctype_1                 0x0800017b   Thumb Code     0  libinit2.o(.ARM.Collect$$libinit$$00000011)
    __rt_lib_init_lc_monetary_1              0x0800017b   Thumb Code     0  libinit2.o(.ARM.Collect$$libinit$$00000013)
    __rt_lib_init_lc_numeric_2               0x0800017b   Thumb Code     0  libinit2.o(.ARM.Collect$$libinit$$00000014)
    __rt_lib_init_alloca_1                   0x08000185   Thumb Code     0  libinit2.o(.ARM.Collect$$libinit$$0000002C)
    __rt_lib_init_argv_1                     0x08000185   Thumb Code     0  libinit2.o(.ARM.Collect$$libinit$$0000002A)
    __rt_lib_init_atexit_1                   0x08000185   Thumb Code     0  libinit2.o(.ARM.Collect$$libinit$$00000019)
    __rt_lib_init_clock_1                    0x08000185   Thumb Code     0  libinit2.o(.ARM.Collect$$libinit$$0000001F)
    __rt_lib_init_cpp_1                      0x08000185   Thumb Code     0  libinit2.o(.ARM.Collect$$libinit$$00000030)
    __rt_lib_init_exceptions_1               0x08000185   Thumb Code     0  libinit2.o(.ARM.Collect$$libinit$$0000002E)
    __rt_lib_init_fp_trap_1                  0x08000185   Thumb Code     0  libinit2.o(.ARM.Collect$$libinit$$0000001D)
    __rt_lib_init_getenv_1                   0x08000185   Thumb Code     0  libinit2.o(.ARM.Collect$$libinit$$00000021)
    __rt_lib_init_lc_numeric_1               0x08000185   Thumb Code     0  libinit2.o(.ARM.Collect$$libinit$$00000015)
    __rt_lib_init_lc_time_1                  0x08000185   Thumb Code     0  libinit2.o(.ARM.Collect$$libinit$$00000017)
    __rt_lib_init_return                     0x08000185   Thumb Code     0  libinit2.o(.ARM.Collect$$libinit$$00000031)
    __rt_lib_init_signal_1                   0x08000185   Thumb Code     0  libinit2.o(.ARM.Collect$$libinit$$0000001B)
    __rt_lib_init_stdio_1                    0x08000185   Thumb Code     0  libinit2.o(.ARM.Collect$$libinit$$00000023)
    __rt_lib_shutdown                        0x08000187   Thumb Code     0  libshutdown.o(.ARM.Collect$$libshutdown$$00000000)
    __rt_lib_shutdown_fp_trap_1              0x08000189   Thumb Code     0  libshutdown2.o(.ARM.Collect$$libshutdown$$00000006)
    __rt_lib_shutdown_heap_1                 0x08000189   Thumb Code     0  libshutdown2.o(.ARM.Collect$$libshutdown$$0000000E)
    __rt_lib_shutdown_return                 0x08000189   Thumb Code     0  libshutdown2.o(.ARM.Collect$$libshutdown$$0000000F)
    __rt_lib_shutdown_signal_1               0x08000189   Thumb Code     0  libshutdown2.o(.ARM.Collect$$libshutdown$$00000009)
    __rt_lib_shutdown_stdio_1                0x08000189   Thumb Code     0  libshutdown2.o(.ARM.Collect$$libshutdown$$00000003)
    __rt_lib_shutdown_user_alloc_1           0x08000189   Thumb Code     0  libshutdown2.o(.ARM.Collect$$libshutdown$$0000000B)
    __rt_entry                               0x0800018b   Thumb Code     0  rtentry.o(.ARM.Collect$$rtentry$$00000000)
    __rt_entry_presh_1                       0x0800018b   Thumb Code     0  rtentry2.o(.ARM.Collect$$rtentry$$00000002)
    __rt_entry_sh                            0x0800018b   Thumb Code     0  rtentry4.o(.ARM.Collect$$rtentry$$00000004)
    __rt_entry_li                            0x08000191   Thumb Code     0  rtentry2.o(.ARM.Collect$$rtentry$$0000000A)
    __rt_entry_postsh_1                      0x08000191   Thumb Code     0  rtentry2.o(.ARM.Collect$$rtentry$$00000009)
    __rt_entry_main                          0x08000195   Thumb Code     0  rtentry2.o(.ARM.Collect$$rtentry$$0000000D)
    __rt_entry_postli_1                      0x08000195   Thumb Code     0  rtentry2.o(.ARM.Collect$$rtentry$$0000000C)
    __rt_exit                                0x0800019d   Thumb Code     0  rtexit.o(.ARM.Collect$$rtexit$$00000000)
    __rt_exit_ls                             0x0800019f   Thumb Code     0  rtexit2.o(.ARM.Collect$$rtexit$$00000003)
    __rt_exit_prels_1                        0x0800019f   Thumb Code     0  rtexit2.o(.ARM.Collect$$rtexit$$00000002)
    __rt_exit_exit                           0x080001a3   Thumb Code     0  rtexit2.o(.ARM.Collect$$rtexit$$00000004)
    Reset_Handler                            0x080001a9   Thumb Code     8  startup_stm32f10x_md.o(.text)
    _maybe_terminate_alloc                   0x080001a9   Thumb Code     0  maybetermalloc1.o(.emb_text)
    NMI_Handler                              0x080001b1   Thumb Code     2  startup_stm32f10x_md.o(.text)
    HardFault_Handler                        0x080001b3   Thumb Code     2  startup_stm32f10x_md.o(.text)
    MemManage_Handler                        0x080001b5   Thumb Code     2  startup_stm32f10x_md.o(.text)
    BusFault_Handler                         0x080001b7   Thumb Code     2  startup_stm32f10x_md.o(.text)
    UsageFault_Handler                       0x080001b9   Thumb Code     2  startup_stm32f10x_md.o(.text)
    SVC_Handler                              0x080001bb   Thumb Code     2  startup_stm32f10x_md.o(.text)
    DebugMon_Handler                         0x080001bd   Thumb Code     2  startup_stm32f10x_md.o(.text)
    PendSV_Handler                           0x080001bf   Thumb Code     2  startup_stm32f10x_md.o(.text)
    SysTick_Handler                          0x080001c1   Thumb Code     2  startup_stm32f10x_md.o(.text)
    ADC1_2_IRQHandler                        0x080001c3   Thumb Code     0  startup_stm32f10x_md.o(.text)
    CAN1_RX1_IRQHandler                      0x080001c3   Thumb Code     0  startup_stm32f10x_md.o(.text)
    CAN1_SCE_IRQHandler                      0x080001c3   Thumb Code     0  startup_stm32f10x_md.o(.text)
    DMA1_Channel1_IRQHandler                 0x080001c3   Thumb Code     0  startup_stm32f10x_md.o(.text)
    DMA1_Channel2_IRQHandler                 0x080001c3   Thumb Code     0  startup_stm32f10x_md.o(.text)
    DMA1_Channel3_IRQHandler                 0x080001c3   Thumb Code     0  startup_stm32f10x_md.o(.text)
    DMA1_Channel4_IRQHandler                 0x080001c3   Thumb Code     0  startup_stm32f10x_md.o(.text)
    DMA1_Channel5_IRQHandler                 0x080001c3   Thumb Code     0  startup_stm32f10x_md.o(.text)
    DMA1_Channel6_IRQHandler                 0x080001c3   Thumb Code     0  startup_stm32f10x_md.o(.text)
    DMA1_Channel7_IRQHandler                 0x080001c3   Thumb Code     0  startup_stm32f10x_md.o(.text)
    EXTI0_IRQHandler                         0x080001c3   Thumb Code     0  startup_stm32f10x_md.o(.text)
    EXTI15_10_IRQHandler                     0x080001c3   Thumb Code     0  startup_stm32f10x_md.o(.text)
    EXTI1_IRQHandler                         0x080001c3   Thumb Code     0  startup_stm32f10x_md.o(.text)
    EXTI2_IRQHandler                         0x080001c3   Thumb Code     0  startup_stm32f10x_md.o(.text)
    EXTI3_IRQHandler                         0x080001c3   Thumb Code     0  startup_stm32f10x_md.o(.text)
    EXTI4_IRQHandler                         0x080001c3   Thumb Code     0  startup_stm32f10x_md.o(.text)
    EXTI9_5_IRQHandler                       0x080001c3   Thumb Code     0  startup_stm32f10x_md.o(.text)
    FLASH_IRQHandler                         0x080001c3   Thumb Code     0  startup_stm32f10x_md.o(.text)
    I2C1_ER_IRQHandler                       0x080001c3   Thumb Code     0  startup_stm32f10x_md.o(.text)
    I2C1_EV_IRQHandler                       0x080001c3   Thumb Code     0  startup_stm32f10x_md.o(.text)
    I2C2_ER_IRQHandler                       0x080001c3   Thumb Code     0  startup_stm32f10x_md.o(.text)
    I2C2_EV_IRQHandler                       0x080001c3   Thumb Code     0  startup_stm32f10x_md.o(.text)
    PVD_IRQHandler                           0x080001c3   Thumb Code     0  startup_stm32f10x_md.o(.text)
    RCC_IRQHandler                           0x080001c3   Thumb Code     0  startup_stm32f10x_md.o(.text)
    RTCAlarm_IRQHandler                      0x080001c3   Thumb Code     0  startup_stm32f10x_md.o(.text)
    RTC_IRQHandler                           0x080001c3   Thumb Code     0  startup_stm32f10x_md.o(.text)
    SPI1_IRQHandler                          0x080001c3   Thumb Code     0  startup_stm32f10x_md.o(.text)
    SPI2_IRQHandler                          0x080001c3   Thumb Code     0  startup_stm32f10x_md.o(.text)
    TAMPER_IRQHandler                        0x080001c3   Thumb Code     0  startup_stm32f10x_md.o(.text)
    TIM1_BRK_IRQHandler                      0x080001c3   Thumb Code     0  startup_stm32f10x_md.o(.text)
    TIM1_CC_IRQHandler                       0x080001c3   Thumb Code     0  startup_stm32f10x_md.o(.text)
    TIM1_TRG_COM_IRQHandler                  0x080001c3   Thumb Code     0  startup_stm32f10x_md.o(.text)
    TIM1_UP_IRQHandler                       0x080001c3   Thumb Code     0  startup_stm32f10x_md.o(.text)
    TIM2_IRQHandler                          0x080001c3   Thumb Code     0  startup_stm32f10x_md.o(.text)
    TIM3_IRQHandler                          0x080001c3   Thumb Code     0  startup_stm32f10x_md.o(.text)
    USART1_IRQHandler                        0x080001c3   Thumb Code     0  startup_stm32f10x_md.o(.text)
    USART2_IRQHandler                        0x080001c3   Thumb Code     0  startup_stm32f10x_md.o(.text)
    USART3_IRQHandler                        0x080001c3   Thumb Code     0  startup_stm32f10x_md.o(.text)
    USBWakeUp_IRQHandler                     0x080001c3   Thumb Code     0  startup_stm32f10x_md.o(.text)
    USB_HP_CAN1_TX_IRQHandler                0x080001c3   Thumb Code     0  startup_stm32f10x_md.o(.text)
    USB_LP_CAN1_RX0_IRQHandler               0x080001c3   Thumb Code     0  startup_stm32f10x_md.o(.text)
    WWDG_IRQHandler                          0x080001c3   Thumb Code     0  startup_stm32f10x_md.o(.text)
    __user_initial_stackheap                 0x080001c5   Thumb Code     0  startup_stm32f10x_md.o(.text)
    __2sprintf                               0x080001e9   Thumb Code    38  __2sprintf.o(.text)
    __printf                                 0x08000215   Thumb Code   308  __printf_flags_wp.o(.text)
    __aeabi_memclr4                          0x0800034d   Thumb Code     0  rt_memclr_w.o(.text)
    __aeabi_memclr8                          0x0800034d   Thumb Code     0  rt_memclr_w.o(.text)
    __rt_memclr_w                            0x0800034d   Thumb Code    78  rt_memclr_w.o(.text)
    _memset_w                                0x08000351   Thumb Code     0  rt_memclr_w.o(.text)
    __use_two_region_memory                  0x0800039b   Thumb Code     2  heapauxi.o(.text)
    __rt_heap_escrow                         0x0800039d   Thumb Code     2  heapauxi.o(.text)
    __rt_heap_expand                         0x0800039f   Thumb Code     2  heapauxi.o(.text)
    free                                     0x080003a1   Thumb Code    78  h1_free.o(.text)
    __read_errno                             0x080003ef   Thumb Code    10  _rserrno.o(.text)
    __set_errno                              0x080003f9   Thumb Code    12  _rserrno.o(.text)
    __lib_sel_fp_printf                      0x08000405   Thumb Code     2  _printf_fp_dec.o(.text)
    _printf_fp_dec_real                      0x080005b3   Thumb Code   616  _printf_fp_dec.o(.text)
    _printf_char_common                      0x08000827   Thumb Code    32  _printf_char_common.o(.text)
    _sputc                                   0x0800084d   Thumb Code    10  _sputc.o(.text)
    __rt_heap_descriptor                     0x08000859   Thumb Code     8  rt_heap_descriptor_intlibspace.o(.text)
    __rt_locale                              0x08000861   Thumb Code     8  rt_locale_intlibspace.o(.text)
    __rt_new_handler_addr                    0x08000869   Thumb Code     8  rt_new_handler_addr_intlibspace.o(.text)
    __aeabi_errno_addr                       0x08000871   Thumb Code     8  rt_errno_addr_intlibspace.o(.text)
    __errno$intlibspace                      0x08000871   Thumb Code     0  rt_errno_addr_intlibspace.o(.text)
    __rt_errno_addr$intlibspace              0x08000871   Thumb Code     0  rt_errno_addr_intlibspace.o(.text)
    __use_no_heap                            0x08000879   Thumb Code     2  hguard.o(.text)
    __heap$guard                             0x0800087b   Thumb Code     2  hguard.o(.text)
    _terminate_user_alloc                    0x0800087d   Thumb Code     2  init_alloc.o(.text)
    _init_user_alloc                         0x0800087f   Thumb Code     2  init_alloc.o(.text)
    __Heap_Full                              0x08000881   Thumb Code    34  init_alloc.o(.text)
    __Heap_Broken                            0x080008a3   Thumb Code     6  init_alloc.o(.text)
    _init_alloc                              0x080008a9   Thumb Code    94  init_alloc.o(.text)
    malloc                                   0x08000907   Thumb Code    94  h1_alloc.o(.text)
    _ll_udiv10                               0x08000965   Thumb Code   138  lludiv10.o(.text)
    _printf_fp_infnan                        0x080009f1   Thumb Code   112  _printf_fp_infnan.o(.text)
    _btod_etento                             0x08000a71   Thumb Code   212  bigflt0.o(.text)
    __default_new_handler()                  0x08000b49   Thumb Code     4  arm_newhandler_noexceptions.o(.text)
    __user_libspace                          0x08000b4d   Thumb Code     8  libspace.o(.text)
    __user_perproc_libspace                  0x08000b4d   Thumb Code     0  libspace.o(.text)
    __user_perthread_libspace                0x08000b4d   Thumb Code     0  libspace.o(.text)
    __user_setup_stackheap                   0x08000b55   Thumb Code    74  sys_stackheap_outer.o(.text)
    __Heap_Initialize                        0x08000b9f   Thumb Code    10  h1_init.o(.text)
    __Heap_DescSize                          0x08000ba9   Thumb Code     4  h1_init.o(.text)
    __Heap_ProvideMemory                     0x08000bad   Thumb Code    52  h1_extend.o(.text)
    exit                                     0x08000be1   Thumb Code    12  exit.o(.text)
    __rt_SIGRTMEM                            0x08000bed   Thumb Code    14  defsig_rtmem_outer.o(.text)
    strcmp                                   0x08000bfd   Thumb Code   128  strcmpv7m.o(.text)
    std::terminate()                         0x08000c7d   Thumb Code    26  arm_exceptions_terminate.o(.text)
    abort                                    0x08000c97   Thumb Code    16  abort.o(.text)
    __sig_exit                               0x08000ca7   Thumb Code    10  defsig_exit.o(.text)
    __rt_SIGRTMEM_inner                      0x08000cb1   Thumb Code    22  defsig_rtmem_inner.o(.text)
    __cxa_get_globals                        0x08000d07   Thumb Code    62  arm_exceptions_globs.o(.text)
    _sys_exit                                0x08000d51   Thumb Code     8  sys_exit.o(.text)
    __I$use$semihosting                      0x08000d5d   Thumb Code     0  use_no_semi.o(.text)
    __use_no_semihosting_swi                 0x08000d5d   Thumb Code     2  use_no_semi.o(.text)
    __semihosting_library_function           0x08000d5f   Thumb Code     0  indicate_semi.o(.text)
    __rt_eh_globals_addr                     0x08000d61   Thumb Code     8  rt_eh_globals_addr_intlibspace.o(.text)
    __default_signal_display                 0x08000d69   Thumb Code    50  defsig_general.o(.text)
    __rt_SIGABRT                             0x08000d9b   Thumb Code    14  defsig_abrt_outer.o(.text)
    __ARM_exceptions_buffer_init             0x08000da9   Thumb Code    18  arm_exceptions_mem.o(.text)
    __ARM_exceptions_buffer_allocate         0x08000dbb   Thumb Code    22  arm_exceptions_mem.o(.text)
    __ARM_exceptions_buffer_free             0x08000dd1   Thumb Code    20  arm_exceptions_mem.o(.text)
    _ttywrch                                 0x08000de5   Thumb Code    14  sys_wrch.o(.text)
    __rt_SIGABRT_inner                       0x08000df5   Thumb Code    14  defsig_abrt_inner.o(.text)
    _btod_d2e                                0x08000e25   Thumb Code    62  btod.o(CL$$btod_d2e)
    _d2e_denorm_low                          0x08000e63   Thumb Code    70  btod.o(CL$$btod_d2e_denorm_low)
    _d2e_norm_op1                            0x08000ea9   Thumb Code    96  btod.o(CL$$btod_d2e_norm_op1)
    __btod_div_common                        0x08000f09   Thumb Code   696  btod.o(CL$$btod_div_common)
    _e2e                                     0x08001241   Thumb Code   198  btod.o(CL$$btod_e2e)
    _btod_ediv                               0x08001307   Thumb Code    40  btod.o(CL$$btod_ediv)
    _btod_emul                               0x0800132f   Thumb Code    40  btod.o(CL$$btod_emul)
    __btod_mult_common                       0x08001357   Thumb Code   580  btod.o(CL$$btod_mult_common)
    AK8963_turn_off                          0x0800159b   Thumb Code    24  mpu9250.o(i.AK8963_turn_off)
    AK8963_turn_on                           0x080015b3   Thumb Code    24  mpu9250.o(i.AK8963_turn_on)
    Check_Connection                         0x080015cb   Thumb Code    46  mpu9250.o(i.Check_Connection)
    GPIO_Init                                0x080015f9   Thumb Code   278  stm32f10x_gpio.o(i.GPIO_Init)
    GPIO_ReadOutputDataBit                   0x0800170f   Thumb Code    18  stm32f10x_gpio.o(i.GPIO_ReadOutputDataBit)
    GPIO_ResetBits                           0x08001721   Thumb Code     4  stm32f10x_gpio.o(i.GPIO_ResetBits)
    GPIO_SetBits                             0x08001725   Thumb Code     4  stm32f10x_gpio.o(i.GPIO_SetBits)
    Get_Accel                                0x08001729   Thumb Code   416  mpu9250.o(i.Get_Accel)
    Get_Gyro                                 0x080018d9   Thumb Code   410  mpu9250.o(i.Get_Gyro)
    Get_Mag                                  0x08001a89   Thumb Code   196  mpu9250.o(i.Get_Mag)
    I2C_AcknowledgeConfig                    0x08001b55   Thumb Code    24  stm32f10x_i2c.o(i.I2C_AcknowledgeConfig)
    I2C_CheckEvent                           0x08001b6d   Thumb Code    42  stm32f10x_i2c.o(i.I2C_CheckEvent)
    I2C_Cmd                                  0x08001b97   Thumb Code    24  stm32f10x_i2c.o(i.I2C_Cmd)
    I2C_GenerateSTART                        0x08001baf   Thumb Code    24  stm32f10x_i2c.o(i.I2C_GenerateSTART)
    I2C_GenerateSTOP                         0x08001bc7   Thumb Code    24  stm32f10x_i2c.o(i.I2C_GenerateSTOP)
    I2C_GetFlagStatus                        0x08001bdf   Thumb Code    58  stm32f10x_i2c.o(i.I2C_GetFlagStatus)
    I2C_Init                                 0x08001c19   Thumb Code   222  stm32f10x_i2c.o(i.I2C_Init)
    I2C_ReceiveData                          0x08001d05   Thumb Code     8  stm32f10x_i2c.o(i.I2C_ReceiveData)
    I2C_Send7bitAddress                      0x08001d0d   Thumb Code    18  stm32f10x_i2c.o(i.I2C_Send7bitAddress)
    I2C_SendData                             0x08001d1f   Thumb Code     4  stm32f10x_i2c.o(i.I2C_SendData)
    Initialize                               0x08001d23   Thumb Code   110  mpu9250.o(i.Initialize)
    Initialize_AK8963                        0x08001d91   Thumb Code    40  mpu9250.o(i.Initialize_AK8963)
    MPU6050_GetDeviceID                      0x08001db9   Thumb Code    24  mpu6050.o(i.MPU6050_GetDeviceID)
    MPU6050_GetRawAccelGyro                  0x08001dd1   Thumb Code   920  mpu6050.o(i.MPU6050_GetRawAccelGyro)
    MPU6050_I2C_BufferRead                   0x080021a1   Thumb Code   218  mpu6050.o(i.MPU6050_I2C_BufferRead)
    MPU6050_I2C_ByteWrite                    0x08002289   Thumb Code    88  mpu6050.o(i.MPU6050_I2C_ByteWrite)
    MPU6050_I2C_Init                         0x080022ed   Thumb Code   104  mpu6050.o(i.MPU6050_I2C_Init)
    MPU6050_Initialize                       0x08002361   Thumb Code    28  mpu6050.o(i.MPU6050_Initialize)
    MPU6050_ReadBits                         0x0800237d   Thumb Code    78  mpu6050.o(i.MPU6050_ReadBits)
    MPU6050_SetClockSource                   0x080023cb   Thumb Code    20  mpu6050.o(i.MPU6050_SetClockSource)
    MPU6050_SetFullScaleAccelRange           0x080023df   Thumb Code    20  mpu6050.o(i.MPU6050_SetFullScaleAccelRange)
    MPU6050_SetFullScaleGyroRange            0x080023f3   Thumb Code    20  mpu6050.o(i.MPU6050_SetFullScaleGyroRange)
    MPU6050_SetSleepModeStatus               0x08002407   Thumb Code    18  mpu6050.o(i.MPU6050_SetSleepModeStatus)
    MPU6050_TestConnection                   0x08002419   Thumb Code    18  mpu6050.o(i.MPU6050_TestConnection)
    MPU6050_WriteBit                         0x0800242b   Thumb Code    64  mpu6050.o(i.MPU6050_WriteBit)
    MPU6050_WriteBits                        0x0800246b   Thumb Code    88  mpu6050.o(i.MPU6050_WriteBits)
    NVIC_Init                                0x080024c5   Thumb Code   100  misc.o(i.NVIC_Init)
    NVIC_PriorityGroupConfig                 0x08002535   Thumb Code    10  misc.o(i.NVIC_PriorityGroupConfig)
    RCC_APB1PeriphClockCmd                   0x08002549   Thumb Code    26  stm32f10x_rcc.o(i.RCC_APB1PeriphClockCmd)
    RCC_APB2PeriphClockCmd                   0x08002569   Thumb Code    26  stm32f10x_rcc.o(i.RCC_APB2PeriphClockCmd)
    RCC_GetClocksFreq                        0x08002589   Thumb Code   192  stm32f10x_rcc.o(i.RCC_GetClocksFreq)
    Read_data_buffer                         0x0800265d   Thumb Code   218  mpu9250.o(i.Read_data_buffer)
    Set_Accel_Range                          0x0800282d   Thumb Code    24  mpu9250.o(i.Set_Accel_Range)
    Set_Clock                                0x08002845   Thumb Code    50  mpu9250.o(i.Set_Clock)
    Set_Gyro_Range                           0x08002877   Thumb Code    24  mpu9250.o(i.Set_Gyro_Range)
    SystemInit                               0x08002891   Thumb Code    78  system_stm32f10x.o(i.SystemInit)
    TIM4_IRQHandler                          0x080028f1   Thumb Code    42  main.o(i.TIM4_IRQHandler)
    TIM_ClearITPendingBit                    0x08002929   Thumb Code     6  stm32f10x_tim.o(i.TIM_ClearITPendingBit)
    TIM_Cmd                                  0x0800292f   Thumb Code    24  stm32f10x_tim.o(i.TIM_Cmd)
    TIM_GetITStatus                          0x08002947   Thumb Code    34  stm32f10x_tim.o(i.TIM_GetITStatus)
    TIM_ITConfig                             0x08002969   Thumb Code    18  stm32f10x_tim.o(i.TIM_ITConfig)
    TIM_TimeBaseInit                         0x0800297d   Thumb Code   122  stm32f10x_tim.o(i.TIM_TimeBaseInit)
    USART_ClearFlag                          0x08002a21   Thumb Code    18  stm32f10x_usart.o(i.USART_ClearFlag)
    USART_Cmd                                0x08002a33   Thumb Code    24  stm32f10x_usart.o(i.USART_Cmd)
    USART_GetFlagStatus                      0x08002a4b   Thumb Code    26  stm32f10x_usart.o(i.USART_GetFlagStatus)
    USART_ITConfig                           0x08002a65   Thumb Code    74  stm32f10x_usart.o(i.USART_ITConfig)
    USART_Init                               0x08002ab1   Thumb Code   210  stm32f10x_usart.o(i.USART_Init)
    USART_SendData                           0x08002b89   Thumb Code     8  stm32f10x_usart.o(i.USART_SendData)
    Write_Bytes                              0x08002b91   Thumb Code   128  mpu9250.o(i.Write_Bytes)
    led_toggle()                             0x08002c1d   Thumb Code    40  main.o(i._Z10led_togglev)
    LowPass_Mag(Mag*)                        0x08002c49   Thumb Code   502  main.o(i._Z11LowPass_MagP3Mag)
    kalman_init(kalman*, float, float, float) 0x08002e69   Thumb Code    36  main.o(i._Z11kalman_initP6kalmanfff)
    LowPass_Gyro(Gyro*)                      0x08002e8d   Thumb Code   540  main.o(i._Z12LowPass_GyroP4Gyro)
    U_Print_Char(USART_TypeDef*, char*)      0x080030ad   Thumb Code    48  usart_print.o(i._Z12U_Print_CharP13USART_TypeDefPc)
    LowPass_Accel(Accel*)                    0x080030dd   Thumb Code   540  main.o(i._Z13LowPass_AccelP5Accel)
    U_Print_float(USART_TypeDef*, float)     0x080032fd   Thumb Code    88  usart_print.o(i._Z13U_Print_floatP13USART_TypeDeff)
    kalman_update(kalman*, float)            0x0800335d   Thumb Code   182  main.o(i._Z13kalman_updateP6kalmanf)
    kalman_predict(kalman*, float, float)    0x08003425   Thumb Code   184  main.o(i._Z14kalman_predictP6kalmanff)
    kalman_get_angle(kalman*)                0x080034f1   Thumb Code     6  main.o(i._Z16kalman_get_angleP6kalman)
    Distance(float, float)                   0x080034f7   Thumb Code    44  main.o(i._Z8Distanceff)
    std::acos(float)                         0x08003523   Thumb Code    12  main.o(i._ZSt4acosf)
    std::sqrt(float)                         0x0800352f   Thumb Code    12  main.o(i._ZSt4sqrtf)
    std::atan2(float, float)                 0x0800353b   Thumb Code    16  main.o(i._ZSt5atan2ff)
    operator delete (void*)                  0x0800354b   Thumb Code     8  delete.o(i._ZdlPv)
    operator new[] (unsigned)                0x08003553   Thumb Code     8  array_new.o(i._Znaj)
    operator new(unsigned)                   0x0800355d   Thumb Code    34  new.o(i._Znwj)
    __ARM_fpclassify                         0x08003585   Thumb Code    40  fpclassify.o(i.__ARM_fpclassify)
    __ARM_fpclassifyf                        0x080035ad   Thumb Code    38  fpclassifyf.o(i.__ARM_fpclassifyf)
    __mathlib_flt_underflow                  0x080035d3   Thumb Code    10  funder.o(i.__mathlib_flt_underflow)
    _is_digit                                0x080035dd   Thumb Code    14  __printf_wp.o(i._is_digit)
    acosf                                    0x080035ed   Thumb Code   248  acosf.o(i.acosf)
    atan2f                                   0x0800370d   Thumb Code   528  atan2f.o(i.atan2f)
    delay                                    0x08003969   Thumb Code    10  mpu9250.o(i.delay)
    main                                     0x08003975   Thumb Code  2900  main.o(i.main)
    sqrtf                                    0x08004501   Thumb Code    44  sqrtf.o(i.sqrtf)
    _get_lc_numeric                          0x0800452d   Thumb Code    44  lc_numeric_c.o(locale$$code)
    __aeabi_d2f                              0x08004559   Thumb Code     0  d2f.o(x$fpl$d2f)
    _d2f                                     0x08004559   Thumb Code    98  d2f.o(x$fpl$d2f)
    __aeabi_dadd                             0x080045bd   Thumb Code     0  daddsub_clz.o(x$fpl$dadd)
    _dadd                                    0x080045bd   Thumb Code   332  daddsub_clz.o(x$fpl$dadd)
    __fpl_dcmp_Inf                           0x0800470d   Thumb Code    24  dcmpi.o(x$fpl$dcmpinf)
    __aeabi_ddiv                             0x08004725   Thumb Code     0  ddiv.o(x$fpl$ddiv)
    _ddiv                                    0x08004725   Thumb Code   552  ddiv.o(x$fpl$ddiv)
    __aeabi_cdcmple                          0x080049d5   Thumb Code     0  dleqf.o(x$fpl$dleqf)
    _dcmple                                  0x080049d5   Thumb Code   120  dleqf.o(x$fpl$dleqf)
    __fpl_dcmple_InfNaN                      0x08004a37   Thumb Code     0  dleqf.o(x$fpl$dleqf)
    __aeabi_dmul                             0x08004a4d   Thumb Code     0  dmul.o(x$fpl$dmul)
    _dmul                                    0x08004a4d   Thumb Code   332  dmul.o(x$fpl$dmul)
    __fpl_dnaninf                            0x08004ba1   Thumb Code   156  dnaninf.o(x$fpl$dnaninf)
    __fpl_dretinf                            0x08004c3d   Thumb Code    12  dretinf.o(x$fpl$dretinf)
    __aeabi_cdrcmple                         0x08004c49   Thumb Code     0  drleqf.o(x$fpl$drleqf)
    _drcmple                                 0x08004c49   Thumb Code   108  drleqf.o(x$fpl$drleqf)
    __aeabi_dsub                             0x08004cb5   Thumb Code     0  daddsub_clz.o(x$fpl$dsub)
    _dsub                                    0x08004cb5   Thumb Code   464  daddsub_clz.o(x$fpl$dsub)
    __aeabi_f2d                              0x08004e89   Thumb Code     0  f2d.o(x$fpl$f2d)
    _f2d                                     0x08004e89   Thumb Code    86  f2d.o(x$fpl$f2d)
    __aeabi_fadd                             0x08004ee1   Thumb Code     0  faddsub_clz.o(x$fpl$fadd)
    _fadd                                    0x08004ee1   Thumb Code   196  faddsub_clz.o(x$fpl$fadd)
    __fpl_fcheck_NaN1                        0x08004fa5   Thumb Code     6  fcheck1.o(x$fpl$fcheck1)
    __fpl_fcmp_Inf                           0x08004fb1   Thumb Code    24  fcmpi.o(x$fpl$fcmpinf)
    __aeabi_fdiv                             0x08004fc9   Thumb Code     0  fdiv.o(x$fpl$fdiv)
    _fdiv                                    0x08004fc9   Thumb Code   384  fdiv.o(x$fpl$fdiv)
    __aeabi_i2f                              0x0800514d   Thumb Code     0  fflt_clz.o(x$fpl$fflt)
    _fflt                                    0x0800514d   Thumb Code    48  fflt_clz.o(x$fpl$fflt)
    __aeabi_cfcmple                          0x0800517d   Thumb Code     0  fleqf.o(x$fpl$fleqf)
    _fcmple                                  0x0800517d   Thumb Code   104  fleqf.o(x$fpl$fleqf)
    __fpl_fcmple_InfNaN                      0x080051cf   Thumb Code     0  fleqf.o(x$fpl$fleqf)
    __aeabi_fmul                             0x080051e5   Thumb Code     0  fmul.o(x$fpl$fmul)
    _fmul                                    0x080051e5   Thumb Code   258  fmul.o(x$fpl$fmul)
    __fpl_fnaninf                            0x080052e7   Thumb Code   140  fnaninf.o(x$fpl$fnaninf)
    __fpl_fretinf                            0x08005373   Thumb Code    10  fretinf.o(x$fpl$fretinf)
    __aeabi_cfrcmple                         0x0800537d   Thumb Code     0  frleqf.o(x$fpl$frleqf)
    _frcmple                                 0x0800537d   Thumb Code    98  frleqf.o(x$fpl$frleqf)
    __aeabi_frsub                            0x080053df   Thumb Code     0  faddsub_clz.o(x$fpl$frsb)
    _frsb                                    0x080053df   Thumb Code    20  faddsub_clz.o(x$fpl$frsb)
    _fsqrt                                   0x080053f5   Thumb Code   272  fsqrt.o(x$fpl$fsqrt)
    __aeabi_fsub                             0x08005505   Thumb Code     0  faddsub_clz.o(x$fpl$fsub)
    _fsub                                    0x08005505   Thumb Code   234  faddsub_clz.o(x$fpl$fsub)
    _printf_fp_dec                           0x080055ef   Thumb Code     4  printf1.o(x$fpl$printf1)
    __fpl_return_NaN                         0x080055f3   Thumb Code   100  retnan.o(x$fpl$retnan)
    __ARM_scalbnf                            0x08005657   Thumb Code    76  scalbnf.o(x$fpl$scalbnf)
    __fpl_cmpreturn                          0x080056a3   Thumb Code    48  trapv.o(x$fpl$trapveneer)
    __I$use$fp                               0x080056d2   Number         0  usenofp.o(x$fpl$usenofp)
    Region$$Table$$Base                      0x08005778   Number         0  anon$$obj.o(Region$$Table)
    Region$$Table$$Limit                     0x08005798   Number         0  anon$$obj.o(Region$$Table)
    timer                                    0x20000000   Data           2  main.o(.data)
    time_pre                                 0x20000002   Data           2  main.o(.data)
    time_now                                 0x20000004   Data           2  main.o(.data)
    currentGyroRange                         0x20000040   Data           4  mpu9250.o(.data)
    currentAcceleroRange                     0x20000044   Data           4  mpu9250.o(.data)
    currentAcceleroRange_MPU6050             0x20000048   Data           1  mpu6050.o(.data)
    currentGyroRange_MPU6050                 0x20000049   Data           1  mpu6050.o(.data)
    __libspace_start                         0x2000004c   Data          96  libspace.o(.bss)
    __temporary_stack_top$libspace           0x200000ac   Data           0  libspace.o(.bss)



==============================================================================

Memory Map of the image

  Image Entry point : 0x080000ed

  Load Region LR_IROM1 (Base: 0x08000000, Size: 0x00005800, Max: 0x00010000, ABSOLUTE)

    Execution Region ER_IROM1 (Base: 0x08000000, Size: 0x000057b4, Max: 0x00010000, ABSOLUTE)

    Base Addr    Size         Type   Attr      Idx    E Section Name        Object

    0x08000000   0x000000ec   Data   RO         1988    RESET               startup_stm32f10x_md.o
    0x080000ec   0x00000008   Code   RO         2064  * !!!main             c_w.l(__main.o)
    0x080000f4   0x00000034   Code   RO         2672    !!!scatter          c_w.l(__scatter.o)
    0x08000128   0x0000001a   Code   RO         2674    !!handler_copy      c_w.l(__scatter_copy.o)
    0x08000142   0x00000002   PAD
    0x08000144   0x0000001c   Code   RO         2676    !!handler_zi        c_w.l(__scatter_zi.o)
    0x08000160   0x00000000   Code   RO         2059    .ARM.Collect$$_printf_percent$$00000000  c_w.l(_printf_percent.o)
    0x08000160   0x00000006   Code   RO         2058    .ARM.Collect$$_printf_percent$$00000003  c_w.l(_printf_f.o)
    0x08000166   0x00000004   Code   RO         2208    .ARM.Collect$$_printf_percent$$00000017  c_w.l(_printf_percent_end.o)
    0x0800016a   0x00000002   Code   RO         2501    .ARM.Collect$$libinit$$00000000  c_w.l(libinit.o)
    0x0800016c   0x00000000   Code   RO         2503    .ARM.Collect$$libinit$$00000002  c_w.l(libinit2.o)
    0x0800016c   0x00000008   Code   RO         2504    .ARM.Collect$$libinit$$00000003  c_w.l(libinit2.o)
    0x08000174   0x00000000   Code   RO         2506    .ARM.Collect$$libinit$$00000008  c_w.l(libinit2.o)
    0x08000174   0x00000000   Code   RO         2508    .ARM.Collect$$libinit$$0000000A  c_w.l(libinit2.o)
    0x08000174   0x00000000   Code   RO         2510    .ARM.Collect$$libinit$$0000000C  c_w.l(libinit2.o)
    0x08000174   0x00000006   Code   RO         2511    .ARM.Collect$$libinit$$0000000D  c_w.l(libinit2.o)
    0x0800017a   0x00000000   Code   RO         2513    .ARM.Collect$$libinit$$0000000F  c_w.l(libinit2.o)
    0x0800017a   0x00000000   Code   RO         2515    .ARM.Collect$$libinit$$00000011  c_w.l(libinit2.o)
    0x0800017a   0x00000000   Code   RO         2517    .ARM.Collect$$libinit$$00000013  c_w.l(libinit2.o)
    0x0800017a   0x0000000a   Code   RO         2518    .ARM.Collect$$libinit$$00000014  c_w.l(libinit2.o)
    0x08000184   0x00000000   Code   RO         2519    .ARM.Collect$$libinit$$00000015  c_w.l(libinit2.o)
    0x08000184   0x00000000   Code   RO         2521    .ARM.Collect$$libinit$$00000017  c_w.l(libinit2.o)
    0x08000184   0x00000000   Code   RO         2523    .ARM.Collect$$libinit$$00000019  c_w.l(libinit2.o)
    0x08000184   0x00000000   Code   RO         2525    .ARM.Collect$$libinit$$0000001B  c_w.l(libinit2.o)
    0x08000184   0x00000000   Code   RO         2527    .ARM.Collect$$libinit$$0000001D  c_w.l(libinit2.o)
    0x08000184   0x00000000   Code   RO         2529    .ARM.Collect$$libinit$$0000001F  c_w.l(libinit2.o)
    0x08000184   0x00000000   Code   RO         2531    .ARM.Collect$$libinit$$00000021  c_w.l(libinit2.o)
    0x08000184   0x00000000   Code   RO         2533    .ARM.Collect$$libinit$$00000023  c_w.l(libinit2.o)
    0x08000184   0x00000000   Code   RO         2537    .ARM.Collect$$libinit$$0000002A  c_w.l(libinit2.o)
    0x08000184   0x00000000   Code   RO         2539    .ARM.Collect$$libinit$$0000002C  c_w.l(libinit2.o)
    0x08000184   0x00000000   Code   RO         2541    .ARM.Collect$$libinit$$0000002E  c_w.l(libinit2.o)
    0x08000184   0x00000000   Code   RO         2543    .ARM.Collect$$libinit$$00000030  c_w.l(libinit2.o)
    0x08000184   0x00000002   Code   RO         2544    .ARM.Collect$$libinit$$00000031  c_w.l(libinit2.o)
    0x08000186   0x00000002   Code   RO         2655    .ARM.Collect$$libshutdown$$00000000  c_w.l(libshutdown.o)
    0x08000188   0x00000000   Code   RO         2631    .ARM.Collect$$libshutdown$$00000003  c_w.l(libshutdown2.o)
    0x08000188   0x00000000   Code   RO         2634    .ARM.Collect$$libshutdown$$00000006  c_w.l(libshutdown2.o)
    0x08000188   0x00000000   Code   RO         2637    .ARM.Collect$$libshutdown$$00000009  c_w.l(libshutdown2.o)
    0x08000188   0x00000000   Code   RO         2639    .ARM.Collect$$libshutdown$$0000000B  c_w.l(libshutdown2.o)
    0x08000188   0x00000000   Code   RO         2642    .ARM.Collect$$libshutdown$$0000000E  c_w.l(libshutdown2.o)
    0x08000188   0x00000002   Code   RO         2643    .ARM.Collect$$libshutdown$$0000000F  c_w.l(libshutdown2.o)
    0x0800018a   0x00000000   Code   RO         2141    .ARM.Collect$$rtentry$$00000000  c_w.l(rtentry.o)
    0x0800018a   0x00000000   Code   RO         2252    .ARM.Collect$$rtentry$$00000002  c_w.l(rtentry2.o)
    0x0800018a   0x00000006   Code   RO         2264    .ARM.Collect$$rtentry$$00000004  c_w.l(rtentry4.o)
    0x08000190   0x00000000   Code   RO         2254    .ARM.Collect$$rtentry$$00000009  c_w.l(rtentry2.o)
    0x08000190   0x00000004   Code   RO         2255    .ARM.Collect$$rtentry$$0000000A  c_w.l(rtentry2.o)
    0x08000194   0x00000000   Code   RO         2257    .ARM.Collect$$rtentry$$0000000C  c_w.l(rtentry2.o)
    0x08000194   0x00000008   Code   RO         2258    .ARM.Collect$$rtentry$$0000000D  c_w.l(rtentry2.o)
    0x0800019c   0x00000002   Code   RO         2571    .ARM.Collect$$rtexit$$00000000  c_w.l(rtexit.o)
    0x0800019e   0x00000000   Code   RO         2602    .ARM.Collect$$rtexit$$00000002  c_w.l(rtexit2.o)
    0x0800019e   0x00000004   Code   RO         2603    .ARM.Collect$$rtexit$$00000003  c_w.l(rtexit2.o)
    0x080001a2   0x00000006   Code   RO         2604    .ARM.Collect$$rtexit$$00000004  c_w.l(rtexit2.o)
    0x080001a8   0x00000000   Code   RO         2473    .emb_text           c_w.l(maybetermalloc1.o)
    0x080001a8   0x00000040   Code   RO         1989    .text               startup_stm32f10x_md.o
    0x080001e8   0x0000002c   Code   RO         2029    .text               c_w.l(__2sprintf.o)
    0x08000214   0x00000138   Code   RO         2049    .text               c_w.l(__printf_flags_wp.o)
    0x0800034c   0x0000004e   Code   RO         2060    .text               c_w.l(rt_memclr_w.o)
    0x0800039a   0x00000006   Code   RO         2062    .text               c_w.l(heapauxi.o)
    0x080003a0   0x0000004e   Code   RO         2144    .text               c_w.l(h1_free.o)
    0x080003ee   0x00000016   Code   RO         2198    .text               c_w.l(_rserrno.o)
    0x08000404   0x00000416   Code   RO         2202    .text               c_w.l(_printf_fp_dec.o)
    0x0800081a   0x00000002   PAD
    0x0800081c   0x00000030   Code   RO         2204    .text               c_w.l(_printf_char_common.o)
    0x0800084c   0x0000000a   Code   RO         2206    .text               c_w.l(_sputc.o)
    0x08000856   0x00000002   PAD
    0x08000858   0x00000008   Code   RO         2269    .text               c_w.l(rt_heap_descriptor_intlibspace.o)
    0x08000860   0x00000008   Code   RO         2274    .text               c_w.l(rt_locale_intlibspace.o)
    0x08000868   0x00000008   Code   RO         2279    .text               c_w.l(rt_new_handler_addr_intlibspace.o)
    0x08000870   0x00000008   Code   RO         2284    .text               c_w.l(rt_errno_addr_intlibspace.o)
    0x08000878   0x00000004   Code   RO         2286    .text               c_w.l(hguard.o)
    0x0800087c   0x0000008a   Code   RO         2288    .text               c_w.l(init_alloc.o)
    0x08000906   0x0000005e   Code   RO         2294    .text               c_w.l(h1_alloc.o)
    0x08000964   0x0000008a   Code   RO         2308    .text               c_w.l(lludiv10.o)
    0x080009ee   0x00000002   PAD
    0x080009f0   0x00000080   Code   RO         2310    .text               c_w.l(_printf_fp_infnan.o)
    0x08000a70   0x000000d8   Code   RO         2314    .text               c_w.l(bigflt0.o)
    0x08000b48   0x00000004   Code   RO         2346    .text               cpprt_w.l(arm_newhandler_noexceptions.o)
    0x08000b4c   0x00000008   Code   RO         2468    .text               c_w.l(libspace.o)
    0x08000b54   0x0000004a   Code   RO         2471    .text               c_w.l(sys_stackheap_outer.o)
    0x08000b9e   0x0000000e   Code   RO         2475    .text               c_w.l(h1_init.o)
    0x08000bac   0x00000034   Code   RO         2477    .text               c_w.l(h1_extend.o)
    0x08000be0   0x0000000c   Code   RO         2483    .text               c_w.l(exit.o)
    0x08000bec   0x0000000e   Code   RO         2485    .text               c_w.l(defsig_rtmem_outer.o)
    0x08000bfa   0x00000002   PAD
    0x08000bfc   0x00000080   Code   RO         2489    .text               c_w.l(strcmpv7m.o)
    0x08000c7c   0x0000001a   Code   RO         2551    .text               cpprt_w.l(arm_exceptions_terminate.o)
    0x08000c96   0x00000010   Code   RO         2579    .text               c_w.l(abort.o)
    0x08000ca6   0x0000000a   Code   RO         2583    .text               c_w.l(defsig_exit.o)
    0x08000cb0   0x00000050   Code   RO         2585    .text               c_w.l(defsig_rtmem_inner.o)
    0x08000d00   0x00000050   Code   RO         2589    .text               cpprt_w.l(arm_exceptions_globs.o)
    0x08000d50   0x0000000c   Code   RO         2596    .text               c_w.l(sys_exit.o)
    0x08000d5c   0x00000002   Code   RO         2598    .text               c_w.l(use_no_semi.o)
    0x08000d5e   0x00000000   Code   RO         2600    .text               c_w.l(indicate_semi.o)
    0x08000d5e   0x00000002   PAD
    0x08000d60   0x00000008   Code   RO         2611    .text               c_w.l(rt_eh_globals_addr_intlibspace.o)
    0x08000d68   0x00000032   Code   RO         2619    .text               c_w.l(defsig_general.o)
    0x08000d9a   0x0000000e   Code   RO         2621    .text               c_w.l(defsig_abrt_outer.o)
    0x08000da8   0x0000003c   Code   RO         2644    .text               cpprt_w.l(arm_exceptions_mem.o)
    0x08000de4   0x0000000e   Code   RO         2647    .text               c_w.l(sys_wrch.o)
    0x08000df2   0x00000002   PAD
    0x08000df4   0x00000030   Code   RO         2649    .text               c_w.l(defsig_abrt_inner.o)
    0x08000e24   0x0000003e   Code   RO         2317    CL$$btod_d2e        c_w.l(btod.o)
    0x08000e62   0x00000046   Code   RO         2319    CL$$btod_d2e_denorm_low  c_w.l(btod.o)
    0x08000ea8   0x00000060   Code   RO         2318    CL$$btod_d2e_norm_op1  c_w.l(btod.o)
    0x08000f08   0x00000338   Code   RO         2327    CL$$btod_div_common  c_w.l(btod.o)
    0x08001240   0x000000c6   Code   RO         2324    CL$$btod_e2e        c_w.l(btod.o)
    0x08001306   0x00000028   Code   RO         2321    CL$$btod_ediv       c_w.l(btod.o)
    0x0800132e   0x00000028   Code   RO         2320    CL$$btod_emul       c_w.l(btod.o)
    0x08001356   0x00000244   Code   RO         2326    CL$$btod_mult_common  c_w.l(btod.o)
    0x0800159a   0x00000018   Code   RO         1662    i.AK8963_turn_off   mpu9250.o
    0x080015b2   0x00000018   Code   RO         1663    i.AK8963_turn_on    mpu9250.o
    0x080015ca   0x0000002e   Code   RO         1664    i.Check_Connection  mpu9250.o
    0x080015f8   0x00000116   Code   RO          302    i.GPIO_Init         stm32f10x_gpio.o
    0x0800170e   0x00000012   Code   RO          308    i.GPIO_ReadOutputDataBit  stm32f10x_gpio.o
    0x08001720   0x00000004   Code   RO          309    i.GPIO_ResetBits    stm32f10x_gpio.o
    0x08001724   0x00000004   Code   RO          310    i.GPIO_SetBits      stm32f10x_gpio.o
    0x08001728   0x000001b0   Code   RO         1665    i.Get_Accel         mpu9250.o
    0x080018d8   0x000001b0   Code   RO         1666    i.Get_Gyro          mpu9250.o
    0x08001a88   0x000000cc   Code   RO         1667    i.Get_Mag           mpu9250.o
    0x08001b54   0x00000018   Code   RO          494    i.I2C_AcknowledgeConfig  stm32f10x_i2c.o
    0x08001b6c   0x0000002a   Code   RO          496    i.I2C_CheckEvent    stm32f10x_i2c.o
    0x08001b96   0x00000018   Code   RO          499    i.I2C_Cmd           stm32f10x_i2c.o
    0x08001bae   0x00000018   Code   RO          506    i.I2C_GenerateSTART  stm32f10x_i2c.o
    0x08001bc6   0x00000018   Code   RO          507    i.I2C_GenerateSTOP  stm32f10x_i2c.o
    0x08001bde   0x0000003a   Code   RO          508    i.I2C_GetFlagStatus  stm32f10x_i2c.o
    0x08001c18   0x000000ec   Code   RO          513    i.I2C_Init          stm32f10x_i2c.o
    0x08001d04   0x00000008   Code   RO          518    i.I2C_ReceiveData   stm32f10x_i2c.o
    0x08001d0c   0x00000012   Code   RO          520    i.I2C_Send7bitAddress  stm32f10x_i2c.o
    0x08001d1e   0x00000004   Code   RO          521    i.I2C_SendData      stm32f10x_i2c.o
    0x08001d22   0x0000006e   Code   RO         1668    i.Initialize        mpu9250.o
    0x08001d90   0x00000028   Code   RO         1669    i.Initialize_AK8963  mpu9250.o
    0x08001db8   0x00000018   Code   RO         1845    i.MPU6050_GetDeviceID  mpu6050.o
    0x08001dd0   0x000003d0   Code   RO         1848    i.MPU6050_GetRawAccelGyro  mpu6050.o
    0x080021a0   0x000000e8   Code   RO         1850    i.MPU6050_I2C_BufferRead  mpu6050.o
    0x08002288   0x00000064   Code   RO         1851    i.MPU6050_I2C_ByteWrite  mpu6050.o
    0x080022ec   0x00000074   Code   RO         1852    i.MPU6050_I2C_Init  mpu6050.o
    0x08002360   0x0000001c   Code   RO         1853    i.MPU6050_Initialize  mpu6050.o
    0x0800237c   0x0000004e   Code   RO         1855    i.MPU6050_ReadBits  mpu6050.o
    0x080023ca   0x00000014   Code   RO         1856    i.MPU6050_SetClockSource  mpu6050.o
    0x080023de   0x00000014   Code   RO         1857    i.MPU6050_SetFullScaleAccelRange  mpu6050.o
    0x080023f2   0x00000014   Code   RO         1858    i.MPU6050_SetFullScaleGyroRange  mpu6050.o
    0x08002406   0x00000012   Code   RO         1859    i.MPU6050_SetSleepModeStatus  mpu6050.o
    0x08002418   0x00000012   Code   RO         1860    i.MPU6050_TestConnection  mpu6050.o
    0x0800242a   0x00000040   Code   RO         1861    i.MPU6050_WriteBit  mpu6050.o
    0x0800246a   0x00000058   Code   RO         1862    i.MPU6050_WriteBits  mpu6050.o
    0x080024c2   0x00000002   PAD
    0x080024c4   0x00000070   Code   RO         1077    i.NVIC_Init         misc.o
    0x08002534   0x00000014   Code   RO         1078    i.NVIC_PriorityGroupConfig  misc.o
    0x08002548   0x00000020   Code   RO          699    i.RCC_APB1PeriphClockCmd  stm32f10x_rcc.o
    0x08002568   0x00000020   Code   RO          701    i.RCC_APB2PeriphClockCmd  stm32f10x_rcc.o
    0x08002588   0x000000d4   Code   RO          709    i.RCC_GetClocksFreq  stm32f10x_rcc.o
    0x0800265c   0x000000e8   Code   RO         1672    i.Read_data_buffer  mpu9250.o
    0x08002744   0x00000008   Code   RO         1993    i.SetSysClock       system_stm32f10x.o
    0x0800274c   0x000000e0   Code   RO         1994    i.SetSysClockTo72   system_stm32f10x.o
    0x0800282c   0x00000018   Code   RO         1673    i.Set_Accel_Range   mpu9250.o
    0x08002844   0x00000032   Code   RO         1674    i.Set_Clock         mpu9250.o
    0x08002876   0x00000018   Code   RO         1675    i.Set_Gyro_Range    mpu9250.o
    0x0800288e   0x00000002   PAD
    0x08002890   0x00000060   Code   RO         1996    i.SystemInit        system_stm32f10x.o
    0x080028f0   0x00000038   Code   RO            1    i.TIM4_IRQHandler   main.o
    0x08002928   0x00000006   Code   RO         1124    i.TIM_ClearITPendingBit  stm32f10x_tim.o
    0x0800292e   0x00000018   Code   RO         1129    i.TIM_Cmd           stm32f10x_tim.o
    0x08002946   0x00000022   Code   RO         1150    i.TIM_GetITStatus   stm32f10x_tim.o
    0x08002968   0x00000012   Code   RO         1154    i.TIM_ITConfig      stm32f10x_tim.o
    0x0800297a   0x00000002   PAD
    0x0800297c   0x000000a4   Code   RO         1200    i.TIM_TimeBaseInit  stm32f10x_tim.o
    0x08002a20   0x00000012   Code   RO          897    i.USART_ClearFlag   stm32f10x_usart.o
    0x08002a32   0x00000018   Code   RO          901    i.USART_Cmd         stm32f10x_usart.o
    0x08002a4a   0x0000001a   Code   RO          904    i.USART_GetFlagStatus  stm32f10x_usart.o
    0x08002a64   0x0000004a   Code   RO          907    i.USART_ITConfig    stm32f10x_usart.o
    0x08002aae   0x00000002   PAD
    0x08002ab0   0x000000d8   Code   RO          908    i.USART_Init        stm32f10x_usart.o
    0x08002b88   0x00000008   Code   RO          918    i.USART_SendData    stm32f10x_usart.o
    0x08002b90   0x0000008c   Code   RO         1676    i.Write_Bytes       mpu9250.o
    0x08002c1c   0x0000002c   Code   RO            2    i._Z10led_togglev   main.o
    0x08002c48   0x00000220   Code   RO            3    i._Z11LowPass_MagP3Mag  main.o
    0x08002e68   0x00000024   Code   RO            4    i._Z11kalman_initP6kalmanfff  main.o
    0x08002e8c   0x00000220   Code   RO            5    i._Z12LowPass_GyroP4Gyro  main.o
    0x080030ac   0x00000030   Code   RO          254    i._Z12U_Print_CharP13USART_TypeDefPc  usart_print.o
    0x080030dc   0x00000220   Code   RO            6    i._Z13LowPass_AccelP5Accel  main.o
    0x080032fc   0x00000060   Code   RO          255    i._Z13U_Print_floatP13USART_TypeDeff  usart_print.o
    0x0800335c   0x000000c8   Code   RO            7    i._Z13kalman_updateP6kalmanf  main.o
    0x08003424   0x000000cc   Code   RO            8    i._Z14kalman_predictP6kalmanff  main.o
    0x080034f0   0x00000006   Code   RO           11    i._Z16kalman_get_angleP6kalman  main.o
    0x080034f6   0x0000002c   Code   RO           13    i._Z8Distanceff     main.o
    0x08003522   0x0000000c   Code   RO          112    i._ZSt4acosf        main.o
    0x0800352e   0x0000000c   Code   RO          106    i._ZSt4sqrtf        main.o
    0x0800353a   0x00000010   Code   RO          118    i._ZSt5atan2ff      main.o
    0x0800354a   0x00000008   Code   RO         2070    i._ZdlPv            cpprt_w.l(delete.o)
    0x08003552   0x00000008   Code   RO         2066    i._Znaj             cpprt_w.l(array_new.o)
    0x0800355a   0x00000002   PAD
    0x0800355c   0x00000028   Code   RO         2211    i._Znwj             cpprt_w.l(new.o)
    0x08003584   0x00000028   Code   RO         2466    i.__ARM_fpclassify  m_ws.l(fpclassify.o)
    0x080035ac   0x00000026   Code   RO         2245    i.__ARM_fpclassifyf  m_ws.l(fpclassifyf.o)
    0x080035d2   0x0000000a   Code   RO         2247    i.__mathlib_flt_underflow  m_ws.l(funder.o)
    0x080035dc   0x0000000e   Code   RO         2047    i._is_digit         c_w.l(__printf_wp.o)
    0x080035ea   0x00000002   PAD
    0x080035ec   0x00000120   Code   RO         2118    i.acosf             m_ws.l(acosf.o)
    0x0800370c   0x0000025c   Code   RO         2126    i.atan2f            m_ws.l(atan2f.o)
    0x08003968   0x0000000a   Code   RO         1678    i.delay             mpu9250.o
    0x08003972   0x00000002   PAD
    0x08003974   0x00000b8c   Code   RO           14    i.main              main.o
    0x08004500   0x0000002c   Code   RO         2134    i.sqrtf             m_ws.l(sqrtf.o)
    0x0800452c   0x0000002c   Code   RO         2340    locale$$code        c_w.l(lc_numeric_c.o)
    0x08004558   0x00000062   Code   RO         2073    x$fpl$d2f           fz_ws.l(d2f.o)
    0x080045ba   0x00000002   PAD
    0x080045bc   0x00000150   Code   RO         2075    x$fpl$dadd          fz_ws.l(daddsub_clz.o)
    0x0800470c   0x00000018   Code   RO         2228    x$fpl$dcmpinf       fz_ws.l(dcmpi.o)
    0x08004724   0x000002b0   Code   RO         2082    x$fpl$ddiv          fz_ws.l(ddiv.o)
    0x080049d4   0x00000078   Code   RO         2085    x$fpl$dleqf         fz_ws.l(dleqf.o)
    0x08004a4c   0x00000154   Code   RO         2087    x$fpl$dmul          fz_ws.l(dmul.o)
    0x08004ba0   0x0000009c   Code   RO         2230    x$fpl$dnaninf       fz_ws.l(dnaninf.o)
    0x08004c3c   0x0000000c   Code   RO         2232    x$fpl$dretinf       fz_ws.l(dretinf.o)
    0x08004c48   0x0000006c   Code   RO         2089    x$fpl$drleqf        fz_ws.l(drleqf.o)
    0x08004cb4   0x000001d4   Code   RO         2077    x$fpl$dsub          fz_ws.l(daddsub_clz.o)
    0x08004e88   0x00000056   Code   RO         2091    x$fpl$f2d           fz_ws.l(f2d.o)
    0x08004ede   0x00000002   PAD
    0x08004ee0   0x000000c4   Code   RO         2093    x$fpl$fadd          fz_ws.l(faddsub_clz.o)
    0x08004fa4   0x0000000c   Code   RO         2462    x$fpl$fcheck1       fz_ws.l(fcheck1.o)
    0x08004fb0   0x00000018   Code   RO         2234    x$fpl$fcmpinf       fz_ws.l(fcmpi.o)
    0x08004fc8   0x00000184   Code   RO         2100    x$fpl$fdiv          fz_ws.l(fdiv.o)
    0x0800514c   0x00000030   Code   RO         2104    x$fpl$fflt          fz_ws.l(fflt_clz.o)
    0x0800517c   0x00000068   Code   RO         2109    x$fpl$fleqf         fz_ws.l(fleqf.o)
    0x080051e4   0x00000102   Code   RO         2111    x$fpl$fmul          fz_ws.l(fmul.o)
    0x080052e6   0x0000008c   Code   RO         2236    x$fpl$fnaninf       fz_ws.l(fnaninf.o)
    0x08005372   0x0000000a   Code   RO         2238    x$fpl$fretinf       fz_ws.l(fretinf.o)
    0x0800537c   0x00000062   Code   RO         2113    x$fpl$frleqf        fz_ws.l(frleqf.o)
    0x080053de   0x00000014   Code   RO         2094    x$fpl$frsb          fz_ws.l(faddsub_clz.o)
    0x080053f2   0x00000002   PAD
    0x080053f4   0x00000110   Code   RO         2240    x$fpl$fsqrt         fz_ws.l(fsqrt.o)
    0x08005504   0x000000ea   Code   RO         2095    x$fpl$fsub          fz_ws.l(faddsub_clz.o)
    0x080055ee   0x00000004   Code   RO         2115    x$fpl$printf1       fz_ws.l(printf1.o)
    0x080055f2   0x00000064   Code   RO         2567    x$fpl$retnan        fz_ws.l(retnan.o)
    0x08005656   0x0000004c   Code   RO         2242    x$fpl$scalbnf       fz_ws.l(scalbnf.o)
    0x080056a2   0x00000030   Code   RO         2594    x$fpl$trapveneer    fz_ws.l(trapv.o)
    0x080056d2   0x00000000   Code   RO         2244    x$fpl$usenofp       fz_ws.l(usenofp.o)
    0x080056d2   0x00000011   Data   RO         2050    .constdata          c_w.l(__printf_flags_wp.o)
    0x080056e3   0x00000001   PAD
    0x080056e4   0x00000094   Data   RO         2315    .constdata          c_w.l(bigflt0.o)
    0x08005778   0x00000020   Data   RO         2670    Region$$Table       anon$$obj.o
    0x08005798   0x0000001c   Data   RO         2339    locale$$data        c_w.l(lc_numeric_c.o)


    Execution Region RW_IRAM1 (Base: 0x20000000, Size: 0x000006b0, Max: 0x00005000, ABSOLUTE)

    Base Addr    Size         Type   Attr      Idx    E Section Name        Object

    0x20000000   0x0000002c   Data   RW           29    .data               main.o
    0x2000002c   0x00000014   Data   RW          729    .data               stm32f10x_rcc.o
    0x20000040   0x00000008   Data   RW         1697    .data               mpu9250.o
    0x20000048   0x00000002   Data   RW         1881    .data               mpu6050.o
    0x2000004a   0x00000002   PAD
    0x2000004c   0x00000060   Zero   RW         2469    .bss                c_w.l(libspace.o)
    0x200000ac   0x00000004   PAD
    0x200000b0   0x00000200   Zero   RW         1987    HEAP                startup_stm32f10x_md.o
    0x200002b0   0x00000400   Zero   RW         1986    STACK               startup_stm32f10x_md.o


==============================================================================

Image component sizes


      Code (inc. data)   RO Data    RW Data    ZI Data      Debug   Object Name

         0          0          0          0          0       4304   core_cm3.o
      5218        494          0         44          0     262368   main.o
       132         22          0          0          0       1595   misc.o
      1802         94          0          2          0       9239   mpu6050.o
      1792         72          0          8          0       8852   mpu9250.o
        64         26        236          0       1536        832   startup_stm32f10x_md.o
       304          0          0          0          0     258973   stm32f10x_gpio.o
       462         14          0          0          0       7832   stm32f10x_i2c.o
       276         32          0         20          0       4510   stm32f10x_rcc.o
       246         42          0          0          0       3646   stm32f10x_tim.o
       366          6          0          0          0       5499   stm32f10x_usart.o
       328         28          0          0          0       2013   system_stm32f10x.o
       144          8          0          0          0       1559   usart_print.o

    ----------------------------------------------------------------------
     11144        838        268         76       1536     571222   Object Totals
         0          0         32          0          0          0   (incl. Generated)
        10          0          0          2          0          0   (incl. Padding)

    ----------------------------------------------------------------------

      Code (inc. data)   RO Data    RW Data    ZI Data      Debug   Library Member Name

        44          6          0          0          0         84   __2sprintf.o
         8          0          0          0          0         68   __main.o
       312          4         17          0          0         92   __printf_flags_wp.o
        14          0          0          0          0         68   __printf_wp.o
        52          8          0          0          0          0   __scatter.o
        26          0          0          0          0          0   __scatter_copy.o
        28          0          0          0          0          0   __scatter_zi.o
        48          6          0          0          0         96   _printf_char_common.o
         6          0          0          0          0          0   _printf_f.o
      1046          0          0          0          0        216   _printf_fp_dec.o
       128         16          0          0          0         84   _printf_fp_infnan.o
         0          0          0          0          0          0   _printf_percent.o
         4          0          0          0          0          0   _printf_percent_end.o
        22          0          0          0          0        100   _rserrno.o
        10          0          0          0          0         68   _sputc.o
        16          0          0          0          0         72   abort.o
       216          4        148          0          0         96   bigflt0.o
      1910        128          0          0          0        672   btod.o
        48         34          0          0          0         76   defsig_abrt_inner.o
        14          0          0          0          0         80   defsig_abrt_outer.o
        10          0          0          0          0         68   defsig_exit.o
        50          0          0          0          0         88   defsig_general.o
        80         58          0          0          0         76   defsig_rtmem_inner.o
        14          0          0          0          0         80   defsig_rtmem_outer.o
        12          0          0          0          0         72   exit.o
        94          0          0          0          0         80   h1_alloc.o
        52          0          0          0          0         68   h1_extend.o
        78          0          0          0          0         80   h1_free.o
        14          0          0          0          0         84   h1_init.o
         6          0          0          0          0        152   heapauxi.o
         4          0          0          0          0        136   hguard.o
         0          0          0          0          0          0   indicate_semi.o
       138          0          0          0          0        168   init_alloc.o
        44         10         28          0          0         76   lc_numeric_c.o
         2          0          0          0          0          0   libinit.o
        26          0          0          0          0          0   libinit2.o
         2          0          0          0          0          0   libshutdown.o
         2          0          0          0          0          0   libshutdown2.o
         8          4          0          0         96         68   libspace.o
       138          0          0          0          0         80   lludiv10.o
         0          0          0          0          0          0   maybetermalloc1.o
         8          4          0          0          0         68   rt_eh_globals_addr_intlibspace.o
         8          4          0          0          0         68   rt_errno_addr_intlibspace.o
         8          4          0          0          0         68   rt_heap_descriptor_intlibspace.o
         8          4          0          0          0         68   rt_locale_intlibspace.o
        78          0          0          0          0         80   rt_memclr_w.o
         8          4          0          0          0         68   rt_new_handler_addr_intlibspace.o
         0          0          0          0          0          0   rtentry.o
        12          0          0          0          0          0   rtentry2.o
         6          0          0          0          0          0   rtentry4.o
         2          0          0          0          0          0   rtexit.o
        10          0          0          0          0          0   rtexit2.o
       128          0          0          0          0         68   strcmpv7m.o
        12          4          0          0          0         68   sys_exit.o
        74          0          0          0          0         80   sys_stackheap_outer.o
        14          0          0          0          0         76   sys_wrch.o
         2          0          0          0          0         68   use_no_semi.o
        80         12          0          0          0        104   arm_exceptions_globs.o
        60          0          0          0          0        108   arm_exceptions_mem.o
        26          0          0          0          0         76   arm_exceptions_terminate.o
         4          0          0          0          0         68   arm_newhandler_noexceptions.o
         8          0          0          0          0         76   array_new.o
         8          0          0          0          0         76   delete.o
        40          6          0          0          0         76   new.o
        98          4          0          0          0         92   d2f.o
       804         16          0          0          0        272   daddsub_clz.o
        24          0          0          0          0         68   dcmpi.o
       688        140          0          0          0        208   ddiv.o
       120          4          0          0          0         92   dleqf.o
       340         12          0          0          0        104   dmul.o
       156          4          0          0          0         92   dnaninf.o
        12          0          0          0          0         68   dretinf.o
       108          0          0          0          0         80   drleqf.o
        86          4          0          0          0         84   f2d.o
       450          8          0          0          0        236   faddsub_clz.o
        12          4          0          0          0         68   fcheck1.o
        24          0          0          0          0         68   fcmpi.o
       388         76          0          0          0         96   fdiv.o
        48          0          0          0          0         68   fflt_clz.o
       104          4          0          0          0         84   fleqf.o
       258          4          0          0          0         84   fmul.o
       140          4          0          0          0         84   fnaninf.o
        10          0          0          0          0         68   fretinf.o
        98          0          0          0          0         68   frleqf.o
       272        100          0          0          0         88   fsqrt.o
         4          0          0          0          0         68   printf1.o
       100          0          0          0          0         68   retnan.o
        76          0          0          0          0         68   scalbnf.o
        48          0          0          0          0         68   trapv.o
         0          0          0          0          0          0   usenofp.o
       288         40          0          0          0        120   acosf.o
       604         76          0          0          0        116   atan2f.o
        40          0          0          0          0         68   fpclassify.o
        38          0          0          0          0         68   fpclassifyf.o
        10          0          0          0          0         68   funder.o
        44          0          0          0          0         80   sqrtf.o

    ----------------------------------------------------------------------
     10846        820        194          0        100       7576   Library Totals
        24          0          1          0          4          0   (incl. Padding)

    ----------------------------------------------------------------------

      Code (inc. data)   RO Data    RW Data    ZI Data      Debug   Library Name

      5104        302        193          0         96       4028   c_w.l
       226         18          0          0          0        584   cpprt_w.l
      4468        384          0          0          0       2444   fz_ws.l
      1024        116          0          0          0        520   m_ws.l

    ----------------------------------------------------------------------
     10846        820        194          0        100       7576   Library Totals

    ----------------------------------------------------------------------

==============================================================================


      Code (inc. data)   RO Data    RW Data    ZI Data      Debug   

     21990       1658        462         76       1636     570474   Grand Totals
     21990       1658        462         76       1636     570474   ELF Image Totals
     21990       1658        462         76          0          0   ROM Totals

==============================================================================

    Total RO  Size (Code + RO Data)                22452 (  21.93kB)
    Total RW  Size (RW Data + ZI Data)              1712 (   1.67kB)
    Total ROM Size (Code + RO Data + RW Data)      22528 (  22.00kB)

==============================================================================

